Archive member included to satisfy reference by file (symbol)

lib/liblvgl.a(lv_disp.c.obj)  CMakeFiles/firsth7.dir/ui/ui.c.obj (lv_disp_get_scr_act)
lib/liblvgl.a(lv_event.c.obj)
                              lib/liblvgl.a(lv_disp.c.obj) (lv_event_send)
lib/liblvgl.a(lv_indev.c.obj)
                              lib/liblvgl.a(lv_event.c.obj) (lv_indev_get_act)
lib/liblvgl.a(lv_indev_scroll.c.obj)
                              lib/liblvgl.a(lv_indev.c.obj) (_lv_indev_scroll_handler)
lib/liblvgl.a(lv_obj.c.obj)   CMakeFiles/firsth7.dir/Core/Src/main.c.obj (lv_init)
lib/liblvgl.a(lv_obj_class.c.obj)
                              lib/liblvgl.a(lv_obj.c.obj) (lv_obj_class_create_obj)
lib/liblvgl.a(lv_obj_draw.c.obj)
                              lib/liblvgl.a(lv_obj.c.obj) (lv_obj_init_draw_rect_dsc)
lib/liblvgl.a(lv_obj_pos.c.obj)
                              lib/liblvgl.a(lv_disp.c.obj) (lv_obj_set_x)
lib/liblvgl.a(lv_obj_scroll.c.obj)
                              lib/liblvgl.a(lv_obj.c.obj) (lv_obj_get_scrollbar_mode)
lib/liblvgl.a(lv_obj_style.c.obj)
                              lib/liblvgl.a(lv_obj.c.obj) (_lv_obj_style_init)
lib/liblvgl.a(lv_obj_style_gen.c.obj)
                              lib/liblvgl.a(lv_obj_pos.c.obj) (lv_obj_set_style_width)
lib/liblvgl.a(lv_obj_tree.c.obj)
                              lib/liblvgl.a(lv_obj_pos.c.obj) (lv_obj_get_screen)
lib/liblvgl.a(lv_refr.c.obj)  lib/liblvgl.a(lv_obj.c.obj) (_lv_refr_init)
lib/liblvgl.a(lv_theme.c.obj)
                              lib/liblvgl.a(lv_disp.c.obj) (lv_theme_apply)
lib/liblvgl.a(lv_draw.c.obj)  lib/liblvgl.a(lv_obj.c.obj) (lv_draw_init)
lib/liblvgl.a(lv_draw_img.c.obj)
                              lib/liblvgl.a(lv_refr.c.obj) (lv_draw_img_dsc_init)
lib/liblvgl.a(lv_draw_label.c.obj)
                              lib/liblvgl.a(lv_draw_img.c.obj) (lv_draw_label_dsc_init)
lib/liblvgl.a(lv_draw_layer.c.obj)
                              lib/liblvgl.a(lv_refr.c.obj) (lv_draw_layer_create)
lib/liblvgl.a(lv_draw_line.c.obj)
                              lib/liblvgl.a(lv_draw_label.c.obj) (lv_draw_line_dsc_init)
lib/liblvgl.a(lv_draw_rect.c.obj)
                              lib/liblvgl.a(lv_obj.c.obj) (lv_draw_rect_dsc_init)
lib/liblvgl.a(lv_img_buf.c.obj)
                              lib/liblvgl.a(lv_draw_img.c.obj) (_lv_img_buf_get_transformed_area)
lib/liblvgl.a(lv_img_cache.c.obj)
                              lib/liblvgl.a(lv_draw_img.c.obj) (_lv_img_cache_open)
lib/liblvgl.a(lv_img_decoder.c.obj)
                              lib/liblvgl.a(lv_refr.c.obj) (lv_img_decoder_get_info)
lib/liblvgl.a(lv_extra.c.obj)
                              lib/liblvgl.a(lv_obj.c.obj) (lv_extra_init)
lib/liblvgl.a(lv_font.c.obj)  lib/liblvgl.a(lv_draw_label.c.obj) (lv_font_get_glyph_width)
lib/liblvgl.a(lv_font_fmt_txt.c.obj)
                              lib/liblvgl.a(lv_refr.c.obj) (_lv_font_clean_up_fmt_txt)
lib/liblvgl.a(lv_font_montserrat_14.c.obj)
                              CMakeFiles/firsth7.dir/ui/ui.c.obj (lv_font_montserrat_14)
lib/liblvgl.a(lv_hal_disp.c.obj)
                              CMakeFiles/firsth7.dir/BSP/LCD_ST7789/lv_port_disp.c.obj (lv_disp_drv_init)
lib/liblvgl.a(lv_hal_indev.c.obj)
                              CMakeFiles/firsth7.dir/BSP/LCD_ST7789/lv_port_indev.c.obj (lv_indev_drv_init)
lib/liblvgl.a(lv_hal_tick.c.obj)
                              lib/liblvgl.a(lv_disp.c.obj) (lv_tick_get)
lib/liblvgl.a(lv_anim.c.obj)  lib/liblvgl.a(lv_obj.c.obj) (_lv_anim_core_init)
lib/liblvgl.a(lv_area.c.obj)  lib/liblvgl.a(lv_disp.c.obj) (lv_area_set)
lib/liblvgl.a(lv_async.c.obj)
                              lib/liblvgl.a(lv_obj_tree.c.obj) (lv_async_call)
lib/liblvgl.a(lv_color.c.obj)
                              lib/liblvgl.a(lv_theme.c.obj) (lv_palette_main)
lib/liblvgl.a(lv_fs.c.obj)    lib/liblvgl.a(lv_obj.c.obj) (_lv_fs_init)
lib/liblvgl.a(lv_gc.c.obj)    lib/liblvgl.a(lv_obj.c.obj) (_lv_gc_clear_roots)
lib/liblvgl.a(lv_ll.c.obj)    lib/liblvgl.a(lv_obj.c.obj) (_lv_ll_init)
lib/liblvgl.a(lv_math.c.obj)  lib/liblvgl.a(lv_area.c.obj) (lv_trigo_sin)
lib/liblvgl.a(lv_mem.c.obj)   lib/liblvgl.a(lv_obj.c.obj) (lv_mem_init)
lib/liblvgl.a(lv_style.c.obj)
                              lib/liblvgl.a(lv_obj_style.c.obj) (lv_style_init)
lib/liblvgl.a(lv_timer.c.obj)
                              lib/liblvgl.a(lv_obj.c.obj) (_lv_timer_core_init)
lib/liblvgl.a(lv_tlsf.c.obj)  lib/liblvgl.a(lv_mem.c.obj) (lv_tlsf_check)
lib/liblvgl.a(lv_txt.c.obj)   lib/liblvgl.a(lv_draw_label.c.obj) (_lv_txt_get_next_line)
lib/liblvgl.a(lv_utils.c.obj)
                              lib/liblvgl.a(lv_font_fmt_txt.c.obj) (_lv_utils_bsearch)
lib/liblvgl.a(lv_btn.c.obj)   CMakeFiles/firsth7.dir/ui/ui.c.obj (lv_btn_create)
lib/liblvgl.a(lv_label.c.obj)
                              CMakeFiles/firsth7.dir/ui/ui.c.obj (lv_label_create)
lib/liblvgl.a(lv_slider.c.obj)
                              CMakeFiles/firsth7.dir/ui/ui.c.obj (lv_slider_create)
[...]
Memory Configuration

Name             Origin             Length             Attributes
DTCMRAM          0x20000000         0x00020000         xrw
RAM              0x24000000         0x00080000         xrw
RAM_D2           0x30000000         0x00048000         xrw
RAM_D3           0x38000000         0x00010000         xrw
ITCMRAM          0x00000000         0x00010000         xrw
FLASH            0x08000000         0x00020000         xr
*default*        0x00000000         0xffffffff

Linker script and memory map

LOAD /usr/lib/gcc/arm-none-eabi/13.2.1/thumb/v7e-m+dp/hard/crti.o
LOAD /usr/lib/gcc/arm-none-eabi/13.2.1/thumb/v7e-m+dp/hard/crtbegin.o
LOAD /usr/lib/gcc/arm-none-eabi/13.2.1/../../../arm-none-eabi/lib/thumb/v7e-m+dp/hard/crt0.o
LOAD cmake/stm32cubemx/CMakeFiles/STM32_Drivers.dir/__/__/Core/Src/system_stm32h7xx.c.obj
LOAD cmake/stm32cubemx/CMakeFiles/STM32_Drivers.dir/__/__/Drivers/STM32H7xx_HAL_Driver/Src/stm32h7xx_hal_cortex.c.obj
LOAD cmake/stm32cubemx/CMakeFiles/STM32_Drivers.dir/__/__/Drivers/STM32H7xx_HAL_Driver/Src/stm32h7xx_hal_rcc.c.obj
LOAD cmake/stm32cubemx/CMakeFiles/STM32_Drivers.dir/__/__/Drivers/STM32H7xx_HAL_Driver/Src/stm32h7xx_hal_rcc_ex.c.obj
LOAD cmake/stm32cubemx/CMakeFiles/STM32_Drivers.dir/__/__/Drivers/STM32H7xx_HAL_Driver/Src/stm32h7xx_hal_flash.c.obj
LOAD cmake/stm32cubemx/CMakeFiles/STM32_Drivers.dir/__/__/Drivers/STM32H7xx_HAL_Driver/Src/stm32h7xx_hal_flash_ex.c.obj
LOAD cmake/stm32cubemx/CMakeFiles/STM32_Drivers.dir/__/__/Drivers/STM32H7xx_HAL_Driver/Src/stm32h7xx_hal_gpio.c.obj
LOAD cmake/stm32cubemx/CMakeFiles/STM32_Drivers.dir/__/__/Drivers/STM32H7xx_HAL_Driver/Src/stm32h7xx_hal_hsem.c.obj
LOAD cmake/stm32cubemx/CMakeFiles/STM32_Drivers.dir/__/__/Drivers/STM32H7xx_HAL_Driver/Src/stm32h7xx_hal_dma.c.obj
LOAD cmake/stm32cubemx/CMakeFiles/STM32_Drivers.dir/__/__/Drivers/STM32H7xx_HAL_Driver/Src/stm32h7xx_hal_dma_ex.c.obj
LOAD cmake/stm32cubemx/CMakeFiles/STM32_Drivers.dir/__/__/Drivers/STM32H7xx_HAL_Driver/Src/stm32h7xx_hal_mdma.c.obj
LOAD cmake/stm32cubemx/CMakeFiles/STM32_Drivers.dir/__/__/Drivers/STM32H7xx_HAL_Driver/Src/stm32h7xx_hal_pwr.c.obj
LOAD cmake/stm32cubemx/CMakeFiles/STM32_Drivers.dir/__/__/Drivers/STM32H7xx_HAL_Driver/Src/stm32h7xx_hal_pwr_ex.c.obj
LOAD cmake/stm32cubemx/CMakeFiles/STM32_Drivers.dir/__/__/Drivers/STM32H7xx_HAL_Driver/Src/stm32h7xx_hal.c.obj
LOAD cmake/stm32cubemx/CMakeFiles/STM32_Drivers.dir/__/__/Drivers/STM32H7xx_HAL_Driver/Src/stm32h7xx_hal_i2c.c.obj
LOAD cmake/stm32cubemx/CMakeFiles/STM32_Drivers.dir/__/__/Drivers/STM32H7xx_HAL_Driver/Src/stm32h7xx_hal_i2c_ex.c.obj
LOAD cmake/stm32cubemx/CMakeFiles/STM32_Drivers.dir/__/__/Drivers/STM32H7xx_HAL_Driver/Src/stm32h7xx_hal_spi.c.obj
LOAD cmake/stm32cubemx/CMakeFiles/STM32_Drivers.dir/__/__/Drivers/STM32H7xx_HAL_Driver/Src/stm32h7xx_hal_spi_ex.c.obj
LOAD cmake/stm32cubemx/CMakeFiles/STM32_Drivers.dir/__/__/Drivers/STM32H7xx_HAL_Driver/Src/stm32h7xx_hal_exti.c.obj
LOAD cmake/stm32cubemx/CMakeFiles/STM32_Drivers.dir/__/__/Drivers/STM32H7xx_HAL_Driver/Src/stm32h7xx_hal_tim.c.obj
LOAD cmake/stm32cubemx/CMakeFiles/STM32_Drivers.dir/__/__/Drivers/STM32H7xx_HAL_Driver/Src/stm32h7xx_hal_tim_ex.c.obj
LOAD CMakeFiles/firsth7.dir/Core/Src/main.c.obj
LOAD CMakeFiles/firsth7.dir/Core/Src/gpio.c.obj
LOAD CMakeFiles/firsth7.dir/Core/Src/i2c.c.obj
LOAD CMakeFiles/firsth7.dir/Core/Src/spi.c.obj
LOAD CMakeFiles/firsth7.dir/Core/Src/stm32h7xx_it.c.obj
LOAD CMakeFiles/firsth7.dir/Core/Src/stm32h7xx_hal_msp.c.obj
LOAD CMakeFiles/firsth7.dir/Core/Src/sysmem.c.obj
LOAD CMakeFiles/firsth7.dir/Core/Src/syscalls.c.obj
LOAD CMakeFiles/firsth7.dir/ui/ui.c.obj
LOAD CMakeFiles/firsth7.dir/BSP/LCD_ST7789/ft6336.c.obj
LOAD CMakeFiles/firsth7.dir/BSP/LCD_ST7789/lcd_core.c.obj
LOAD CMakeFiles/firsth7.dir/BSP/LCD_ST7789/lcd_font.c.obj
LOAD CMakeFiles/firsth7.dir/BSP/LCD_ST7789/lcd_port.c.obj
LOAD CMakeFiles/firsth7.dir/BSP/LCD_ST7789/lv_port_disp.c.obj
LOAD CMakeFiles/firsth7.dir/BSP/LCD_ST7789/lv_port_indev.c.obj
LOAD CMakeFiles/firsth7.dir/startup_stm32h750xx.s.obj
LOAD /usr/lib/gcc/arm-none-eabi/13.2.1/../../../arm-none-eabi/lib/thumb/v7e-m+dp/hard/libm.a
LOAD lib/liblvgl.a
START GROUP
LOAD /usr/lib/gcc/arm-none-eabi/13.2.1/thumb/v7e-m+dp/hard/libgcc.a
LOAD /usr/lib/gcc/arm-none-eabi/13.2.1/../../../arm-none-eabi/lib/thumb/v7e-m+dp/hard/libg_nano.a
LOAD /usr/lib/gcc/arm-none-eabi/13.2.1/../../../arm-none-eabi/lib/thumb/v7e-m+dp/hard/libc_nano.a
END GROUP
START GROUP
LOAD /usr/lib/gcc/arm-none-eabi/13.2.1/thumb/v7e-m+dp/hard/libgcc.a
LOAD /usr/lib/gcc/arm-none-eabi/13.2.1/../../../arm-none-eabi/lib/thumb/v7e-m+dp/hard/libc_nano.a
END GROUP
LOAD /usr/lib/gcc/arm-none-eabi/13.2.1/thumb/v7e-m+dp/hard/crtend.o
LOAD /usr/lib/gcc/arm-none-eabi/13.2.1/thumb/v7e-m+dp/hard/crtn.o
                0x20020000                        _estack = (ORIGIN (DTCMRAM) + LENGTH (DTCMRAM))
                0x00000200                        _Min_Heap_Size = 0x200
                0x00000400                        _Min_Stack_Size = 0x400

.isr_vector     0x08000000      0x298
                0x08000000                        . = ALIGN (0x4)
 *(.isr_vector)
 .isr_vector    0x08000000      0x298 CMakeFiles/firsth7.dir/startup_stm32h750xx.s.obj
                0x08000000                g_pfnVectors
                0x08000298                        . = ALIGN (0x4)

.text           0x080002c0    0x142d0
                0x080002c0                        . = ALIGN (0x4)
 *(.text)
 .text          0x080002c0       0x88 /usr/lib/gcc/arm-none-eabi/13.2.1/thumb/v7e-m+dp/hard/crtbegin.o
 .text          0x08000348       0x30 /usr/lib/gcc/arm-none-eabi/13.2.1/thumb/v7e-m+dp/hard/libgcc.a(_aeabi_uldivmod.o)
                0x08000348                __aeabi_uldivmod
 .text          0x08000378      0x2bc /usr/lib/gcc/arm-none-eabi/13.2.1/thumb/v7e-m+dp/hard/libgcc.a(_udivmoddi4.o)
                0x08000378                __udivmoddi4
 .text          0x08000634        0x4 /usr/lib/gcc/arm-none-eabi/13.2.1/thumb/v7e-m+dp/hard/libgcc.a(_dvmd_tls.o)
                0x08000634                __aeabi_ldiv0
                0x08000634                __aeabi_idiv0
 .text          0x08000638       0xbc /usr/lib/gcc/arm-none-eabi/13.2.1/../../../arm-none-eabi/lib/thumb/v7e-m+dp/hard/libg_nano.a(libc_a-strcpy.o)
                0x08000638                strcpy
 .text          0x080006f4       0x50 /usr/lib/gcc/arm-none-eabi/13.2.1/../../../arm-none-eabi/lib/thumb/v7e-m+dp/hard/libg_nano.a(libc_a-init.o)
                0x080006f4                __libc_init_array
 *fill*         0x08000744       0x3c 
 .text          0x08000780       0xd8 /usr/lib/gcc/arm-none-eabi/13.2.1/../../../arm-none-eabi/lib/thumb/v7e-m+dp/hard/libg_nano.a(libc_a-strlen.o)
                0x08000780                strlen
 .text          0x08000858       0xa4 /usr/lib/gcc/arm-none-eabi/13.2.1/../../../arm-none-eabi/lib/thumb/v7e-m+dp/hard/libg_nano.a(libc_a-memset.o)
                0x08000858                memset
 .text          0x080008fc      0x100 /usr/lib/gcc/arm-none-eabi/13.2.1/../../../arm-none-eabi/lib/thumb/v7e-m+dp/hard/libg_nano.a(libc_a-memmove.o)
                0x080008fc                memmove
 .text          0x080009fc      0x134 /usr/lib/gcc/arm-none-eabi/13.2.1/../../../arm-none-eabi/lib/thumb/v7e-m+dp/hard/libg_nano.a(libc_a-memcpy.o)
                0x080009fc                memcpy
 *fill*         0x08000b30       0x10 
 .text          0x08000b40      0x2e0 /usr/lib/gcc/arm-none-eabi/13.2.1/../../../arm-none-eabi/lib/thumb/v7e-m+dp/hard/libg_nano.a(libc_a-strcmp.o)
                0x08000b40                strcmp
 *(.text*)
 .text.SystemInit
                0x08000e20       0xe4 cmake/stm32cubemx/CMakeFiles/STM32_Drivers.dir/__/__/Core/Src/system_stm32h7xx.c.obj
                0x08000e20                SystemInit
 .text.ExitRun0Mode
                0x08000f04       0x18 cmake/stm32cubemx/CMakeFiles/STM32_Drivers.dir/__/__/Core/Src/system_stm32h7xx.c.obj
                0x08000f04                ExitRun0Mode
 .text.HAL_NVIC_SetPriorityGrouping
                0x08000f1c       0x24 cmake/stm32cubemx/CMakeFiles/STM32_Drivers.dir/__/__/Drivers/STM32H7xx_HAL_Driver/Src/stm32h7xx_hal_cortex.c.obj
                0x08000f1c                HAL_NVIC_SetPriorityGrouping
 .text.HAL_NVIC_SetPriority
                0x08000f40       0x64 cmake/stm32cubemx/CMakeFiles/STM32_Drivers.dir/__/__/Drivers/STM32H7xx_HAL_Driver/Src/stm32h7xx_hal_cortex.c.obj
                0x08000f40                HAL_NVIC_SetPriority
 .text.HAL_SYSTICK_Config
                0x08000fa4       0x28 cmake/stm32cubemx/CMakeFiles/STM32_Drivers.dir/__/__/Drivers/STM32H7xx_HAL_Driver/Src/stm32h7xx_hal_cortex.c.obj
                0x08000fa4                HAL_SYSTICK_Config
 .text.HAL_RCC_OscConfig
                0x08000fcc      0x550 cmake/stm32cubemx/CMakeFiles/STM32_Drivers.dir/__/__/Drivers/STM32H7xx_HAL_Driver/Src/stm32h7xx_hal_rcc.c.obj
                0x08000fcc                HAL_RCC_OscConfig
 .text.HAL_RCC_GetSysClockFreq
                0x0800151c      0x144 cmake/stm32cubemx/CMakeFiles/STM32_Drivers.dir/__/__/Drivers/STM32H7xx_HAL_Driver/Src/stm32h7xx_hal_rcc.c.obj
                0x0800151c                HAL_RCC_GetSysClockFreq
 .text.HAL_RCC_ClockConfig
                0x08001660      0x24c cmake/stm32cubemx/CMakeFiles/STM32_Drivers.dir/__/__/Drivers/STM32H7xx_HAL_Driver/Src/stm32h7xx_hal_rcc.c.obj
                0x08001660                HAL_RCC_ClockConfig
 .text.RCCEx_PLL2_Config
                0x080018ac       0xec cmake/stm32cubemx/CMakeFiles/STM32_Drivers.dir/__/__/Drivers/STM32H7xx_HAL_Driver/Src/stm32h7xx_hal_rcc_ex.c.obj
 .text.RCCEx_PLL3_Config
                0x08001998       0xec cmake/stm32cubemx/CMakeFiles/STM32_Drivers.dir/__/__/Drivers/STM32H7xx_HAL_Driver/Src/stm32h7xx_hal_rcc_ex.c.obj
 .text.HAL_RCCEx_PeriphCLKConfig
                0x08001a84      0x9cc cmake/stm32cubemx/CMakeFiles/STM32_Drivers.dir/__/__/Drivers/STM32H7xx_HAL_Driver/Src/stm32h7xx_hal_rcc_ex.c.obj
                0x08001a84                HAL_RCCEx_PeriphCLKConfig
 .text.HAL_GPIO_Init
                0x08002450      0x1d0 cmake/stm32cubemx/CMakeFiles/STM32_Drivers.dir/__/__/Drivers/STM32H7xx_HAL_Driver/Src/stm32h7xx_hal_gpio.c.obj
                0x08002450                HAL_GPIO_Init
 .text.HAL_GPIO_WritePin
                0x08002620        0xa cmake/stm32cubemx/CMakeFiles/STM32_Drivers.dir/__/__/Drivers/STM32H7xx_HAL_Driver/Src/stm32h7xx_hal_gpio.c.obj
                0x08002620                HAL_GPIO_WritePin
 *fill*         0x0800262a        0x2 
 .text.HAL_PWREx_ConfigSupply
                0x0800262c       0x48 cmake/stm32cubemx/CMakeFiles/STM32_Drivers.dir/__/__/Drivers/STM32H7xx_HAL_Driver/Src/stm32h7xx_hal_pwr_ex.c.obj
                0x0800262c                HAL_PWREx_ConfigSupply
 .text.HAL_InitTick
                0x08002674       0x4c cmake/stm32cubemx/CMakeFiles/STM32_Drivers.dir/__/__/Drivers/STM32H7xx_HAL_Driver/Src/stm32h7xx_hal.c.obj
                0x08002674                HAL_InitTick
 .text.HAL_Init
                0x080026c0       0x5c cmake/stm32cubemx/CMakeFiles/STM32_Drivers.dir/__/__/Drivers/STM32H7xx_HAL_Driver/Src/stm32h7xx_hal.c.obj
                0x080026c0                HAL_Init
 .text.HAL_IncTick
                0x0800271c       0x18 cmake/stm32cubemx/CMakeFiles/STM32_Drivers.dir/__/__/Drivers/STM32H7xx_HAL_Driver/Src/stm32h7xx_hal.c.obj
                0x0800271c                HAL_IncTick
 .text.HAL_GetTick
                0x08002734        0xc cmake/stm32cubemx/CMakeFiles/STM32_Drivers.dir/__/__/Drivers/STM32H7xx_HAL_Driver/Src/stm32h7xx_hal.c.obj
                0x08002734                HAL_GetTick
 .text.HAL_Delay
                0x08002740       0x24 cmake/stm32cubemx/CMakeFiles/STM32_Drivers.dir/__/__/Drivers/STM32H7xx_HAL_Driver/Src/stm32h7xx_hal.c.obj
                0x08002740                HAL_Delay
 .text.HAL_GetREVID
                0x08002764        0xc cmake/stm32cubemx/CMakeFiles/STM32_Drivers.dir/__/__/Drivers/STM32H7xx_HAL_Driver/Src/stm32h7xx_hal.c.obj
                0x08002764                HAL_GetREVID
 .text.HAL_SYSCFG_AnalogSwitchConfig
                0x08002770       0x14 cmake/stm32cubemx/CMakeFiles/STM32_Drivers.dir/__/__/Drivers/STM32H7xx_HAL_Driver/Src/stm32h7xx_hal.c.obj
                0x08002770                HAL_SYSCFG_AnalogSwitchConfig
 .text.I2C_Flush_TXDR
                0x08002784       0x1c cmake/stm32cubemx/CMakeFiles/STM32_Drivers.dir/__/__/Drivers/STM32H7xx_HAL_Driver/Src/stm32h7xx_hal_i2c.c.obj
 .text.I2C_TransferConfig
                0x080027a0       0x2c cmake/stm32cubemx/CMakeFiles/STM32_Drivers.dir/__/__/Drivers/STM32H7xx_HAL_Driver/Src/stm32h7xx_hal_i2c.c.obj
 .text.I2C_IsErrorOccurred
                0x080027cc      0x100 cmake/stm32cubemx/CMakeFiles/STM32_Drivers.dir/__/__/Drivers/STM32H7xx_HAL_Driver/Src/stm32h7xx_hal_i2c.c.obj
 .text.I2C_WaitOnTXISFlagUntilTimeout
                0x080028cc       0x56 cmake/stm32cubemx/CMakeFiles/STM32_Drivers.dir/__/__/Drivers/STM32H7xx_HAL_Driver/Src/stm32h7xx_hal_i2c.c.obj
 .text.I2C_WaitOnFlagUntilTimeout
                0x08002922       0x76 cmake/stm32cubemx/CMakeFiles/STM32_Drivers.dir/__/__/Drivers/STM32H7xx_HAL_Driver/Src/stm32h7xx_hal_i2c.c.obj
 .text.I2C_WaitOnSTOPFlagUntilTimeout
                0x08002998       0x52 cmake/stm32cubemx/CMakeFiles/STM32_Drivers.dir/__/__/Drivers/STM32H7xx_HAL_Driver/Src/stm32h7xx_hal_i2c.c.obj
 *fill*         0x080029ea        0x2 
 .text.I2C_WaitOnRXNEFlagUntilTimeout
                0x080029ec       0xa4 cmake/stm32cubemx/CMakeFiles/STM32_Drivers.dir/__/__/Drivers/STM32H7xx_HAL_Driver/Src/stm32h7xx_hal_i2c.c.obj
 .text.HAL_I2C_Init
                0x08002a90       0xaa cmake/stm32cubemx/CMakeFiles/STM32_Drivers.dir/__/__/Drivers/STM32H7xx_HAL_Driver/Src/stm32h7xx_hal_i2c.c.obj
                0x08002a90                HAL_I2C_Init
 *fill*         0x08002b3a        0x2 
 .text.HAL_I2C_Master_Transmit
                0x08002b3c      0x158 cmake/stm32cubemx/CMakeFiles/STM32_Drivers.dir/__/__/Drivers/STM32H7xx_HAL_Driver/Src/stm32h7xx_hal_i2c.c.obj
                0x08002b3c                HAL_I2C_Master_Transmit
 .text.HAL_I2C_Master_Receive
                0x08002c94      0x130 cmake/stm32cubemx/CMakeFiles/STM32_Drivers.dir/__/__/Drivers/STM32H7xx_HAL_Driver/Src/stm32h7xx_hal_i2c.c.obj
                0x08002c94                HAL_I2C_Master_Receive
 .text.HAL_I2CEx_ConfigAnalogFilter
                0x08002dc4       0x4c cmake/stm32cubemx/CMakeFiles/STM32_Drivers.dir/__/__/Drivers/STM32H7xx_HAL_Driver/Src/stm32h7xx_hal_i2c_ex.c.obj
                0x08002dc4                HAL_I2CEx_ConfigAnalogFilter
 .text.HAL_I2CEx_ConfigDigitalFilter
                0x08002e10       0x4a cmake/stm32cubemx/CMakeFiles/STM32_Drivers.dir/__/__/Drivers/STM32H7xx_HAL_Driver/Src/stm32h7xx_hal_i2c_ex.c.obj
                0x08002e10                HAL_I2CEx_ConfigDigitalFilter
 .text.SPI_CloseTransfer
                0x08002e5a       0xac cmake/stm32cubemx/CMakeFiles/STM32_Drivers.dir/__/__/Drivers/STM32H7xx_HAL_Driver/Src/stm32h7xx_hal_spi.c.obj
 *fill*         0x08002f06        0x2 
 .text.HAL_SPI_Init
                0x08002f08      0x148 cmake/stm32cubemx/CMakeFiles/STM32_Drivers.dir/__/__/Drivers/STM32H7xx_HAL_Driver/Src/stm32h7xx_hal_spi.c.obj
                0x08002f08                HAL_SPI_Init
 .text.HAL_SPI_Transmit
                0x08003050      0x234 cmake/stm32cubemx/CMakeFiles/STM32_Drivers.dir/__/__/Drivers/STM32H7xx_HAL_Driver/Src/stm32h7xx_hal_spi.c.obj
                0x08003050                HAL_SPI_Transmit
 .text.SystemClock_Config
                0x08003284       0xc0 CMakeFiles/firsth7.dir/Core/Src/main.c.obj
                0x08003284                SystemClock_Config
 .text.startup.main
                0x08003344       0xb8 CMakeFiles/firsth7.dir/Core/Src/main.c.obj
                0x08003344                main
 .text.Error_Handler
                0x080033fc        0x4 CMakeFiles/firsth7.dir/Core/Src/main.c.obj
                0x080033fc                Error_Handler
 .text.MX_GPIO_Init
                0x08003400       0xd8 CMakeFiles/firsth7.dir/Core/Src/gpio.c.obj
                0x08003400                MX_GPIO_Init
 .text.MX_I2C1_Init
                0x080034d8       0x58 CMakeFiles/firsth7.dir/Core/Src/i2c.c.obj
                0x080034d8                MX_I2C1_Init
 .text.HAL_I2C_MspInit
                0x08003530       0x94 CMakeFiles/firsth7.dir/Core/Src/i2c.c.obj
                0x08003530                HAL_I2C_MspInit
 .text.MX_SPI1_Init
                0x080035c4       0x64 CMakeFiles/firsth7.dir/Core/Src/spi.c.obj
                0x080035c4                MX_SPI1_Init
 .text.HAL_SPI_MspInit
                0x08003628       0x98 CMakeFiles/firsth7.dir/Core/Src/spi.c.obj
                0x08003628                HAL_SPI_MspInit
 .text.NMI_Handler
                0x080036c0        0x2 CMakeFiles/firsth7.dir/Core/Src/stm32h7xx_it.c.obj
                0x080036c0                NMI_Handler
 .text.HardFault_Handler
                0x080036c2        0x2 CMakeFiles/firsth7.dir/Core/Src/stm32h7xx_it.c.obj
                0x080036c2                HardFault_Handler
 .text.MemManage_Handler
                0x080036c4        0x2 CMakeFiles/firsth7.dir/Core/Src/stm32h7xx_it.c.obj
                0x080036c4                MemManage_Handler
 .text.BusFault_Handler
                0x080036c6        0x2 CMakeFiles/firsth7.dir/Core/Src/stm32h7xx_it.c.obj
                0x080036c6                BusFault_Handler
 .text.UsageFault_Handler
                0x080036c8        0x2 CMakeFiles/firsth7.dir/Core/Src/stm32h7xx_it.c.obj
                0x080036c8                UsageFault_Handler
 .text.SVC_Handler
                0x080036ca        0x2 CMakeFiles/firsth7.dir/Core/Src/stm32h7xx_it.c.obj
                0x080036ca                SVC_Handler
 .text.DebugMon_Handler
                0x080036cc        0x2 CMakeFiles/firsth7.dir/Core/Src/stm32h7xx_it.c.obj
                0x080036cc                DebugMon_Handler
 .text.PendSV_Handler
                0x080036ce        0x2 CMakeFiles/firsth7.dir/Core/Src/stm32h7xx_it.c.obj
                0x080036ce                PendSV_Handler
 .text.SysTick_Handler
                0x080036d0        0x4 CMakeFiles/firsth7.dir/Core/Src/stm32h7xx_it.c.obj
                0x080036d0                SysTick_Handler
 .text.HAL_MspInit
                0x080036d4       0x24 CMakeFiles/firsth7.dir/Core/Src/stm32h7xx_hal_msp.c.obj
                0x080036d4                HAL_MspInit
 .text.btn_event_cb
                0x080036f8       0x20 CMakeFiles/firsth7.dir/ui/ui.c.obj
 .text.lv_scr_act
                0x08003718        0xe CMakeFiles/firsth7.dir/ui/ui.c.obj
 *fill*         0x08003726        0x2 
 .text.ui_init  0x08003728       0xf8 CMakeFiles/firsth7.dir/ui/ui.c.obj
                0x08003728                ui_init
 .text.ft6336_read
                0x08003820       0x38 CMakeFiles/firsth7.dir/BSP/LCD_ST7789/ft6336.c.obj
                0x08003820                ft6336_read
 .text.ft6336_init
                0x08003858       0x54 CMakeFiles/firsth7.dir/BSP/LCD_ST7789/ft6336.c.obj
                0x08003858                ft6336_init
 .text.ft6336_scan
                0x080038ac       0xa4 CMakeFiles/firsth7.dir/BSP/LCD_ST7789/ft6336.c.obj
                0x080038ac                ft6336_scan
 .text.lcd_write_reg_data
                0x08003950       0x3a CMakeFiles/firsth7.dir/BSP/LCD_ST7789/lcd_core.c.obj
                0x08003950                lcd_write_reg_data
 .text.lcd_set_address
                0x0800398a       0x4a CMakeFiles/firsth7.dir/BSP/LCD_ST7789/lcd_core.c.obj
                0x0800398a                lcd_set_address
 .text.lcd_config_reg_1_14
                0x080039d4      0x150 CMakeFiles/firsth7.dir/BSP/LCD_ST7789/lcd_core.c.obj
                0x080039d4                lcd_config_reg_1_14
 .text.lcd_config_reg_1_47
                0x08003b24      0x160 CMakeFiles/firsth7.dir/BSP/LCD_ST7789/lcd_core.c.obj
                0x08003b24                lcd_config_reg_1_47
 .text.lcd_config_reg_2_00
                0x08003c84      0x13c CMakeFiles/firsth7.dir/BSP/LCD_ST7789/lcd_core.c.obj
                0x08003c84                lcd_config_reg_2_00
 .text.lcd_config_reg_3_50
                0x08003dc0      0x1e0 CMakeFiles/firsth7.dir/BSP/LCD_ST7789/lcd_core.c.obj
                0x08003dc0                lcd_config_reg_3_50
 .text.lcd_init_hw
                0x08003fa0       0x6a CMakeFiles/firsth7.dir/BSP/LCD_ST7789/lcd_core.c.obj
                0x08003fa0                lcd_init_hw
 .text.lcd_draw_point
                0x0800400a       0x1c CMakeFiles/firsth7.dir/BSP/LCD_ST7789/lcd_core.c.obj
                0x0800400a                lcd_draw_point
 .text.lcd_fill
                0x08004026       0x92 CMakeFiles/firsth7.dir/BSP/LCD_ST7789/lcd_core.c.obj
                0x08004026                lcd_fill
 .text.lcd_clear
                0x080040b8       0x22 CMakeFiles/firsth7.dir/BSP/LCD_ST7789/lcd_core.c.obj
                0x080040b8                lcd_clear
 *fill*         0x080040da        0x2 
 .text.lcd_set_font
                0x080040dc       0x24 CMakeFiles/firsth7.dir/BSP/LCD_ST7789/lcd_core.c.obj
                0x080040dc                lcd_set_font
 .text.lcd_init_dev
                0x08004100       0x48 CMakeFiles/firsth7.dir/BSP/LCD_ST7789/lcd_core.c.obj
                0x08004100                lcd_init_dev
 .text.lcd_io_ctrl
                0x08004148       0x12 CMakeFiles/firsth7.dir/BSP/LCD_ST7789/lcd_port.c.obj
 .text.lcd_spi_transmit
                0x0800415a       0x36 CMakeFiles/firsth7.dir/BSP/LCD_ST7789/lcd_port.c.obj
 .text.lcd_delay
                0x08004190        0x4 CMakeFiles/firsth7.dir/BSP/LCD_ST7789/lcd_port.c.obj
                0x08004190                lcd_delay
 .text.lcd_io_rst
                0x08004194        0x6 CMakeFiles/firsth7.dir/BSP/LCD_ST7789/lcd_port.c.obj
                0x08004194                lcd_io_rst
 .text.lcd_io_bl
                0x0800419a        0x6 CMakeFiles/firsth7.dir/BSP/LCD_ST7789/lcd_port.c.obj
                0x0800419a                lcd_io_bl
 .text.lcd_write_byte
                0x080041a0       0x20 CMakeFiles/firsth7.dir/BSP/LCD_ST7789/lcd_port.c.obj
                0x080041a0                lcd_write_byte
 .text.lcd_write_halfword
                0x080041c0       0x2a CMakeFiles/firsth7.dir/BSP/LCD_ST7789/lcd_port.c.obj
                0x080041c0                lcd_write_halfword
 .text.lcd_write_bulk
                0x080041ea       0x1e CMakeFiles/firsth7.dir/BSP/LCD_ST7789/lcd_port.c.obj
                0x080041ea                lcd_write_bulk
 .text.lcd_write_reg
                0x08004208       0x20 CMakeFiles/firsth7.dir/BSP/LCD_ST7789/lcd_port.c.obj
                0x08004208                lcd_write_reg
 .text.disp_flush
                0x08004228       0x48 CMakeFiles/firsth7.dir/BSP/LCD_ST7789/lv_port_disp.c.obj
 .text.lv_port_disp_init
                0x08004270       0x50 CMakeFiles/firsth7.dir/BSP/LCD_ST7789/lv_port_disp.c.obj
                0x08004270                lv_port_disp_init
 .text.touchpad_read
                0x080042c0       0x30 CMakeFiles/firsth7.dir/BSP/LCD_ST7789/lv_port_indev.c.obj
 .text.lv_port_indev_init
                0x080042f0       0x30 CMakeFiles/firsth7.dir/BSP/LCD_ST7789/lv_port_indev.c.obj
                0x080042f0                lv_port_indev_init
 .text.Reset_Handler
                0x08004320       0x54 CMakeFiles/firsth7.dir/startup_stm32h750xx.s.obj
                0x08004320                Reset_Handler
 .text.Default_Handler
                0x08004374        0x2 CMakeFiles/firsth7.dir/startup_stm32h750xx.s.obj
                0x08004374                RTC_Alarm_IRQHandler
                0x08004374                HASH_RNG_IRQHandler
                0x08004374                EXTI2_IRQHandler
                0x08004374                TIM8_CC_IRQHandler
                0x08004374                HRTIM1_Master_IRQHandler
                0x08004374                UART8_IRQHandler
                0x08004374                SPI4_IRQHandler
                0x08004374                TIM1_CC_IRQHandler
                0x08004374                BDMA_Channel6_IRQHandler
                0x08004374                DMA2_Stream5_IRQHandler
                0x08004374                HRTIM1_FLT_IRQHandler
                0x08004374                JPEG_IRQHandler
                0x08004374                DMA1_Stream5_IRQHandler
                0x08004374                BDMA_Channel1_IRQHandler
                0x08004374                HRTIM1_TIMD_IRQHandler
                0x08004374                TAMP_STAMP_IRQHandler
                0x08004374                EXTI3_IRQHandler
                0x08004374                LPTIM4_IRQHandler
                0x08004374                TIM8_TRG_COM_TIM14_IRQHandler
                0x08004374                LPTIM2_IRQHandler
                0x08004374                DFSDM1_FLT1_IRQHandler
                0x08004374                DMAMUX2_OVR_IRQHandler
                0x08004374                TIM8_UP_TIM13_IRQHandler
                0x08004374                I2C3_ER_IRQHandler
                0x08004374                DFSDM1_FLT2_IRQHandler
                0x08004374                MDMA_IRQHandler
                0x08004374                LPTIM3_IRQHandler
                0x08004374                HSEM1_IRQHandler
                0x08004374                EXTI0_IRQHandler
                0x08004374                I2C2_EV_IRQHandler
                0x08004374                DMA1_Stream2_IRQHandler
                0x08004374                FPU_IRQHandler
                0x08004374                OTG_HS_WKUP_IRQHandler
                0x08004374                FDCAN1_IT1_IRQHandler
                0x08004374                LTDC_ER_IRQHandler
                0x08004374                DMA2_Stream2_IRQHandler
                0x08004374                HRTIM1_TIME_IRQHandler
                0x08004374                SPI1_IRQHandler
                0x08004374                TIM6_DAC_IRQHandler
                0x08004374                DCMI_IRQHandler
                0x08004374                HRTIM1_TIMC_IRQHandler
                0x08004374                DMA2_Stream3_IRQHandler
                0x08004374                SAI2_IRQHandler
                0x08004374                DFSDM1_FLT3_IRQHandler
                0x08004374                USART6_IRQHandler
                0x08004374                TIM17_IRQHandler
                0x08004374                USART3_IRQHandler
                0x08004374                BDMA_Channel7_IRQHandler
                0x08004374                CRYP_IRQHandler
                0x08004374                LPTIM5_IRQHandler
                0x08004374                UART5_IRQHandler
                0x08004374                ADC3_IRQHandler
                0x08004374                DMA2_Stream0_IRQHandler
                0x08004374                TIM4_IRQHandler
                0x08004374                BDMA_Channel2_IRQHandler
                0x08004374                QUADSPI_IRQHandler
                0x08004374                I2C1_EV_IRQHandler
                0x08004374                DMA1_Stream6_IRQHandler
                0x08004374                DMAMUX1_OVR_IRQHandler
                0x08004374                DMA1_Stream1_IRQHandler
                0x08004374                TIM16_IRQHandler
                0x08004374                UART4_IRQHandler
                0x08004374                BDMA_Channel5_IRQHandler
                0x08004374                TIM3_IRQHandler
                0x08004374                RCC_IRQHandler
                0x08004374                TIM8_BRK_TIM12_IRQHandler
                0x08004374                TIM1_TRG_COM_IRQHandler
                0x08004374                Default_Handler
                0x08004374                ECC_IRQHandler
                0x08004374                CEC_IRQHandler
                0x08004374                EXTI15_10_IRQHandler
                0x08004374                BDMA_Channel0_IRQHandler
                0x08004374                ADC_IRQHandler
                0x08004374                DMA1_Stream7_IRQHandler
                0x08004374                HRTIM1_TIMA_IRQHandler
                0x08004374                SPI5_IRQHandler
                0x08004374                TIM7_IRQHandler
                0x08004374                SDMMC1_IRQHandler
                0x08004374                TIM5_IRQHandler
                0x08004374                DMA2_Stream7_IRQHandler
                0x08004374                TIM15_IRQHandler
                0x08004374                PVD_AVD_IRQHandler
                0x08004374                I2C3_EV_IRQHandler
                0x08004374                EXTI9_5_IRQHandler
                0x08004374                RTC_WKUP_IRQHandler
                0x08004374                LTDC_IRQHandler
                0x08004374                SAI3_IRQHandler
                0x08004374                ETH_WKUP_IRQHandler
                0x08004374                SPDIF_RX_IRQHandler
                0x08004374                SPI2_IRQHandler
                0x08004374                OTG_HS_EP1_IN_IRQHandler
                0x08004374                DMA1_Stream0_IRQHandler
                0x08004374                CRS_IRQHandler
                0x08004374                EXTI4_IRQHandler
                0x08004374                HRTIM1_TIMB_IRQHandler
                0x08004374                FDCAN2_IT1_IRQHandler
                0x08004374                ETH_IRQHandler
                0x08004374                TIM1_UP_IRQHandler
                0x08004374                BDMA_Channel4_IRQHandler
                0x08004374                OTG_HS_EP1_OUT_IRQHandler
                0x08004374                WWDG_IRQHandler
                0x08004374                SPI6_IRQHandler
                0x08004374                MDIOS_IRQHandler
                0x08004374                I2C4_EV_IRQHandler
                0x08004374                FDCAN2_IT0_IRQHandler
                0x08004374                LPUART1_IRQHandler
                0x08004374                FDCAN1_IT0_IRQHandler
                0x08004374                TIM2_IRQHandler
                0x08004374                OTG_FS_WKUP_IRQHandler
                0x08004374                OTG_HS_IRQHandler
                0x08004374                DMA2D_IRQHandler
                0x08004374                TIM1_BRK_IRQHandler
                0x08004374                EXTI1_IRQHandler
                0x08004374                SDMMC2_IRQHandler
                0x08004374                OTG_FS_EP1_OUT_IRQHandler
                0x08004374                BDMA_Channel3_IRQHandler
                0x08004374                UART7_IRQHandler
                0x08004374                MDIOS_WKUP_IRQHandler
                0x08004374                USART2_IRQHandler
                0x08004374                DFSDM1_FLT0_IRQHandler
                0x08004374                SAI4_IRQHandler
                0x08004374                I2C2_ER_IRQHandler
                0x08004374                DMA2_Stream1_IRQHandler
                0x08004374                FLASH_IRQHandler
                0x08004374                DMA2_Stream4_IRQHandler
                0x08004374                USART1_IRQHandler
                0x08004374                OTG_FS_IRQHandler
                0x08004374                SPI3_IRQHandler
                0x08004374                WAKEUP_PIN_IRQHandler
                0x08004374                DMA1_Stream4_IRQHandler
                0x08004374                OTG_FS_EP1_IN_IRQHandler
                0x08004374                I2C1_ER_IRQHandler
                0x08004374                FMC_IRQHandler
                0x08004374                FDCAN_CAL_IRQHandler
                0x08004374                SWPMI1_IRQHandler
                0x08004374                COMP1_IRQHandler
                0x08004374                LPTIM1_IRQHandler
                0x08004374                I2C4_ER_IRQHandler
                0x08004374                DMA2_Stream6_IRQHandler
                0x08004374                SAI1_IRQHandler
                0x08004374                DMA1_Stream3_IRQHandler
 .text.lv_disp_get_scr_act
                0x08004376        0xe lib/liblvgl.a(lv_disp.c.obj)
                0x08004376                lv_disp_get_scr_act
 .text.lv_disp_get_scr_prev
                0x08004384        0xe lib/liblvgl.a(lv_disp.c.obj)
                0x08004384                lv_disp_get_scr_prev
 .text.lv_disp_get_layer_top
                0x08004392        0xe lib/liblvgl.a(lv_disp.c.obj)
                0x08004392                lv_disp_get_layer_top
 .text.lv_disp_get_layer_sys
                0x080043a0        0xe lib/liblvgl.a(lv_disp.c.obj)
                0x080043a0                lv_disp_get_layer_sys
 .text.lv_disp_get_theme
                0x080043ae        0xc lib/liblvgl.a(lv_disp.c.obj)
                0x080043ae                lv_disp_get_theme
 .text.lv_disp_is_invalidation_enabled
                0x080043ba       0x18 lib/liblvgl.a(lv_disp.c.obj)
                0x080043ba                lv_disp_is_invalidation_enabled
 .text.lv_obj_get_event_dsc.isra.0
                0x080043d2       0x1a lib/liblvgl.a(lv_event.c.obj)
 .text.lv_obj_event_base
                0x080043ec       0x2a lib/liblvgl.a(lv_event.c.obj)
                0x080043ec                lv_obj_event_base
 *fill*         0x08004416        0x2 
 .text.event_send_core
                0x08004418      0x120 lib/liblvgl.a(lv_event.c.obj)
 .text.lv_event_send
                0x08004538       0x40 lib/liblvgl.a(lv_event.c.obj)
                0x08004538                lv_event_send
 .text.lv_event_get_target
                0x08004578        0x4 lib/liblvgl.a(lv_event.c.obj)
                0x08004578                lv_event_get_target
 .text.lv_event_get_current_target
                0x0800457c        0x4 lib/liblvgl.a(lv_event.c.obj)
                0x0800457c                lv_event_get_current_target
 .text.lv_event_get_code
                0x08004580        0x8 lib/liblvgl.a(lv_event.c.obj)
                0x08004580                lv_event_get_code
 .text.lv_event_get_param
                0x08004588        0x4 lib/liblvgl.a(lv_event.c.obj)
                0x08004588                lv_event_get_param
 .text._lv_event_mark_deleted
                0x0800458c       0x24 lib/liblvgl.a(lv_event.c.obj)
                0x0800458c                _lv_event_mark_deleted
 .text.lv_obj_add_event_cb
                0x080045b0       0x5c lib/liblvgl.a(lv_event.c.obj)
                0x080045b0                lv_obj_add_event_cb
 .text.lv_event_get_indev
                0x0800460c        0xe lib/liblvgl.a(lv_event.c.obj)
                0x0800460c                lv_event_get_indev
 .text.lv_event_get_draw_ctx
                0x0800461a        0xe lib/liblvgl.a(lv_event.c.obj)
                0x0800461a                lv_event_get_draw_ctx
 .text.lv_event_set_ext_draw_size
                0x08004628       0x18 lib/liblvgl.a(lv_event.c.obj)
                0x08004628                lv_event_set_ext_draw_size
 .text.indev_reset_check
                0x08004640       0x18 lib/liblvgl.a(lv_indev.c.obj)
 .text.indev_proc_reset_query_handler
                0x08004658       0x34 lib/liblvgl.a(lv_indev.c.obj)
 .text.indev_proc_release
                0x0800468c      0x124 lib/liblvgl.a(lv_indev.c.obj)
 .text.lv_indev_get_act
                0x080047b0        0xc lib/liblvgl.a(lv_indev.c.obj)
                0x080047b0                lv_indev_get_act
 .text.lv_indev_get_type
                0x080047bc        0x8 lib/liblvgl.a(lv_indev.c.obj)
                0x080047bc                lv_indev_get_type
 .text.lv_indev_get_point
                0x080047c4       0x2c lib/liblvgl.a(lv_indev.c.obj)
                0x080047c4                lv_indev_get_point
 .text.lv_indev_get_scroll_dir
                0x080047f0       0x1c lib/liblvgl.a(lv_indev.c.obj)
                0x080047f0                lv_indev_get_scroll_dir
 .text.lv_indev_get_scroll_obj
                0x0800480c       0x16 lib/liblvgl.a(lv_indev.c.obj)
                0x0800480c                lv_indev_get_scroll_obj
 *fill*         0x08004822        0x2 
 .text.lv_indev_get_obj_act
                0x08004824        0xc lib/liblvgl.a(lv_indev.c.obj)
                0x08004824                lv_indev_get_obj_act
 .text.lv_indev_search_obj
                0x08004830       0x76 lib/liblvgl.a(lv_indev.c.obj)
                0x08004830                lv_indev_search_obj
 *fill*         0x080048a6        0x2 
 .text.indev_proc_press
                0x080048a8      0x364 lib/liblvgl.a(lv_indev.c.obj)
 .text.lv_indev_read_timer_cb
                0x08004c0c      0x738 lib/liblvgl.a(lv_indev.c.obj)
                0x08004c0c                lv_indev_read_timer_cb
 .text.elastic_diff
                0x08005344      0x17e lib/liblvgl.a(lv_indev_scroll.c.obj)
 *fill*         0x080054c2        0x2 
 .text.find_snap_point_x
                0x080054c4      0x118 lib/liblvgl.a(lv_indev_scroll.c.obj)
 .text.find_snap_point_y
                0x080055dc      0x118 lib/liblvgl.a(lv_indev_scroll.c.obj)
 .text._lv_indev_scroll_handler
                0x080056f4      0x544 lib/liblvgl.a(lv_indev_scroll.c.obj)
                0x080056f4                _lv_indev_scroll_handler
 .text._lv_indev_scroll_throw_handler
                0x08005c38      0x258 lib/liblvgl.a(lv_indev_scroll.c.obj)
                0x08005c38                _lv_indev_scroll_throw_handler
 .text.lv_obj_constructor
                0x08005e90       0x5c lib/liblvgl.a(lv_obj.c.obj)
 .text.lv_obj_set_state
                0x08005eec      0x21c lib/liblvgl.a(lv_obj.c.obj)
 .text.lv_obj_draw
                0x08006108      0x334 lib/liblvgl.a(lv_obj.c.obj)
 .text.lv_init  0x0800643c       0x54 lib/liblvgl.a(lv_obj.c.obj)
                0x0800643c                lv_init
 .text.lv_obj_create
                0x08006490       0x18 lib/liblvgl.a(lv_obj.c.obj)
                0x08006490                lv_obj_create
 .text.lv_obj_clear_flag
                0x080064a8       0x78 lib/liblvgl.a(lv_obj.c.obj)
                0x080064a8                lv_obj_clear_flag
 .text.lv_obj_add_state
                0x08006520       0x14 lib/liblvgl.a(lv_obj.c.obj)
                0x08006520                lv_obj_add_state
 .text.lv_obj_clear_state
                0x08006534       0x12 lib/liblvgl.a(lv_obj.c.obj)
                0x08006534                lv_obj_clear_state
 .text.lv_obj_has_flag
                0x08006546        0xc lib/liblvgl.a(lv_obj.c.obj)
                0x08006546                lv_obj_has_flag
 .text.lv_obj_has_flag_any
                0x08006552        0xc lib/liblvgl.a(lv_obj.c.obj)
                0x08006552                lv_obj_has_flag_any
 .text.lv_obj_get_state
                0x0800655e        0x4 lib/liblvgl.a(lv_obj.c.obj)
                0x0800655e                lv_obj_get_state
 .text.lv_obj_has_state
                0x08006562        0xc lib/liblvgl.a(lv_obj.c.obj)
                0x08006562                lv_obj_has_state
 .text.lv_obj_get_group
                0x0800656e        0x8 lib/liblvgl.a(lv_obj.c.obj)
                0x0800656e                lv_obj_get_group
 .text.lv_obj_event
                0x08006576      0x34c lib/liblvgl.a(lv_obj.c.obj)
 *fill*         0x080068c2        0x2 
 .text.lv_obj_destructor
                0x080068c4       0x68 lib/liblvgl.a(lv_obj.c.obj)
 .text.lv_obj_add_flag
                0x0800692c       0x84 lib/liblvgl.a(lv_obj.c.obj)
                0x0800692c                lv_obj_add_flag
 .text.lv_obj_allocate_spec_attr
                0x080069b0       0x38 lib/liblvgl.a(lv_obj.c.obj)
                0x080069b0                lv_obj_allocate_spec_attr
 .text.lv_obj_check_type
                0x080069e8        0xc lib/liblvgl.a(lv_obj.c.obj)
                0x080069e8                lv_obj_check_type
 .text.lv_obj_construct
                0x080069f4       0x22 lib/liblvgl.a(lv_obj_class.c.obj)
 *fill*         0x08006a16        0x2 
 .text.lv_obj_class_create_obj
                0x08006a18       0xd8 lib/liblvgl.a(lv_obj_class.c.obj)
                0x08006a18                lv_obj_class_create_obj
 .text.lv_obj_is_editable
                0x08006af0       0x14 lib/liblvgl.a(lv_obj_class.c.obj)
                0x08006af0                lv_obj_is_editable
 .text.lv_obj_is_group_def
                0x08006b04       0x14 lib/liblvgl.a(lv_obj_class.c.obj)
                0x08006b04                lv_obj_is_group_def
 .text.lv_obj_class_init_obj
                0x08006b18       0x74 lib/liblvgl.a(lv_obj_class.c.obj)
                0x08006b18                lv_obj_class_init_obj
 .text.lv_obj_get_style_text_color_filtered
                0x08006b8c       0x18 lib/liblvgl.a(lv_obj_draw.c.obj)
 .text.lv_obj_init_draw_rect_dsc
                0x08006ba4      0x1b2 lib/liblvgl.a(lv_obj_draw.c.obj)
                0x08006ba4                lv_obj_init_draw_rect_dsc
 .text.lv_obj_init_draw_label_dsc
                0x08006d56       0x8a lib/liblvgl.a(lv_obj_draw.c.obj)
                0x08006d56                lv_obj_init_draw_label_dsc
 .text.lv_obj_calculate_ext_draw_size
                0x08006de0       0xce lib/liblvgl.a(lv_obj_draw.c.obj)
                0x08006de0                lv_obj_calculate_ext_draw_size
 .text.lv_obj_draw_dsc_init
                0x08006eae       0x14 lib/liblvgl.a(lv_obj_draw.c.obj)
                0x08006eae                lv_obj_draw_dsc_init
 .text._lv_obj_get_ext_draw_size
                0x08006ec2        0xa lib/liblvgl.a(lv_obj_draw.c.obj)
                0x08006ec2                _lv_obj_get_ext_draw_size
 .text.lv_obj_refresh_ext_draw_size
                0x08006ecc       0x5a lib/liblvgl.a(lv_obj_draw.c.obj)
                0x08006ecc                lv_obj_refresh_ext_draw_size
 .text._lv_obj_get_layer_type
                0x08006f26        0xa lib/liblvgl.a(lv_obj_draw.c.obj)
                0x08006f26                _lv_obj_get_layer_type
 .text.lv_obj_get_style_base_dir.constprop.0
                0x08006f30        0xe lib/liblvgl.a(lv_obj_pos.c.obj)
 .text.lv_obj_get_style_border_width.constprop.0
                0x08006f3e        0xe lib/liblvgl.a(lv_obj_pos.c.obj)
 .text.lv_obj_get_style_pad_right.constprop.0
                0x08006f4c        0xe lib/liblvgl.a(lv_obj_pos.c.obj)
 .text.lv_obj_get_style_pad_left.constprop.0
                0x08006f5a        0xe lib/liblvgl.a(lv_obj_pos.c.obj)
 .text.lv_obj_get_style_pad_bottom.constprop.0
                0x08006f68        0xe lib/liblvgl.a(lv_obj_pos.c.obj)
 .text.lv_obj_get_style_pad_top.constprop.0
                0x08006f76        0xe lib/liblvgl.a(lv_obj_pos.c.obj)
 .text.transform_point
                0x08006f84       0xfe lib/liblvgl.a(lv_obj_pos.c.obj)
 .text.lv_obj_set_x
                0x08007082       0x2e lib/liblvgl.a(lv_obj_pos.c.obj)
                0x08007082                lv_obj_set_x
 .text.lv_obj_set_y
                0x080070b0       0x2e lib/liblvgl.a(lv_obj_pos.c.obj)
                0x080070b0                lv_obj_set_y
 .text.lv_obj_set_pos
                0x080070de       0x16 lib/liblvgl.a(lv_obj_pos.c.obj)
                0x080070de                lv_obj_set_pos
 .text.lv_obj_set_width
                0x080070f4       0x2e lib/liblvgl.a(lv_obj_pos.c.obj)
                0x080070f4                lv_obj_set_width
 .text.lv_obj_set_height
                0x08007122       0x2e lib/liblvgl.a(lv_obj_pos.c.obj)
                0x08007122                lv_obj_set_height
 .text.lv_obj_set_size
                0x08007150       0x16 lib/liblvgl.a(lv_obj_pos.c.obj)
                0x08007150                lv_obj_set_size
 *fill*         0x08007166        0x2 
 .text.lv_obj_is_layout_positioned
                0x08007168       0x34 lib/liblvgl.a(lv_obj_pos.c.obj)
                0x08007168                lv_obj_is_layout_positioned
 .text.lv_obj_mark_layout_as_dirty
                0x0800719c       0x30 lib/liblvgl.a(lv_obj_pos.c.obj)
                0x0800719c                lv_obj_mark_layout_as_dirty
 .text.lv_layout_register
                0x080071cc       0x38 lib/liblvgl.a(lv_obj_pos.c.obj)
                0x080071cc                lv_layout_register
 .text.lv_obj_align
                0x08007204       0x1c lib/liblvgl.a(lv_obj_pos.c.obj)
                0x08007204                lv_obj_align
 .text.lv_obj_get_coords
                0x08007220       0x1a lib/liblvgl.a(lv_obj_pos.c.obj)
                0x08007220                lv_obj_get_coords
 .text.lv_obj_get_width
                0x0800723a        0xc lib/liblvgl.a(lv_obj_pos.c.obj)
                0x0800723a                lv_obj_get_width
 .text.lv_obj_get_height
                0x08007246        0xc lib/liblvgl.a(lv_obj_pos.c.obj)
                0x08007246                lv_obj_get_height
 .text.lv_obj_get_content_width
                0x08007252       0x2c lib/liblvgl.a(lv_obj_pos.c.obj)
                0x08007252                lv_obj_get_content_width
 .text.lv_obj_get_content_height
                0x0800727e       0x2c lib/liblvgl.a(lv_obj_pos.c.obj)
                0x0800727e                lv_obj_get_content_height
 .text.lv_obj_get_content_coords
                0x080072aa       0x60 lib/liblvgl.a(lv_obj_pos.c.obj)
                0x080072aa                lv_obj_get_content_coords
 *fill*         0x0800730a        0x2 
 .text.lv_obj_get_self_width
                0x0800730c       0x1c lib/liblvgl.a(lv_obj_pos.c.obj)
                0x0800730c                lv_obj_get_self_width
 .text.lv_obj_get_self_height
                0x08007328       0x1a lib/liblvgl.a(lv_obj_pos.c.obj)
                0x08007328                lv_obj_get_self_height
 .text.lv_obj_refresh_self_size
                0x08007342       0x34 lib/liblvgl.a(lv_obj_pos.c.obj)
                0x08007342                lv_obj_refresh_self_size
 .text.lv_obj_move_children_by
                0x08007376       0x6c lib/liblvgl.a(lv_obj_pos.c.obj)
                0x08007376                lv_obj_move_children_by
 .text.lv_obj_transform_point
                0x080073e2       0x5c lib/liblvgl.a(lv_obj_pos.c.obj)
                0x080073e2                lv_obj_transform_point
 .text.lv_obj_get_transformed_area
                0x0800743e       0xe8 lib/liblvgl.a(lv_obj_pos.c.obj)
                0x0800743e                lv_obj_get_transformed_area
 .text.lv_obj_area_is_visible
                0x08007526       0xf0 lib/liblvgl.a(lv_obj_pos.c.obj)
                0x08007526                lv_obj_area_is_visible
 .text.lv_obj_invalidate_area
                0x08007616       0x42 lib/liblvgl.a(lv_obj_pos.c.obj)
                0x08007616                lv_obj_invalidate_area
 .text.lv_obj_invalidate
                0x08007658       0x3c lib/liblvgl.a(lv_obj_pos.c.obj)
                0x08007658                lv_obj_invalidate
 .text.lv_obj_move_to
                0x08007694      0x130 lib/liblvgl.a(lv_obj_pos.c.obj)
                0x08007694                lv_obj_move_to
 .text.lv_obj_refr_pos
                0x080077c4      0x260 lib/liblvgl.a(lv_obj_pos.c.obj)
                0x080077c4                lv_obj_refr_pos
 .text.lv_obj_set_ext_click_area
                0x08007a24       0x10 lib/liblvgl.a(lv_obj_pos.c.obj)
                0x08007a24                lv_obj_set_ext_click_area
 .text.lv_obj_get_click_area
                0x08007a34       0x32 lib/liblvgl.a(lv_obj_pos.c.obj)
                0x08007a34                lv_obj_get_click_area
 .text.lv_obj_hit_test
                0x08007a66       0x62 lib/liblvgl.a(lv_obj_pos.c.obj)
                0x08007a66                lv_obj_hit_test
 .text.lv_clamp_width
                0x08007ac8       0x68 lib/liblvgl.a(lv_obj_pos.c.obj)
                0x08007ac8                lv_clamp_width
 .text.lv_obj_refr_size
                0x08007b30      0x548 lib/liblvgl.a(lv_obj_pos.c.obj)
                0x08007b30                lv_obj_refr_size
 .text.layout_update_core
                0x08008078       0x94 lib/liblvgl.a(lv_obj_pos.c.obj)
 .text.lv_obj_update_layout
                0x0800810c       0x34 lib/liblvgl.a(lv_obj_pos.c.obj)
                0x0800810c                lv_obj_update_layout
 .text.lv_obj_get_style_base_dir
                0x08008140        0xc lib/liblvgl.a(lv_obj_scroll.c.obj)
 .text.scroll_anim_ready_cb
                0x0800814c        0xa lib/liblvgl.a(lv_obj_scroll.c.obj)
 .text.lv_obj_set_scrollbar_mode
                0x08008156       0x28 lib/liblvgl.a(lv_obj_scroll.c.obj)
                0x08008156                lv_obj_set_scrollbar_mode
 .text.lv_obj_get_scrollbar_mode
                0x0800817e       0x10 lib/liblvgl.a(lv_obj_scroll.c.obj)
                0x0800817e                lv_obj_get_scrollbar_mode
 .text.lv_obj_get_scroll_dir
                0x0800818e       0x10 lib/liblvgl.a(lv_obj_scroll.c.obj)
                0x0800818e                lv_obj_get_scroll_dir
 .text.lv_obj_get_scroll_snap_x
                0x0800819e        0xc lib/liblvgl.a(lv_obj_scroll.c.obj)
                0x0800819e                lv_obj_get_scroll_snap_x
 .text.lv_obj_get_scroll_snap_y
                0x080081aa        0xc lib/liblvgl.a(lv_obj_scroll.c.obj)
                0x080081aa                lv_obj_get_scroll_snap_y
 .text.lv_obj_get_scroll_x
                0x080081b6        0xc lib/liblvgl.a(lv_obj_scroll.c.obj)
                0x080081b6                lv_obj_get_scroll_x
 .text.lv_obj_get_scroll_y
                0x080081c2        0xc lib/liblvgl.a(lv_obj_scroll.c.obj)
                0x080081c2                lv_obj_get_scroll_y
 .text.lv_obj_get_scroll_top
                0x080081ce        0x4 lib/liblvgl.a(lv_obj_scroll.c.obj)
                0x080081ce                lv_obj_get_scroll_top
 *fill*         0x080081d2        0x2 
 .text.lv_obj_get_scroll_bottom
                0x080081d4       0xa4 lib/liblvgl.a(lv_obj_scroll.c.obj)
                0x080081d4                lv_obj_get_scroll_bottom
 .text.lv_obj_get_scroll_left
                0x08008278       0xd0 lib/liblvgl.a(lv_obj_scroll.c.obj)
                0x08008278                lv_obj_get_scroll_left
 .text.lv_obj_get_scroll_right
                0x08008348       0xb8 lib/liblvgl.a(lv_obj_scroll.c.obj)
                0x08008348                lv_obj_get_scroll_right
 .text._lv_obj_scroll_by_raw
                0x08008400       0x4a lib/liblvgl.a(lv_obj_scroll.c.obj)
                0x08008400                _lv_obj_scroll_by_raw
 .text.scroll_y_anim
                0x0800844a       0x18 lib/liblvgl.a(lv_obj_scroll.c.obj)
 .text.scroll_x_anim
                0x08008462       0x18 lib/liblvgl.a(lv_obj_scroll.c.obj)
 *fill*         0x0800847a        0x2 
 .text.lv_obj_scroll_by
                0x0800847c      0x11c lib/liblvgl.a(lv_obj_scroll.c.obj)
                0x0800847c                lv_obj_scroll_by
 .text.lv_obj_scroll_by_bounded
                0x08008598       0xc8 lib/liblvgl.a(lv_obj_scroll.c.obj)
                0x08008598                lv_obj_scroll_by_bounded
 .text.lv_obj_scroll_to_x
                0x08008660       0x2c lib/liblvgl.a(lv_obj_scroll.c.obj)
                0x08008660                lv_obj_scroll_to_x
 .text.lv_obj_scroll_to_y
                0x0800868c       0x2c lib/liblvgl.a(lv_obj_scroll.c.obj)
                0x0800868c                lv_obj_scroll_to_y
 .text.lv_obj_scroll_to
                0x080086b8       0x1c lib/liblvgl.a(lv_obj_scroll.c.obj)
                0x080086b8                lv_obj_scroll_to
 .text.scroll_area_into_view
                0x080086d4      0x2f4 lib/liblvgl.a(lv_obj_scroll.c.obj)
 .text.lv_obj_scroll_to_view_recursive
                0x080089c8       0x36 lib/liblvgl.a(lv_obj_scroll.c.obj)
                0x080089c8                lv_obj_scroll_to_view_recursive
 .text.lv_obj_get_scrollbar_area
                0x080089fe      0x6c6 lib/liblvgl.a(lv_obj_scroll.c.obj)
                0x080089fe                lv_obj_get_scrollbar_area
 .text.lv_obj_scrollbar_invalidate
                0x080090c4       0x40 lib/liblvgl.a(lv_obj_scroll.c.obj)
                0x080090c4                lv_obj_scrollbar_invalidate
 .text.lv_obj_readjust_scroll
                0x08009104       0x94 lib/liblvgl.a(lv_obj_scroll.c.obj)
                0x08009104                lv_obj_readjust_scroll
 .text.refresh_children_style
                0x08009198       0x3a lib/liblvgl.a(lv_obj_style.c.obj)
 *fill*         0x080091d2        0x2 
 .text.trans_del.isra.0
                0x080091d4       0xa4 lib/liblvgl.a(lv_obj_style.c.obj)
 .text.get_local_style
                0x08009278       0xb6 lib/liblvgl.a(lv_obj_style.c.obj)
 .text.get_trans_style
                0x0800932e       0x8a lib/liblvgl.a(lv_obj_style.c.obj)
 .text._lv_obj_style_init
                0x080093b8        0xc lib/liblvgl.a(lv_obj_style.c.obj)
                0x080093b8                _lv_obj_style_init
 .text.lv_obj_enable_style_refresh
                0x080093c4        0xc lib/liblvgl.a(lv_obj_style.c.obj)
                0x080093c4                lv_obj_enable_style_refresh
 .text.lv_obj_get_style_prop
                0x080093d0      0x140 lib/liblvgl.a(lv_obj_style.c.obj)
                0x080093d0                lv_obj_get_style_prop
 .text.trans_anim_start_cb
                0x08009510       0x40 lib/liblvgl.a(lv_obj_style.c.obj)
 .text.lv_obj_refresh_style
                0x08009550      0x148 lib/liblvgl.a(lv_obj_style.c.obj)
                0x08009550                lv_obj_refresh_style
 .text.lv_obj_add_style
                0x08009698       0xcc lib/liblvgl.a(lv_obj_style.c.obj)
                0x08009698                lv_obj_add_style
 .text.report_style_change_core
                0x08009764       0x52 lib/liblvgl.a(lv_obj_style.c.obj)
 *fill*         0x080097b6        0x2 
 .text.lv_obj_report_style_change
                0x080097b8       0x38 lib/liblvgl.a(lv_obj_style.c.obj)
                0x080097b8                lv_obj_report_style_change
 .text.trans_anim_cb
                0x080097f0      0x158 lib/liblvgl.a(lv_obj_style.c.obj)
 .text.lv_obj_remove_style
                0x08009948      0x10a lib/liblvgl.a(lv_obj_style.c.obj)
                0x08009948                lv_obj_remove_style
 *fill*         0x08009a52        0x2 
 .text.trans_anim_ready_cb
                0x08009a54       0xa8 lib/liblvgl.a(lv_obj_style.c.obj)
 .text.lv_obj_set_local_style_prop
                0x08009afc       0x26 lib/liblvgl.a(lv_obj_style.c.obj)
                0x08009afc                lv_obj_set_local_style_prop
 .text.lv_obj_get_local_style_prop
                0x08009b22       0x40 lib/liblvgl.a(lv_obj_style.c.obj)
                0x08009b22                lv_obj_get_local_style_prop
 *fill*         0x08009b62        0x2 
 .text._lv_obj_style_create_transition
                0x08009b64      0x140 lib/liblvgl.a(lv_obj_style.c.obj)
                0x08009b64                _lv_obj_style_create_transition
 .text._lv_obj_style_apply_color_filter
                0x08009ca4       0x38 lib/liblvgl.a(lv_obj_style.c.obj)
                0x08009ca4                _lv_obj_style_apply_color_filter
 .text._lv_obj_style_state_compare
                0x08009cdc      0x202 lib/liblvgl.a(lv_obj_style.c.obj)
                0x08009cdc                _lv_obj_style_state_compare
 .text.lv_obj_style_get_selector_state
                0x08009ede        0x4 lib/liblvgl.a(lv_obj_style.c.obj)
                0x08009ede                lv_obj_style_get_selector_state
 .text.lv_obj_style_get_selector_part
                0x08009ee2        0x6 lib/liblvgl.a(lv_obj_style.c.obj)
                0x08009ee2                lv_obj_style_get_selector_part
 .text.lv_obj_calculate_style_text_align
                0x08009ee8       0x22 lib/liblvgl.a(lv_obj_style.c.obj)
                0x08009ee8                lv_obj_calculate_style_text_align
 .text.lv_obj_get_style_opa_recursive
                0x08009f0a       0x5a lib/liblvgl.a(lv_obj_style.c.obj)
                0x08009f0a                lv_obj_get_style_opa_recursive
 .text.lv_obj_set_style_width
                0x08009f64        0xa lib/liblvgl.a(lv_obj_style_gen.c.obj)
                0x08009f64                lv_obj_set_style_width
 .text.lv_obj_set_style_height
                0x08009f6e        0xa lib/liblvgl.a(lv_obj_style_gen.c.obj)
                0x08009f6e                lv_obj_set_style_height
 .text.lv_obj_set_style_x
                0x08009f78        0xa lib/liblvgl.a(lv_obj_style_gen.c.obj)
                0x08009f78                lv_obj_set_style_x
 .text.lv_obj_set_style_y
                0x08009f82        0xa lib/liblvgl.a(lv_obj_style_gen.c.obj)
                0x08009f82                lv_obj_set_style_y
 .text.lv_obj_set_style_align
                0x08009f8c        0xa lib/liblvgl.a(lv_obj_style_gen.c.obj)
                0x08009f8c                lv_obj_set_style_align
 .text.lv_obj_set_style_bg_color
                0x08009f96       0x20 lib/liblvgl.a(lv_obj_style_gen.c.obj)
                0x08009f96                lv_obj_set_style_bg_color
 .text.lv_obj_set_style_text_color
                0x08009fb6       0x20 lib/liblvgl.a(lv_obj_style_gen.c.obj)
                0x08009fb6                lv_obj_set_style_text_color
 .text.lv_obj_set_style_text_font
                0x08009fd6        0xa lib/liblvgl.a(lv_obj_style_gen.c.obj)
                0x08009fd6                lv_obj_set_style_text_font
 .text.lv_obj_get_screen
                0x08009fe0       0x10 lib/liblvgl.a(lv_obj_tree.c.obj)
                0x08009fe0                lv_obj_get_screen
 .text.lv_obj_get_disp
                0x08009ff0       0x3c lib/liblvgl.a(lv_obj_tree.c.obj)
                0x08009ff0                lv_obj_get_disp
 .text.lv_obj_get_parent
                0x0800a02c        0x6 lib/liblvgl.a(lv_obj_tree.c.obj)
                0x0800a02c                lv_obj_get_parent
 .text.lv_obj_get_child
                0x0800a032       0x1e lib/liblvgl.a(lv_obj_tree.c.obj)
                0x0800a032                lv_obj_get_child
 .text.lv_obj_get_child_cnt
                0x0800a050        0x8 lib/liblvgl.a(lv_obj_tree.c.obj)
                0x0800a050                lv_obj_get_child_cnt
 .text.call_flush_cb
                0x0800a058       0x30 lib/liblvgl.a(lv_refr.c.obj)
 .text.lv_refr_get_top_obj
                0x0800a088       0x72 lib/liblvgl.a(lv_refr.c.obj)
 .text._lv_refr_init
                0x0800a0fa        0x2 lib/liblvgl.a(lv_refr.c.obj)
                0x0800a0fa                _lv_refr_init
 .text.lv_obj_redraw
                0x0800a0fc       0xe2 lib/liblvgl.a(lv_refr.c.obj)
                0x0800a0fc                lv_obj_redraw
 *fill*         0x0800a1de        0x2 
 .text.refr_obj
                0x0800a1e0      0x308 lib/liblvgl.a(lv_refr.c.obj)
 .text.refr_obj_and_children
                0x0800a4e8       0x8c lib/liblvgl.a(lv_refr.c.obj)
 .text.refr_area_part
                0x0800a574      0x590 lib/liblvgl.a(lv_refr.c.obj)
 .text._lv_inv_area
                0x0800ab04       0xe0 lib/liblvgl.a(lv_refr.c.obj)
                0x0800ab04                _lv_inv_area
 .text._lv_refr_get_disp_refreshing
                0x0800abe4        0xc lib/liblvgl.a(lv_refr.c.obj)
                0x0800abe4                _lv_refr_get_disp_refreshing
 .text._lv_disp_refr_timer
                0x0800abf0      0x538 lib/liblvgl.a(lv_refr.c.obj)
                0x0800abf0                _lv_disp_refr_timer
 .text.apply_theme
                0x0800b128       0x1e lib/liblvgl.a(lv_theme.c.obj)
 .text.lv_theme_get_from_obj
                0x0800b146       0x16 lib/liblvgl.a(lv_theme.c.obj)
                0x0800b146                lv_theme_get_from_obj
 .text.lv_theme_apply
                0x0800b15c       0x28 lib/liblvgl.a(lv_theme.c.obj)
                0x0800b15c                lv_theme_apply
 .text.lv_draw_init
                0x0800b184        0x2 lib/liblvgl.a(lv_draw.c.obj)
                0x0800b184                lv_draw_init
 .text.lv_draw_wait_for_finish
                0x0800b186        0x8 lib/liblvgl.a(lv_draw.c.obj)
                0x0800b186                lv_draw_wait_for_finish
 .text.show_error
                0x0800b18e       0x3c lib/liblvgl.a(lv_draw_img.c.obj)
 .text.lv_draw_img_dsc_init
                0x0800b1ca       0x1c lib/liblvgl.a(lv_draw_img.c.obj)
                0x0800b1ca                lv_draw_img_dsc_init
 *fill*         0x0800b1e6        0x2 
 .text.lv_img_cf_get_px_size
                0x0800b1e8       0x14 lib/liblvgl.a(lv_draw_img.c.obj)
                0x0800b1e8                lv_img_cf_get_px_size
 .text.lv_img_cf_is_chroma_keyed
                0x0800b1fc       0x10 lib/liblvgl.a(lv_draw_img.c.obj)
                0x0800b1fc                lv_img_cf_is_chroma_keyed
 .text.lv_img_cf_has_alpha
                0x0800b20c       0x14 lib/liblvgl.a(lv_draw_img.c.obj)
                0x0800b20c                lv_img_cf_has_alpha
 .text.lv_img_src_get_type
                0x0800b220       0x1a lib/liblvgl.a(lv_draw_img.c.obj)
                0x0800b220                lv_img_src_get_type
 .text.lv_draw_img_decoded
                0x0800b23a       0x16 lib/liblvgl.a(lv_draw_img.c.obj)
                0x0800b23a                lv_draw_img_decoded
 .text.lv_draw_img
                0x0800b250      0x22c lib/liblvgl.a(lv_draw_img.c.obj)
                0x0800b250                lv_draw_img
 .text.lv_color_black
                0x0800b47c        0x6 lib/liblvgl.a(lv_draw_label.c.obj)
 .text.hex_char_to_num
                0x0800b482       0x24 lib/liblvgl.a(lv_draw_label.c.obj)
 *fill*         0x0800b4a6        0x2 
 .text.lv_draw_label_dsc_init
                0x0800b4a8       0x3c lib/liblvgl.a(lv_draw_label.c.obj)
                0x0800b4a8                lv_draw_label_dsc_init
 .text.lv_draw_letter
                0x0800b4e4        0xc lib/liblvgl.a(lv_draw_label.c.obj)
                0x0800b4e4                lv_draw_letter
 .text.lv_draw_label
                0x0800b4f0      0x584 lib/liblvgl.a(lv_draw_label.c.obj)
                0x0800b4f0                lv_draw_label
 .text.lv_draw_layer_create
                0x0800ba74       0x62 lib/liblvgl.a(lv_draw_layer.c.obj)
                0x0800ba74                lv_draw_layer_create
 .text.lv_draw_layer_adjust
                0x0800bad6        0x8 lib/liblvgl.a(lv_draw_layer.c.obj)
                0x0800bad6                lv_draw_layer_adjust
 .text.lv_draw_layer_blend
                0x0800bade        0x8 lib/liblvgl.a(lv_draw_layer.c.obj)
                0x0800bade                lv_draw_layer_blend
 .text.lv_draw_layer_destroy
                0x0800bae6       0x3c lib/liblvgl.a(lv_draw_layer.c.obj)
                0x0800bae6                lv_draw_layer_destroy
 .text.lv_draw_line_dsc_init
                0x0800bb22       0x12 lib/liblvgl.a(lv_draw_line.c.obj)
                0x0800bb22                lv_draw_line_dsc_init
 .text.lv_draw_line
                0x0800bb34       0x1a lib/liblvgl.a(lv_draw_line.c.obj)
                0x0800bb34                lv_draw_line
 *fill*         0x0800bb4e        0x2 
 .text.lv_draw_rect_dsc_init
                0x0800bb50       0x38 lib/liblvgl.a(lv_draw_rect.c.obj)
                0x0800bb50                lv_draw_rect_dsc_init
 .text.lv_draw_rect
                0x0800bb88       0x28 lib/liblvgl.a(lv_draw_rect.c.obj)
                0x0800bb88                lv_draw_rect
 .text._lv_img_buf_get_transformed_area
                0x0800bbb0       0x10 lib/liblvgl.a(lv_img_buf.c.obj)
                0x0800bbb0                _lv_img_buf_get_transformed_area
 .text._lv_img_cache_open
                0x0800bbc0       0x5c lib/liblvgl.a(lv_img_cache.c.obj)
                0x0800bbc0                _lv_img_cache_open
 .text.lv_img_cache_invalidate_src
                0x0800bc1c        0x2 lib/liblvgl.a(lv_img_cache.c.obj)
                0x0800bc1c                lv_img_cache_invalidate_src
 *fill*         0x0800bc1e        0x2 
 .text.lv_img_decoder_built_in_info
                0x0800bc20       0xac lib/liblvgl.a(lv_img_decoder.c.obj)
                0x0800bc20                lv_img_decoder_built_in_info
 .text.lv_img_decoder_built_in_close
                0x0800bccc       0x30 lib/liblvgl.a(lv_img_decoder.c.obj)
                0x0800bccc                lv_img_decoder_built_in_close
 .text.lv_img_decoder_built_in_read_line
                0x0800bcfc      0x33c lib/liblvgl.a(lv_img_decoder.c.obj)
                0x0800bcfc                lv_img_decoder_built_in_read_line
 .text.lv_img_decoder_built_in_open
                0x0800c038      0x1d0 lib/liblvgl.a(lv_img_decoder.c.obj)
                0x0800c038                lv_img_decoder_built_in_open
 .text.lv_img_decoder_get_info
                0x0800c208       0x58 lib/liblvgl.a(lv_img_decoder.c.obj)
                0x0800c208                lv_img_decoder_get_info
 .text.lv_img_decoder_open
                0x0800c260       0xc0 lib/liblvgl.a(lv_img_decoder.c.obj)
                0x0800c260                lv_img_decoder_open
 .text.lv_img_decoder_read_line
                0x0800c320       0x20 lib/liblvgl.a(lv_img_decoder.c.obj)
                0x0800c320                lv_img_decoder_read_line
 .text.lv_img_decoder_close
                0x0800c340       0x22 lib/liblvgl.a(lv_img_decoder.c.obj)
                0x0800c340                lv_img_decoder_close
 *fill*         0x0800c362        0x2 
 .text.lv_img_decoder_create
                0x0800c364       0x1c lib/liblvgl.a(lv_img_decoder.c.obj)
                0x0800c364                lv_img_decoder_create
 .text._lv_img_decoder_init
                0x0800c380       0x38 lib/liblvgl.a(lv_img_decoder.c.obj)
                0x0800c380                _lv_img_decoder_init
 .text.lv_extra_init
                0x0800c3b8        0x4 lib/liblvgl.a(lv_extra.c.obj)
                0x0800c3b8                lv_extra_init
 .text.lv_font_get_glyph_bitmap
                0x0800c3bc        0x4 lib/liblvgl.a(lv_font.c.obj)
                0x0800c3bc                lv_font_get_glyph_bitmap
 .text.lv_font_get_glyph_dsc
                0x0800c3c0       0x90 lib/liblvgl.a(lv_font.c.obj)
                0x0800c3c0                lv_font_get_glyph_dsc
 .text.lv_font_get_glyph_width
                0x0800c450       0x16 lib/liblvgl.a(lv_font.c.obj)
                0x0800c450                lv_font_get_glyph_width
 .text.kern_pair_8_compare
                0x0800c466       0x12 lib/liblvgl.a(lv_font_fmt_txt.c.obj)
 .text.kern_pair_16_compare
                0x0800c478       0x12 lib/liblvgl.a(lv_font_fmt_txt.c.obj)
 .text.unicode_list_compare
                0x0800c48a        0x8 lib/liblvgl.a(lv_font_fmt_txt.c.obj)
 *fill*         0x0800c492        0x2 
 .text.get_glyph_dsc_id
                0x0800c494       0xd0 lib/liblvgl.a(lv_font_fmt_txt.c.obj)
 .text.lv_font_get_bitmap_fmt_txt
                0x0800c564       0x2a lib/liblvgl.a(lv_font_fmt_txt.c.obj)
                0x0800c564                lv_font_get_bitmap_fmt_txt
 *fill*         0x0800c58e        0x2 
 .text.lv_font_get_glyph_dsc_fmt_txt
                0x0800c590      0x14c lib/liblvgl.a(lv_font_fmt_txt.c.obj)
                0x0800c590                lv_font_get_glyph_dsc_fmt_txt
 .text._lv_font_clean_up_fmt_txt
                0x0800c6dc        0x2 lib/liblvgl.a(lv_font_fmt_txt.c.obj)
                0x0800c6dc                _lv_font_clean_up_fmt_txt
 *fill*         0x0800c6de        0x2 
 .text.lv_disp_drv_init
                0x0800c6e0       0x38 lib/liblvgl.a(lv_hal_disp.c.obj)
                0x0800c6e0                lv_disp_drv_init
 .text.lv_disp_draw_buf_init
                0x0800c718       0x14 lib/liblvgl.a(lv_hal_disp.c.obj)
                0x0800c718                lv_disp_draw_buf_init
 .text.lv_disp_drv_register
                0x0800c72c      0x138 lib/liblvgl.a(lv_hal_disp.c.obj)
                0x0800c72c                lv_disp_drv_register
 .text.lv_disp_get_default
                0x0800c864        0xc lib/liblvgl.a(lv_hal_disp.c.obj)
                0x0800c864                lv_disp_get_default
 .text.lv_disp_get_hor_res
                0x0800c870       0x20 lib/liblvgl.a(lv_hal_disp.c.obj)
                0x0800c870                lv_disp_get_hor_res
 .text.lv_disp_get_ver_res
                0x0800c890       0x20 lib/liblvgl.a(lv_hal_disp.c.obj)
                0x0800c890                lv_disp_get_ver_res
 .text.lv_disp_get_dpi
                0x0800c8b0       0x1c lib/liblvgl.a(lv_hal_disp.c.obj)
                0x0800c8b0                lv_disp_get_dpi
 .text.lv_disp_flush_ready
                0x0800c8cc        0xa lib/liblvgl.a(lv_hal_disp.c.obj)
                0x0800c8cc                lv_disp_flush_ready
 *fill*         0x0800c8d6        0x2 
 .text.lv_disp_get_next
                0x0800c8d8       0x14 lib/liblvgl.a(lv_hal_disp.c.obj)
                0x0800c8d8                lv_disp_get_next
 .text.lv_disp_get_draw_buf
                0x0800c8ec        0x6 lib/liblvgl.a(lv_hal_disp.c.obj)
                0x0800c8ec                lv_disp_get_draw_buf
 *fill*         0x0800c8f2        0x2 
 .text.lv_indev_drv_init
                0x0800c8f4       0x20 lib/liblvgl.a(lv_hal_indev.c.obj)
                0x0800c8f4                lv_indev_drv_init
 .text.lv_indev_drv_register
                0x0800c914       0x4c lib/liblvgl.a(lv_hal_indev.c.obj)
                0x0800c914                lv_indev_drv_register
 .text.lv_indev_get_next
                0x0800c960       0x14 lib/liblvgl.a(lv_hal_indev.c.obj)
                0x0800c960                lv_indev_get_next
 .text._lv_indev_read
                0x0800c974       0x42 lib/liblvgl.a(lv_hal_indev.c.obj)
                0x0800c974                _lv_indev_read
 .text.lv_tick_get
                0x0800c9b6        0x4 lib/liblvgl.a(lv_hal_tick.c.obj)
                0x0800c9b6                lv_tick_get
 .text.lv_tick_elaps
                0x0800c9ba        0xc lib/liblvgl.a(lv_hal_tick.c.obj)
                0x0800c9ba                lv_tick_elaps
 .text.lv_anim_path_linear
                0x0800c9c6       0x26 lib/liblvgl.a(lv_anim.c.obj)
                0x0800c9c6                lv_anim_path_linear
 .text.anim_mark_list_change
                0x0800c9ec       0x34 lib/liblvgl.a(lv_anim.c.obj)
 .text.anim_timer
                0x0800ca20      0x174 lib/liblvgl.a(lv_anim.c.obj)
 .text._lv_anim_core_init
                0x0800cb94       0x34 lib/liblvgl.a(lv_anim.c.obj)
                0x0800cb94                _lv_anim_core_init
 .text.lv_anim_init
                0x0800cbc8       0x2c lib/liblvgl.a(lv_anim.c.obj)
                0x0800cbc8                lv_anim_init
 .text.lv_anim_del
                0x0800cbf4       0x60 lib/liblvgl.a(lv_anim.c.obj)
                0x0800cbf4                lv_anim_del
 .text.lv_anim_start
                0x0800cc54       0x80 lib/liblvgl.a(lv_anim.c.obj)
                0x0800cc54                lv_anim_start
 .text.lv_anim_get
                0x0800ccd4       0x30 lib/liblvgl.a(lv_anim.c.obj)
                0x0800ccd4                lv_anim_get
 .text.lv_anim_speed_to_time
                0x0800cd04       0x1c lib/liblvgl.a(lv_anim.c.obj)
                0x0800cd04                lv_anim_speed_to_time
 .text.lv_anim_path_ease_out
                0x0800cd20       0x36 lib/liblvgl.a(lv_anim.c.obj)
                0x0800cd20                lv_anim_path_ease_out
 .text.lv_point_within_circle.isra.0
                0x0800cd56       0x34 lib/liblvgl.a(lv_area.c.obj)
 .text.lv_area_set
                0x0800cd8a        0xe lib/liblvgl.a(lv_area.c.obj)
                0x0800cd8a                lv_area_set
 .text.lv_area_set_width
                0x0800cd98        0xa lib/liblvgl.a(lv_area.c.obj)
                0x0800cd98                lv_area_set_width
 .text.lv_area_set_height
                0x0800cda2        0xa lib/liblvgl.a(lv_area.c.obj)
                0x0800cda2                lv_area_set_height
 .text.lv_area_get_size
                0x0800cdac       0x1c lib/liblvgl.a(lv_area.c.obj)
                0x0800cdac                lv_area_get_size
 .text.lv_area_increase
                0x0800cdc8       0x1e lib/liblvgl.a(lv_area.c.obj)
                0x0800cdc8                lv_area_increase
 .text.lv_area_move
                0x0800cde6       0x22 lib/liblvgl.a(lv_area.c.obj)
                0x0800cde6                lv_area_move
 .text._lv_area_intersect
                0x0800ce08       0x56 lib/liblvgl.a(lv_area.c.obj)
                0x0800ce08                _lv_area_intersect
 .text._lv_area_join
                0x0800ce5e       0x44 lib/liblvgl.a(lv_area.c.obj)
                0x0800ce5e                _lv_area_join
 .text._lv_area_is_point_on
                0x0800cea2      0x12a lib/liblvgl.a(lv_area.c.obj)
                0x0800cea2                _lv_area_is_point_on
 .text._lv_area_is_on
                0x0800cfcc       0x3a lib/liblvgl.a(lv_area.c.obj)
                0x0800cfcc                _lv_area_is_on
 .text._lv_area_is_in
                0x0800d006       0x92 lib/liblvgl.a(lv_area.c.obj)
                0x0800d006                _lv_area_is_in
 .text._lv_area_diff
                0x0800d098      0x138 lib/liblvgl.a(lv_area.c.obj)
                0x0800d098                _lv_area_diff
 .text.lv_point_transform
                0x0800d1d0      0x130 lib/liblvgl.a(lv_area.c.obj)
                0x0800d1d0                lv_point_transform
 .text.lv_color_mix
                0x0800d300       0x34 lib/liblvgl.a(lv_color.c.obj)
 .text.lv_color_black
                0x0800d334        0x6 lib/liblvgl.a(lv_color.c.obj)
 .text.lv_color_fill
                0x0800d33a       0x42 lib/liblvgl.a(lv_color.c.obj)
                0x0800d33a                lv_color_fill
 .text.lv_color_darken
                0x0800d37c       0x14 lib/liblvgl.a(lv_color.c.obj)
                0x0800d37c                lv_color_darken
 .text.lv_palette_main
                0x0800d390       0x14 lib/liblvgl.a(lv_color.c.obj)
                0x0800d390                lv_palette_main
 .text.lv_palette_lighten
                0x0800d3a4       0x24 lib/liblvgl.a(lv_color.c.obj)
                0x0800d3a4                lv_palette_lighten
 .text.lv_palette_darken
                0x0800d3c8       0x20 lib/liblvgl.a(lv_color.c.obj)
                0x0800d3c8                lv_palette_darken
 .text._lv_fs_init
                0x0800d3e8        0xc lib/liblvgl.a(lv_fs.c.obj)
                0x0800d3e8                _lv_fs_init
 .text.lv_fs_close
                0x0800d3f4       0x3e lib/liblvgl.a(lv_fs.c.obj)
                0x0800d3f4                lv_fs_close
 .text.lv_fs_read
                0x0800d432      0x178 lib/liblvgl.a(lv_fs.c.obj)
                0x0800d432                lv_fs_read
 .text.lv_fs_seek
                0x0800d5aa       0x86 lib/liblvgl.a(lv_fs.c.obj)
                0x0800d5aa                lv_fs_seek
 .text.lv_fs_get_drv
                0x0800d630       0x2c lib/liblvgl.a(lv_fs.c.obj)
                0x0800d630                lv_fs_get_drv
 .text.lv_fs_open
                0x0800d65c       0x78 lib/liblvgl.a(lv_fs.c.obj)
                0x0800d65c                lv_fs_open
 .text.lv_fs_get_ext
                0x0800d6d4       0x2c lib/liblvgl.a(lv_fs.c.obj)
                0x0800d6d4                lv_fs_get_ext
 .text.node_set_prev
                0x0800d700        0x8 lib/liblvgl.a(lv_ll.c.obj)
 .text.node_set_next
                0x0800d708        0xa lib/liblvgl.a(lv_ll.c.obj)
 .text._lv_ll_init
                0x0800d712       0x10 lib/liblvgl.a(lv_ll.c.obj)
                0x0800d712                _lv_ll_init
 .text._lv_ll_ins_head
                0x0800d722       0x36 lib/liblvgl.a(lv_ll.c.obj)
                0x0800d722                _lv_ll_ins_head
 .text._lv_ll_ins_prev
                0x0800d758       0x56 lib/liblvgl.a(lv_ll.c.obj)
                0x0800d758                _lv_ll_ins_prev
 .text._lv_ll_ins_tail
                0x0800d7ae       0x38 lib/liblvgl.a(lv_ll.c.obj)
                0x0800d7ae                _lv_ll_ins_tail
 .text._lv_ll_remove
                0x0800d7e6       0x52 lib/liblvgl.a(lv_ll.c.obj)
                0x0800d7e6                _lv_ll_remove
 .text._lv_ll_clear
                0x0800d838       0x24 lib/liblvgl.a(lv_ll.c.obj)
                0x0800d838                _lv_ll_clear
 .text._lv_ll_get_head
                0x0800d85c        0x6 lib/liblvgl.a(lv_ll.c.obj)
                0x0800d85c                _lv_ll_get_head
 .text._lv_ll_get_tail
                0x0800d862        0x6 lib/liblvgl.a(lv_ll.c.obj)
                0x0800d862                _lv_ll_get_tail
 .text._lv_ll_get_next
                0x0800d868        0x8 lib/liblvgl.a(lv_ll.c.obj)
                0x0800d868                _lv_ll_get_next
 .text._lv_ll_get_prev
                0x0800d870        0x6 lib/liblvgl.a(lv_ll.c.obj)
                0x0800d870                _lv_ll_get_prev
 .text._lv_ll_get_len
                0x0800d876       0x18 lib/liblvgl.a(lv_ll.c.obj)
                0x0800d876                _lv_ll_get_len
 .text._lv_ll_is_empty
                0x0800d88e       0x18 lib/liblvgl.a(lv_ll.c.obj)
                0x0800d88e                _lv_ll_is_empty
 *fill*         0x0800d8a6        0x2 
 .text.lv_trigo_sin
                0x0800d8a8       0x58 lib/liblvgl.a(lv_math.c.obj)
                0x0800d8a8                lv_trigo_sin
 .text.lv_bezier3
                0x0800d900       0x40 lib/liblvgl.a(lv_math.c.obj)
                0x0800d900                lv_bezier3
 .text.lv_map   0x0800d940       0x32 lib/liblvgl.a(lv_math.c.obj)
                0x0800d940                lv_map
 *fill*         0x0800d972        0x2 
 .text.lv_mem_init
                0x0800d974       0x1c lib/liblvgl.a(lv_mem.c.obj)
                0x0800d974                lv_mem_init
 .text.lv_mem_alloc
                0x0800d990       0x3c lib/liblvgl.a(lv_mem.c.obj)
                0x0800d990                lv_mem_alloc
 .text.lv_mem_free
                0x0800d9cc       0x30 lib/liblvgl.a(lv_mem.c.obj)
                0x0800d9cc                lv_mem_free
 .text.lv_mem_realloc
                0x0800d9fc       0x34 lib/liblvgl.a(lv_mem.c.obj)
                0x0800d9fc                lv_mem_realloc
 .text.lv_mem_buf_get
                0x0800da30       0x94 lib/liblvgl.a(lv_mem.c.obj)
                0x0800da30                lv_mem_buf_get
 .text.lv_mem_buf_release
                0x0800dac4       0x28 lib/liblvgl.a(lv_mem.c.obj)
                0x0800dac4                lv_mem_buf_release
 .text.lv_mem_buf_free_all
                0x0800daec       0x30 lib/liblvgl.a(lv_mem.c.obj)
                0x0800daec                lv_mem_buf_free_all
 .text.lv_style_set_prop_helper
                0x0800db1c        0x6 lib/liblvgl.a(lv_style.c.obj)
 .text.lv_style_init
                0x0800db22        0x8 lib/liblvgl.a(lv_style.c.obj)
                0x0800db22                lv_style_init
 .text.lv_style_reset
                0x0800db2a       0x22 lib/liblvgl.a(lv_style.c.obj)
                0x0800db2a                lv_style_reset
 .text.lv_style_register_prop
                0x0800db4c       0x70 lib/liblvgl.a(lv_style.c.obj)
                0x0800db4c                lv_style_register_prop
 .text.lv_style_remove_prop
                0x0800dbbc       0xb8 lib/liblvgl.a(lv_style.c.obj)
                0x0800dbbc                lv_style_remove_prop
 .text.lv_style_prop_get_default
                0x0800dc74       0xa0 lib/liblvgl.a(lv_style.c.obj)
                0x0800dc74                lv_style_prop_get_default
 .text.lv_style_get_prop
                0x0800dd14       0x98 lib/liblvgl.a(lv_style.c.obj)
                0x0800dd14                lv_style_get_prop
 .text.lv_style_is_empty
                0x0800ddac        0xa lib/liblvgl.a(lv_style.c.obj)
                0x0800ddac                lv_style_is_empty
 .text._lv_style_get_prop_group
                0x0800ddb6       0x10 lib/liblvgl.a(lv_style.c.obj)
                0x0800ddb6                _lv_style_get_prop_group
 .text.lv_style_set_prop_internal
                0x0800ddc6       0xf0 lib/liblvgl.a(lv_style.c.obj)
 *fill*         0x0800deb6        0x2 
 .text.lv_style_set_prop
                0x0800deb8        0xc lib/liblvgl.a(lv_style.c.obj)
                0x0800deb8                lv_style_set_prop
 .text._lv_style_prop_lookup_flags
                0x0800dec4       0x40 lib/liblvgl.a(lv_style.c.obj)
                0x0800dec4                _lv_style_prop_lookup_flags
 .text._lv_timer_core_init
                0x0800df04       0x1c lib/liblvgl.a(lv_timer.c.obj)
                0x0800df04                _lv_timer_core_init
 .text.lv_timer_create
                0x0800df20       0x40 lib/liblvgl.a(lv_timer.c.obj)
                0x0800df20                lv_timer_create
 .text.lv_timer_del
                0x0800df60       0x24 lib/liblvgl.a(lv_timer.c.obj)
                0x0800df60                lv_timer_del
 .text.lv_timer_handler
                0x0800df84      0x19c lib/liblvgl.a(lv_timer.c.obj)
                0x0800df84                lv_timer_handler
 .text.lv_timer_pause
                0x0800e120        0xa lib/liblvgl.a(lv_timer.c.obj)
                0x0800e120                lv_timer_pause
 .text.lv_timer_resume
                0x0800e12a        0xa lib/liblvgl.a(lv_timer.c.obj)
                0x0800e12a                lv_timer_resume
 .text.lv_timer_ready
                0x0800e134       0x12 lib/liblvgl.a(lv_timer.c.obj)
                0x0800e134                lv_timer_ready
 .text.block_next
                0x0800e146       0x12 lib/liblvgl.a(lv_tlsf.c.obj)
 .text.block_link_next
                0x0800e158        0xc lib/liblvgl.a(lv_tlsf.c.obj)
 .text.block_split
                0x0800e164       0x60 lib/liblvgl.a(lv_tlsf.c.obj)
 .text.adjust_request_size
                0x0800e1c4       0x24 lib/liblvgl.a(lv_tlsf.c.obj)
 .text.remove_free_block
                0x0800e1e8       0x46 lib/liblvgl.a(lv_tlsf.c.obj)
 .text.mapping_insert
                0x0800e22e       0x26 lib/liblvgl.a(lv_tlsf.c.obj)
 .text.block_insert
                0x0800e254       0x5c lib/liblvgl.a(lv_tlsf.c.obj)
 .text.block_prepare_used
                0x0800e2b0       0x5e lib/liblvgl.a(lv_tlsf.c.obj)
 .text.block_remove
                0x0800e30e       0x26 lib/liblvgl.a(lv_tlsf.c.obj)
 .text.block_locate_free
                0x0800e334       0x9c lib/liblvgl.a(lv_tlsf.c.obj)
 .text.block_merge_next
                0x0800e3d0       0x46 lib/liblvgl.a(lv_tlsf.c.obj)
 .text.lv_tlsf_add_pool
                0x0800e416       0x44 lib/liblvgl.a(lv_tlsf.c.obj)
                0x0800e416                lv_tlsf_add_pool
 .text.lv_tlsf_create
                0x0800e45a       0x38 lib/liblvgl.a(lv_tlsf.c.obj)
                0x0800e45a                lv_tlsf_create
 .text.lv_tlsf_create_with_pool
                0x0800e492       0x1c lib/liblvgl.a(lv_tlsf.c.obj)
                0x0800e492                lv_tlsf_create_with_pool
 .text.lv_tlsf_malloc
                0x0800e4ae       0x24 lib/liblvgl.a(lv_tlsf.c.obj)
                0x0800e4ae                lv_tlsf_malloc
 .text.lv_tlsf_free
                0x0800e4d2       0x82 lib/liblvgl.a(lv_tlsf.c.obj)
                0x0800e4d2                lv_tlsf_free
 .text.lv_tlsf_realloc
                0x0800e554       0xee lib/liblvgl.a(lv_tlsf.c.obj)
                0x0800e554                lv_tlsf_realloc
 .text.lv_txt_utf8_size
                0x0800e642       0x36 lib/liblvgl.a(lv_txt.c.obj)
 .text.lv_txt_utf8_next
                0x0800e678       0xd0 lib/liblvgl.a(lv_txt.c.obj)
 .text.lv_txt_utf8_prev
                0x0800e748       0x48 lib/liblvgl.a(lv_txt.c.obj)
 .text.lv_txt_utf8_get_byte_id
                0x0800e790       0x38 lib/liblvgl.a(lv_txt.c.obj)
 .text.lv_txt_utf8_get_char_id
                0x0800e7c8       0x28 lib/liblvgl.a(lv_txt.c.obj)
 .text.lv_txt_utf8_get_length
                0x0800e7f0       0x28 lib/liblvgl.a(lv_txt.c.obj)
 .text._lv_txt_is_cmd
                0x0800e818       0x3c lib/liblvgl.a(lv_txt.c.obj)
                0x0800e818                _lv_txt_is_cmd
 .text._lv_txt_get_next_line
                0x0800e854      0x208 lib/liblvgl.a(lv_txt.c.obj)
                0x0800e854                _lv_txt_get_next_line
 .text._lv_txt_set_text_vfmt
                0x0800ea5c       0x3c lib/liblvgl.a(lv_txt.c.obj)
                0x0800ea5c                _lv_txt_set_text_vfmt
 .text._lv_txt_encoded_letter_next_2
                0x0800ea98       0x34 lib/liblvgl.a(lv_txt.c.obj)
                0x0800ea98                _lv_txt_encoded_letter_next_2
 .text.lv_txt_get_width
                0x0800eacc       0x7e lib/liblvgl.a(lv_txt.c.obj)
                0x0800eacc                lv_txt_get_width
 .text.lv_txt_get_size
                0x0800eb4a       0xb8 lib/liblvgl.a(lv_txt.c.obj)
                0x0800eb4a                lv_txt_get_size
 .text._lv_utils_bsearch
                0x0800ec02       0x40 lib/liblvgl.a(lv_utils.c.obj)
                0x0800ec02                _lv_utils_bsearch
 .text.lv_btn_constructor
                0x0800ec42       0x1a lib/liblvgl.a(lv_btn.c.obj)
 .text.lv_btn_create
                0x0800ec5c       0x18 lib/liblvgl.a(lv_btn.c.obj)
                0x0800ec5c                lv_btn_create
 .text.lv_label_dot_tmp_free
                0x0800ec74       0x26 lib/liblvgl.a(lv_label.c.obj)
 .text.lv_label_destructor
                0x0800ec9a       0x1e lib/liblvgl.a(lv_label.c.obj)
 .text.set_ofs_y_anim
                0x0800ecb8        0x8 lib/liblvgl.a(lv_label.c.obj)
 .text.set_ofs_x_anim
                0x0800ecc0        0x8 lib/liblvgl.a(lv_label.c.obj)
 .text.lv_label_revert_dots
                0x0800ecc8       0x58 lib/liblvgl.a(lv_label.c.obj)
 .text.lv_obj_get_style_text_line_space.constprop.0
                0x0800ed20        0xe lib/liblvgl.a(lv_label.c.obj)
 .text.lv_obj_get_style_text_letter_space.constprop.0
                0x0800ed2e        0xe lib/liblvgl.a(lv_label.c.obj)
 .text.lv_obj_get_style_text_font.constprop.0
                0x0800ed3c        0xc lib/liblvgl.a(lv_label.c.obj)
 .text.lv_obj_get_style_width.constprop.0
                0x0800ed48        0xe lib/liblvgl.a(lv_label.c.obj)
 *fill*         0x0800ed56        0x2 
 .text.lv_label_create
                0x0800ed58       0x18 lib/liblvgl.a(lv_label.c.obj)
                0x0800ed58                lv_label_create
 .text.lv_label_get_letter_on
                0x0800ed70      0x1ec lib/liblvgl.a(lv_label.c.obj)
                0x0800ed70                lv_label_get_letter_on
 .text.lv_label_refr_text
                0x0800ef5c      0x4b0 lib/liblvgl.a(lv_label.c.obj)
 .text.lv_label_set_text
                0x0800f40c       0x74 lib/liblvgl.a(lv_label.c.obj)
                0x0800f40c                lv_label_set_text
 .text.lv_label_set_text_fmt
                0x0800f480       0x4c lib/liblvgl.a(lv_label.c.obj)
                0x0800f480                lv_label_set_text_fmt
 .text.lv_label_set_long_mode
                0x0800f4cc       0x60 lib/liblvgl.a(lv_label.c.obj)
                0x0800f4cc                lv_label_set_long_mode
 .text.lv_label_constructor
                0x0800f52c       0x4c lib/liblvgl.a(lv_label.c.obj)
 .text.lv_label_event
                0x0800f578      0x344 lib/liblvgl.a(lv_label.c.obj)
 .text.lv_slider_get_mode
                0x0800f8bc       0x14 lib/liblvgl.a(lv_slider.c.obj)
 .text.lv_slider_constructor
                0x0800f8d0       0x50 lib/liblvgl.a(lv_slider.c.obj)
 .text.position_knob
                0x0800f920       0xc8 lib/liblvgl.a(lv_slider.c.obj)
 .text.lv_slider_event
                0x0800f9e8      0x748 lib/liblvgl.a(lv_slider.c.obj)
 .text.lv_slider_create
                0x08010130       0x18 lib/liblvgl.a(lv_slider.c.obj)
                0x08010130                lv_slider_create
 .text.get_indev
                0x08010148       0x4c lib/liblvgl.a(lv_group.c.obj)
 .text.focus_next_core
                0x08010194       0xe8 lib/liblvgl.a(lv_group.c.obj)
 .text._lv_group_init
                0x0801027c        0xc lib/liblvgl.a(lv_group.c.obj)
                0x0801027c                _lv_group_init
 .text.lv_group_get_default
                0x08010288        0xc lib/liblvgl.a(lv_group.c.obj)
                0x08010288                lv_group_get_default
 .text.lv_group_focus_next
                0x08010294       0x28 lib/liblvgl.a(lv_group.c.obj)
                0x08010294                lv_group_focus_next
 .text.lv_group_focus_prev
                0x080102bc       0x28 lib/liblvgl.a(lv_group.c.obj)
                0x080102bc                lv_group_focus_prev
 .text.lv_group_refocus
                0x080102e4       0x28 lib/liblvgl.a(lv_group.c.obj)
 .text.lv_group_remove_obj
                0x0801030c       0x90 lib/liblvgl.a(lv_group.c.obj)
                0x0801030c                lv_group_remove_obj
 .text.lv_group_add_obj
                0x0801039c       0x70 lib/liblvgl.a(lv_group.c.obj)
                0x0801039c                lv_group_add_obj
 .text.lv_group_get_focused
                0x0801040c        0xa lib/liblvgl.a(lv_group.c.obj)
                0x0801040c                lv_group_get_focused
 .text.lv_group_send_data
                0x08010416       0x28 lib/liblvgl.a(lv_group.c.obj)
                0x08010416                lv_group_send_data
 .text.lv_group_set_editing
                0x0801043e       0x42 lib/liblvgl.a(lv_group.c.obj)
                0x0801043e                lv_group_set_editing
 .text.lv_group_focus_obj
                0x08010480       0x8a lib/liblvgl.a(lv_group.c.obj)
                0x08010480                lv_group_focus_obj
 .text.lv_group_get_editing
                0x0801050a        0xa lib/liblvgl.a(lv_group.c.obj)
                0x0801050a                lv_group_get_editing
 .text.lv_group_get_obj_count
                0x08010514        0x4 lib/liblvgl.a(lv_group.c.obj)
                0x08010514                lv_group_get_obj_count
 .text.lv_draw_sw_wait_for_finish
                0x08010518        0x2 lib/liblvgl.a(lv_draw_sw.c.obj)
                0x08010518                lv_draw_sw_wait_for_finish
 .text.lv_draw_sw_buffer_copy
                0x0801051a       0x62 lib/liblvgl.a(lv_draw_sw.c.obj)
                0x0801051a                lv_draw_sw_buffer_copy
 .text.lv_draw_sw_init_ctx
                0x0801057c       0x84 lib/liblvgl.a(lv_draw_sw.c.obj)
                0x0801057c                lv_draw_sw_init_ctx
 .text.lv_draw_sw_arc
                0x08010600        0x2 lib/liblvgl.a(lv_draw_sw_arc.c.obj)
                0x08010600                lv_draw_sw_arc
 *fill*         0x08010602        0x2 
 .text.lv_color_mix
                0x08010604       0x34 lib/liblvgl.a(lv_draw_sw_blend.c.obj)
 .text.lv_draw_sw_blend
                0x08010638       0x2c lib/liblvgl.a(lv_draw_sw_blend.c.obj)
                0x08010638                lv_draw_sw_blend
 .text.lv_draw_sw_blend_basic
                0x08010664      0x7ce lib/liblvgl.a(lv_draw_sw_blend.c.obj)
                0x08010664                lv_draw_sw_blend_basic
 .text.lv_draw_sw_img_decoded
                0x08010e32      0x44a lib/liblvgl.a(lv_draw_sw_img.c.obj)
                0x08010e32                lv_draw_sw_img_decoded
 .text.lv_draw_sw_layer_create
                0x0801127c       0xee lib/liblvgl.a(lv_draw_sw_layer.c.obj)
                0x0801127c                lv_draw_sw_layer_create
 .text.lv_draw_sw_layer_adjust
                0x0801136a       0x5c lib/liblvgl.a(lv_draw_sw_layer.c.obj)
                0x0801136a                lv_draw_sw_layer_adjust
 .text.lv_draw_sw_layer_blend
                0x080113c6       0x82 lib/liblvgl.a(lv_draw_sw_layer.c.obj)
                0x080113c6                lv_draw_sw_layer_blend
 .text.lv_draw_sw_layer_destroy
                0x08011448        0x6 lib/liblvgl.a(lv_draw_sw_layer.c.obj)
                0x08011448                lv_draw_sw_layer_destroy
 *fill*         0x0801144e        0x2 
 .text.lv_draw_sw_letter
                0x08011450      0x3c0 lib/liblvgl.a(lv_draw_sw_letter.c.obj)
                0x08011450                lv_draw_sw_letter
 .text.lv_draw_sw_line
                0x08011810      0x212 lib/liblvgl.a(lv_draw_sw_line.c.obj)
                0x08011810                lv_draw_sw_line
 .text.lv_draw_sw_polygon
                0x08011a22        0x2 lib/liblvgl.a(lv_draw_sw_polygon.c.obj)
                0x08011a22                lv_draw_sw_polygon
 .text.draw_bg  0x08011a24       0xca lib/liblvgl.a(lv_draw_sw_rect.c.obj)
 .text.draw_bg_img
                0x08011aee      0x204 lib/liblvgl.a(lv_draw_sw_rect.c.obj)
 .text.draw_border_simple
                0x08011cf2       0xec lib/liblvgl.a(lv_draw_sw_rect.c.obj)
 .text.lv_draw_sw_rect
                0x08011dde      0x158 lib/liblvgl.a(lv_draw_sw_rect.c.obj)
                0x08011dde                lv_draw_sw_rect
 .text.lv_draw_sw_bg
                0x08011f36       0x1a lib/liblvgl.a(lv_draw_sw_rect.c.obj)
                0x08011f36                lv_draw_sw_bg
 .text.lv_area_get_width
                0x08011f50        0xc lib/liblvgl.a(lv_flex.c.obj)
 .text.lv_area_get_height
                0x08011f5c        0xc lib/liblvgl.a(lv_flex.c.obj)
 .text.place_content
                0x08011f68       0x8c lib/liblvgl.a(lv_flex.c.obj)
 .text.get_next_item
                0x08011ff4       0x28 lib/liblvgl.a(lv_flex.c.obj)
 .text.find_track_end
                0x0801201c      0x264 lib/liblvgl.a(lv_flex.c.obj)
 .text.flex_update
                0x08012280      0x6e4 lib/liblvgl.a(lv_flex.c.obj)
 .text.lv_flex_init
                0x08012964       0x60 lib/liblvgl.a(lv_flex.c.obj)
                0x08012964                lv_flex_init
 .text.lv_color_mix
                0x080129c4       0x34 lib/liblvgl.a(lv_theme_default.c.obj)
 .text.theme_apply
                0x080129f8      0x1a8 lib/liblvgl.a(lv_theme_default.c.obj)
 .text.grey_filter_cb
                0x08012ba0       0x2c lib/liblvgl.a(lv_theme_default.c.obj)
 .text.dark_color_filter_cb
                0x08012bcc        0x8 lib/liblvgl.a(lv_theme_default.c.obj)
 .text.lv_style_set_pad_all
                0x08012bd4       0x26 lib/liblvgl.a(lv_theme_default.c.obj)
 *fill*         0x08012bfa        0x2 
 .text.style_init_reset
                0x08012bfc       0x14 lib/liblvgl.a(lv_theme_default.c.obj)
 .text.lv_disp_dpx.part.0
                0x08012c10       0x2a lib/liblvgl.a(lv_theme_default.c.obj)
 *fill*         0x08012c3a        0x2 