Archive member included to satisfy reference by file (symbol)

/usr/lib/gcc/arm-none-eabi/13.2.1/../../../arm-none-eabi/lib/thumb/v7e-m+dp/hard/libg_nano.a(libc_a-vsnprintf.o)
                              CMakeFiles/firsth7.dir/BSP/LCD_ST7789/lcd_core.c.obj (vsnprintf)
/usr/lib/gcc/arm-none-eabi/13.2.1/../../../arm-none-eabi/lib/thumb/v7e-m+dp/hard/libg_nano.a(libc_a-impure.o)
                              /usr/lib/gcc/arm-none-eabi/13.2.1/../../../arm-none-eabi/lib/thumb/v7e-m+dp/hard/libg_nano.a(libc_a-vsnprintf.o) (_impure_ptr)
/usr/lib/gcc/arm-none-eabi/13.2.1/../../../arm-none-eabi/lib/thumb/v7e-m+dp/hard/libg_nano.a(libc_a-nano-svfprintf.o)
                              /usr/lib/gcc/arm-none-eabi/13.2.1/../../../arm-none-eabi/lib/thumb/v7e-m+dp/hard/libg_nano.a(libc_a-vsnprintf.o) (_svfprintf_r)
/usr/lib/gcc/arm-none-eabi/13.2.1/../../../arm-none-eabi/lib/thumb/v7e-m+dp/hard/libg_nano.a(libc_a-init.o)
                              /usr/lib/gcc/arm-none-eabi/13.2.1/../../../arm-none-eabi/lib/thumb/v7e-m+dp/hard/crt0.o (__libc_init_array)
/usr/lib/gcc/arm-none-eabi/13.2.1/../../../arm-none-eabi/lib/thumb/v7e-m+dp/hard/libg_nano.a(libc_a-strlen.o)
                              CMakeFiles/firsth7.dir/ui/ui.c.obj (strlen)
/usr/lib/gcc/arm-none-eabi/13.2.1/../../../arm-none-eabi/lib/thumb/v7e-m+dp/hard/libg_nano.a(libc_a-memset.o)
                              /usr/lib/gcc/arm-none-eabi/13.2.1/../../../arm-none-eabi/lib/thumb/v7e-m+dp/hard/crt0.o (memset)
/usr/lib/gcc/arm-none-eabi/13.2.1/../../../arm-none-eabi/lib/thumb/v7e-m+dp/hard/libg_nano.a(libc_a-errno.o)
                              CMakeFiles/firsth7.dir/Core/Src/sysmem.c.obj (__errno)
/usr/lib/gcc/arm-none-eabi/13.2.1/../../../arm-none-eabi/lib/thumb/v7e-m+dp/hard/libg_nano.a(libc_a-mallocr.o)
                              /usr/lib/gcc/arm-none-eabi/13.2.1/../../../arm-none-eabi/lib/thumb/v7e-m+dp/hard/libg_nano.a(libc_a-nano-svfprintf.o) (_malloc_r)
/usr/lib/gcc/arm-none-eabi/13.2.1/../../../arm-none-eabi/lib/thumb/v7e-m+dp/hard/libg_nano.a(libc_a-freer.o)
                              /usr/lib/gcc/arm-none-eabi/13.2.1/../../../arm-none-eabi/lib/thumb/v7e-m+dp/hard/libg_nano.a(libc_a-nano-svfprintf.o) (_free_r)
/usr/lib/gcc/arm-none-eabi/13.2.1/../../../arm-none-eabi/lib/thumb/v7e-m+dp/hard/libg_nano.a(libc_a-memmove.o)
                              /usr/lib/gcc/arm-none-eabi/13.2.1/../../../arm-none-eabi/lib/thumb/v7e-m+dp/hard/libg_nano.a(libc_a-nano-svfprintf.o) (memmove)
/usr/lib/gcc/arm-none-eabi/13.2.1/../../../arm-none-eabi/lib/thumb/v7e-m+dp/hard/libg_nano.a(libc_a-memchr.o)
                              /usr/lib/gcc/arm-none-eabi/13.2.1/../../../arm-none-eabi/lib/thumb/v7e-m+dp/hard/libg_nano.a(libc_a-nano-svfprintf.o) (memchr)
/usr/lib/gcc/arm-none-eabi/13.2.1/../../../arm-none-eabi/lib/thumb/v7e-m+dp/hard/libg_nano.a(libc_a-memcpy.o)
                              /usr/lib/gcc/arm-none-eabi/13.2.1/../../../arm-none-eabi/lib/thumb/v7e-m+dp/hard/libg_nano.a(libc_a-nano-svfprintf.o) (memcpy)
/usr/lib/gcc/arm-none-eabi/13.2.1/../../../arm-none-eabi/lib/thumb/v7e-m+dp/hard/libg_nano.a(libc_a-reallocr.o)
                              /usr/lib/gcc/arm-none-eabi/13.2.1/../../../arm-none-eabi/lib/thumb/v7e-m+dp/hard/libg_nano.a(libc_a-nano-svfprintf.o) (_realloc_r)
/usr/lib/gcc/arm-none-eabi/13.2.1/../../../arm-none-eabi/lib/thumb/v7e-m+dp/hard/libg_nano.a(libc_a-nano-vfprintf_i.o)
                              /usr/lib/gcc/arm-none-eabi/13.2.1/../../../arm-none-eabi/lib/thumb/v7e-m+dp/hard/libg_nano.a(libc_a-nano-svfprintf.o) (_printf_i)
/usr/lib/gcc/arm-none-eabi/13.2.1/../../../arm-none-eabi/lib/thumb/v7e-m+dp/hard/libg_nano.a(libc_a-mlock.o)
                              /usr/lib/gcc/arm-none-eabi/13.2.1/../../../arm-none-eabi/lib/thumb/v7e-m+dp/hard/libg_nano.a(libc_a-mallocr.o) (__malloc_lock)
/usr/lib/gcc/arm-none-eabi/13.2.1/../../../arm-none-eabi/lib/thumb/v7e-m+dp/hard/libg_nano.a(libc_a-exit.o)
                              /usr/lib/gcc/arm-none-eabi/13.2.1/../../../arm-none-eabi/lib/thumb/v7e-m+dp/hard/crt0.o (exit)
/usr/lib/gcc/arm-none-eabi/13.2.1/../../../arm-none-eabi/lib/thumb/v7e-m+dp/hard/libg_nano.a(libc_a-atexit.o)
                              /usr/lib/gcc/arm-none-eabi/13.2.1/../../../arm-none-eabi/lib/thumb/v7e-m+dp/hard/crt0.o (atexit)
/usr/lib/gcc/arm-none-eabi/13.2.1/../../../arm-none-eabi/lib/thumb/v7e-m+dp/hard/libg_nano.a(libc_a-snprintf.o)
                              CMakeFiles/firsth7.dir/ui/ui.c.obj (snprintf)
/usr/lib/gcc/arm-none-eabi/13.2.1/../../../arm-none-eabi/lib/thumb/v7e-m+dp/hard/libg_nano.a(libc_a-fini.o)
                              /usr/lib/gcc/arm-none-eabi/13.2.1/../../../arm-none-eabi/lib/thumb/v7e-m+dp/hard/crt0.o (__libc_fini_array)
/usr/lib/gcc/arm-none-eabi/13.2.1/../../../arm-none-eabi/lib/thumb/v7e-m+dp/hard/libg_nano.a(libc_a-sbrkr.o)
                              /usr/lib/gcc/arm-none-eabi/13.2.1/../../../arm-none-eabi/lib/thumb/v7e-m+dp/hard/libg_nano.a(libc_a-mallocr.o) (_sbrk_r)
[...]
Memory Configuration

Name             Origin             Length             Attributes
DTCMRAM          0x20000000         0x00020000         xrw
RAM              0x24000000         0x00080000         xrw
RAM_D2           0x30000000         0x00048000         xrw
RAM_D3           0x38000000         0x00010000         xrw
ITCMRAM          0x00000000         0x00010000         xrw
FLASH            0x08000000         0x00020000         xr
*default*        0x00000000         0xffffffff

Linker script and memory map

LOAD /usr/lib/gcc/arm-none-eabi/13.2.1/thumb/v7e-m+dp/hard/crti.o
LOAD /usr/lib/gcc/arm-none-eabi/13.2.1/thumb/v7e-m+dp/hard/crtbegin.o
LOAD /usr/lib/gcc/arm-none-eabi/13.2.1/../../../arm-none-eabi/lib/thumb/v7e-m+dp/hard/crt0.o
LOAD cmake/stm32cubemx/CMakeFiles/STM32_Drivers.dir/__/__/Core/Src/system_stm32h7xx.c.obj
LOAD cmake/stm32cubemx/CMakeFiles/STM32_Drivers.dir/__/__/Drivers/STM32H7xx_HAL_Driver/Src/stm32h7xx_hal_cortex.c.obj
LOAD cmake/stm32cubemx/CMakeFiles/STM32_Drivers.dir/__/__/Drivers/STM32H7xx_HAL_Driver/Src/stm32h7xx_hal_rcc.c.obj
LOAD cmake/stm32cubemx/CMakeFiles/STM32_Drivers.dir/__/__/Drivers/STM32H7xx_HAL_Driver/Src/stm32h7xx_hal_rcc_ex.c.obj
LOAD cmake/stm32cubemx/CMakeFiles/STM32_Drivers.dir/__/__/Drivers/STM32H7xx_HAL_Driver/Src/stm32h7xx_hal_flash.c.obj
LOAD cmake/stm32cubemx/CMakeFiles/STM32_Drivers.dir/__/__/Drivers/STM32H7xx_HAL_Driver/Src/stm32h7xx_hal_flash_ex.c.obj
LOAD cmake/stm32cubemx/CMakeFiles/STM32_Drivers.dir/__/__/Drivers/STM32H7xx_HAL_Driver/Src/stm32h7xx_hal_gpio.c.obj
LOAD cmake/stm32cubemx/CMakeFiles/STM32_Drivers.dir/__/__/Drivers/STM32H7xx_HAL_Driver/Src/stm32h7xx_hal_hsem.c.obj
LOAD cmake/stm32cubemx/CMakeFiles/STM32_Drivers.dir/__/__/Drivers/STM32H7xx_HAL_Driver/Src/stm32h7xx_hal_dma.c.obj
LOAD cmake/stm32cubemx/CMakeFiles/STM32_Drivers.dir/__/__/Drivers/STM32H7xx_HAL_Driver/Src/stm32h7xx_hal_dma_ex.c.obj
LOAD cmake/stm32cubemx/CMakeFiles/STM32_Drivers.dir/__/__/Drivers/STM32H7xx_HAL_Driver/Src/stm32h7xx_hal_mdma.c.obj
LOAD cmake/stm32cubemx/CMakeFiles/STM32_Drivers.dir/__/__/Drivers/STM32H7xx_HAL_Driver/Src/stm32h7xx_hal_pwr.c.obj
LOAD cmake/stm32cubemx/CMakeFiles/STM32_Drivers.dir/__/__/Drivers/STM32H7xx_HAL_Driver/Src/stm32h7xx_hal_pwr_ex.c.obj
LOAD cmake/stm32cubemx/CMakeFiles/STM32_Drivers.dir/__/__/Drivers/STM32H7xx_HAL_Driver/Src/stm32h7xx_hal.c.obj
LOAD cmake/stm32cubemx/CMakeFiles/STM32_Drivers.dir/__/__/Drivers/STM32H7xx_HAL_Driver/Src/stm32h7xx_hal_i2c.c.obj
LOAD cmake/stm32cubemx/CMakeFiles/STM32_Drivers.dir/__/__/Drivers/STM32H7xx_HAL_Driver/Src/stm32h7xx_hal_i2c_ex.c.obj
LOAD cmake/stm32cubemx/CMakeFiles/STM32_Drivers.dir/__/__/Drivers/STM32H7xx_HAL_Driver/Src/stm32h7xx_hal_spi.c.obj
LOAD cmake/stm32cubemx/CMakeFiles/STM32_Drivers.dir/__/__/Drivers/STM32H7xx_HAL_Driver/Src/stm32h7xx_hal_spi_ex.c.obj
LOAD cmake/stm32cubemx/CMakeFiles/STM32_Drivers.dir/__/__/Drivers/STM32H7xx_HAL_Driver/Src/stm32h7xx_hal_exti.c.obj
LOAD cmake/stm32cubemx/CMakeFiles/STM32_Drivers.dir/__/__/Drivers/STM32H7xx_HAL_Driver/Src/stm32h7xx_hal_tim.c.obj
LOAD cmake/stm32cubemx/CMakeFiles/STM32_Drivers.dir/__/__/Drivers/STM32H7xx_HAL_Driver/Src/stm32h7xx_hal_tim_ex.c.obj
LOAD CMakeFiles/firsth7.dir/Core/Src/main.c.obj
LOAD CMakeFiles/firsth7.dir/Core/Src/gpio.c.obj
LOAD CMakeFiles/firsth7.dir/Core/Src/i2c.c.obj
LOAD CMakeFiles/firsth7.dir/Core/Src/spi.c.obj
LOAD CMakeFiles/firsth7.dir/Core/Src/stm32h7xx_it.c.obj
LOAD CMakeFiles/firsth7.dir/Core/Src/stm32h7xx_hal_msp.c.obj
LOAD CMakeFiles/firsth7.dir/Core/Src/sysmem.c.obj
LOAD CMakeFiles/firsth7.dir/Core/Src/syscalls.c.obj
LOAD CMakeFiles/firsth7.dir/ui/ui.c.obj
LOAD CMakeFiles/firsth7.dir/BSP/LCD_ST7789/ft6336.c.obj
LOAD CMakeFiles/firsth7.dir/BSP/LCD_ST7789/lcd_core.c.obj
LOAD CMakeFiles/firsth7.dir/BSP/LCD_ST7789/lcd_font.c.obj
LOAD CMakeFiles/firsth7.dir/BSP/LCD_ST7789/lcd_port.c.obj
LOAD CMakeFiles/firsth7.dir/startup_stm32h750xx.s.obj
LOAD /usr/lib/gcc/arm-none-eabi/13.2.1/../../../arm-none-eabi/lib/thumb/v7e-m+dp/hard/libm.a
START GROUP
LOAD /usr/lib/gcc/arm-none-eabi/13.2.1/thumb/v7e-m+dp/hard/libgcc.a
LOAD /usr/lib/gcc/arm-none-eabi/13.2.1/../../../arm-none-eabi/lib/thumb/v7e-m+dp/hard/libg_nano.a
LOAD /usr/lib/gcc/arm-none-eabi/13.2.1/../../../arm-none-eabi/lib/thumb/v7e-m+dp/hard/libc_nano.a
END GROUP
START GROUP
LOAD /usr/lib/gcc/arm-none-eabi/13.2.1/thumb/v7e-m+dp/hard/libgcc.a
LOAD /usr/lib/gcc/arm-none-eabi/13.2.1/../../../arm-none-eabi/lib/thumb/v7e-m+dp/hard/libc_nano.a
END GROUP
LOAD /usr/lib/gcc/arm-none-eabi/13.2.1/thumb/v7e-m+dp/hard/crtend.o
LOAD /usr/lib/gcc/arm-none-eabi/13.2.1/thumb/v7e-m+dp/hard/crtn.o
                0x20020000                        _estack = (ORIGIN (DTCMRAM) + LENGTH (DTCMRAM))
                0x00000200                        _Min_Heap_Size = 0x200
                0x00000400                        _Min_Stack_Size = 0x400

.isr_vector     0x08000000      0x298
                0x08000000                        . = ALIGN (0x4)
 *(.isr_vector)
 .isr_vector    0x08000000      0x298 CMakeFiles/firsth7.dir/startup_stm32h750xx.s.obj
                0x08000000                g_pfnVectors
                0x08000298                        . = ALIGN (0x4)

.text           0x080002c0     0x7d98
                0x080002c0                        . = ALIGN (0x4)
 *(.text)
 .text          0x080002c0       0x88 /usr/lib/gcc/arm-none-eabi/13.2.1/thumb/v7e-m+dp/hard/crtbegin.o
 .text          0x08000348       0xec /usr/lib/gcc/arm-none-eabi/13.2.1/../../../arm-none-eabi/lib/thumb/v7e-m+dp/hard/libg_nano.a(libc_a-vsnprintf.o)
                0x08000348                vsnprintf
                0x08000348                vsniprintf
                0x080003c0                _vsnprintf_r
                0x080003c0                _vsniprintf_r
 .text          0x08000434      0x400 /usr/lib/gcc/arm-none-eabi/13.2.1/../../../arm-none-eabi/lib/thumb/v7e-m+dp/hard/libg_nano.a(libc_a-nano-svfprintf.o)
                0x08000434                __ssputs_r
                0x080004f4                __ssprint_r
                0x080005fc                _svfprintf_r
                0x080005fc                _svfiprintf_r
 .text          0x08000834       0x50 /usr/lib/gcc/arm-none-eabi/13.2.1/../../../arm-none-eabi/lib/thumb/v7e-m+dp/hard/libg_nano.a(libc_a-init.o)
                0x08000834                __libc_init_array
 *fill*         0x08000884       0x3c 
 .text          0x080008c0       0xd8 /usr/lib/gcc/arm-none-eabi/13.2.1/../../../arm-none-eabi/lib/thumb/v7e-m+dp/hard/libg_nano.a(libc_a-strlen.o)
                0x080008c0                strlen
 .text          0x08000998       0xa4 /usr/lib/gcc/arm-none-eabi/13.2.1/../../../arm-none-eabi/lib/thumb/v7e-m+dp/hard/libg_nano.a(libc_a-memset.o)
                0x08000998                memset
 .text          0x08000a3c        0xc /usr/lib/gcc/arm-none-eabi/13.2.1/../../../arm-none-eabi/lib/thumb/v7e-m+dp/hard/libg_nano.a(libc_a-errno.o)
                0x08000a3c                __errno
 .text          0x08000a48      0x148 /usr/lib/gcc/arm-none-eabi/13.2.1/../../../arm-none-eabi/lib/thumb/v7e-m+dp/hard/libg_nano.a(libc_a-mallocr.o)
                0x08000a90                _malloc_r
 .text          0x08000b90       0xbc /usr/lib/gcc/arm-none-eabi/13.2.1/../../../arm-none-eabi/lib/thumb/v7e-m+dp/hard/libg_nano.a(libc_a-freer.o)
                0x08000b90                _free_r
 .text          0x08000c4c      0x100 /usr/lib/gcc/arm-none-eabi/13.2.1/../../../arm-none-eabi/lib/thumb/v7e-m+dp/hard/libg_nano.a(libc_a-memmove.o)
                0x08000c4c                memmove
 *fill*         0x08000d4c        0x4 
 .text          0x08000d50       0xa0 /usr/lib/gcc/arm-none-eabi/13.2.1/../../../arm-none-eabi/lib/thumb/v7e-m+dp/hard/libg_nano.a(libc_a-memchr.o)
                0x08000d50                memchr
 .text          0x08000df0      0x134 /usr/lib/gcc/arm-none-eabi/13.2.1/../../../arm-none-eabi/lib/thumb/v7e-m+dp/hard/libg_nano.a(libc_a-memcpy.o)
                0x08000df0                memcpy
 .text          0x08000f24       0x64 /usr/lib/gcc/arm-none-eabi/13.2.1/../../../arm-none-eabi/lib/thumb/v7e-m+dp/hard/libg_nano.a(libc_a-reallocr.o)
                0x08000f24                _realloc_r
 .text          0x08000f88      0x3a8 /usr/lib/gcc/arm-none-eabi/13.2.1/../../../arm-none-eabi/lib/thumb/v7e-m+dp/hard/libg_nano.a(libc_a-nano-vfprintf_i.o)
                0x08000f88                _printf_common
                0x080010ac                _printf_i
 .text          0x08001330        0x8 /usr/lib/gcc/arm-none-eabi/13.2.1/../../../arm-none-eabi/lib/thumb/v7e-m+dp/hard/libg_nano.a(libc_a-mlock.o)
                0x08001330                __malloc_lock
                0x08001334                __malloc_unlock
 .text          0x08001338      0x114 /usr/lib/gcc/arm-none-eabi/13.2.1/../../../arm-none-eabi/lib/thumb/v7e-m+dp/hard/libg_nano.a(libc_a-snprintf.o)
                0x08001338                _sniprintf_r
                0x08001338                _snprintf_r
                0x080013bc                snprintf
                0x080013bc                sniprintf
 .text          0x0800144c       0x24 /usr/lib/gcc/arm-none-eabi/13.2.1/../../../arm-none-eabi/lib/thumb/v7e-m+dp/hard/libg_nano.a(libc_a-sbrkr.o)
                0x0800144c                _sbrk_r
 .text          0x08001470       0x10 /usr/lib/gcc/arm-none-eabi/13.2.1/../../../arm-none-eabi/lib/thumb/v7e-m+dp/hard/libg_nano.a(libc_a-msizer.o)
                0x08001470                _malloc_usable_size_r
 *(.text*)
 .text.SystemInit
                0x08001480      0x140 cmake/stm32cubemx/CMakeFiles/STM32_Drivers.dir/__/__/Core/Src/system_stm32h7xx.c.obj
                0x08001480                SystemInit
 .text.ExitRun0Mode
                0x080015c0       0x30 cmake/stm32cubemx/CMakeFiles/STM32_Drivers.dir/__/__/Core/Src/system_stm32h7xx.c.obj
                0x080015c0                ExitRun0Mode
 .text.__NVIC_SetPriorityGrouping
                0x080015f0       0x48 cmake/stm32cubemx/CMakeFiles/STM32_Drivers.dir/__/__/Drivers/STM32H7xx_HAL_Driver/Src/stm32h7xx_hal_cortex.c.obj
 .text.__NVIC_GetPriorityGrouping
                0x08001638       0x1c cmake/stm32cubemx/CMakeFiles/STM32_Drivers.dir/__/__/Drivers/STM32H7xx_HAL_Driver/Src/stm32h7xx_hal_cortex.c.obj
 .text.__NVIC_SetPriority
                0x08001654       0x54 cmake/stm32cubemx/CMakeFiles/STM32_Drivers.dir/__/__/Drivers/STM32H7xx_HAL_Driver/Src/stm32h7xx_hal_cortex.c.obj
 .text.NVIC_EncodePriority
                0x080016a8       0x66 cmake/stm32cubemx/CMakeFiles/STM32_Drivers.dir/__/__/Drivers/STM32H7xx_HAL_Driver/Src/stm32h7xx_hal_cortex.c.obj
 *fill*         0x0800170e        0x2 
 .text.SysTick_Config
                0x08001710       0x44 cmake/stm32cubemx/CMakeFiles/STM32_Drivers.dir/__/__/Drivers/STM32H7xx_HAL_Driver/Src/stm32h7xx_hal_cortex.c.obj
 .text.HAL_NVIC_SetPriorityGrouping
                0x08001754       0x16 cmake/stm32cubemx/CMakeFiles/STM32_Drivers.dir/__/__/Drivers/STM32H7xx_HAL_Driver/Src/stm32h7xx_hal_cortex.c.obj
                0x08001754                HAL_NVIC_SetPriorityGrouping
 .text.HAL_NVIC_SetPriority
                0x0800176a       0x34 cmake/stm32cubemx/CMakeFiles/STM32_Drivers.dir/__/__/Drivers/STM32H7xx_HAL_Driver/Src/stm32h7xx_hal_cortex.c.obj
                0x0800176a                HAL_NVIC_SetPriority
 .text.HAL_SYSTICK_Config
                0x0800179e       0x18 cmake/stm32cubemx/CMakeFiles/STM32_Drivers.dir/__/__/Drivers/STM32H7xx_HAL_Driver/Src/stm32h7xx_hal_cortex.c.obj
                0x0800179e                HAL_SYSTICK_Config
 *fill*         0x080017b6        0x2 
 .text.HAL_RCC_OscConfig
                0x080017b8      0x8b4 cmake/stm32cubemx/CMakeFiles/STM32_Drivers.dir/__/__/Drivers/STM32H7xx_HAL_Driver/Src/stm32h7xx_hal_rcc.c.obj
                0x080017b8                HAL_RCC_OscConfig
 .text.HAL_RCC_ClockConfig
                0x0800206c      0x36c cmake/stm32cubemx/CMakeFiles/STM32_Drivers.dir/__/__/Drivers/STM32H7xx_HAL_Driver/Src/stm32h7xx_hal_rcc.c.obj
                0x0800206c                HAL_RCC_ClockConfig
 .text.HAL_RCC_GetSysClockFreq
                0x080023d8      0x2f4 cmake/stm32cubemx/CMakeFiles/STM32_Drivers.dir/__/__/Drivers/STM32H7xx_HAL_Driver/Src/stm32h7xx_hal_rcc.c.obj
                0x080023d8                HAL_RCC_GetSysClockFreq
 .text.HAL_RCCEx_PeriphCLKConfig
                0x080026cc     0x1414 cmake/stm32cubemx/CMakeFiles/STM32_Drivers.dir/__/__/Drivers/STM32H7xx_HAL_Driver/Src/stm32h7xx_hal_rcc_ex.c.obj
                0x080026cc                HAL_RCCEx_PeriphCLKConfig
 .text.RCCEx_PLL2_Config
                0x08003ae0      0x164 cmake/stm32cubemx/CMakeFiles/STM32_Drivers.dir/__/__/Drivers/STM32H7xx_HAL_Driver/Src/stm32h7xx_hal_rcc_ex.c.obj
 .text.RCCEx_PLL3_Config
                0x08003c44      0x164 cmake/stm32cubemx/CMakeFiles/STM32_Drivers.dir/__/__/Drivers/STM32H7xx_HAL_Driver/Src/stm32h7xx_hal_rcc_ex.c.obj
 .text.HAL_GPIO_Init
                0x08003da8      0x360 cmake/stm32cubemx/CMakeFiles/STM32_Drivers.dir/__/__/Drivers/STM32H7xx_HAL_Driver/Src/stm32h7xx_hal_gpio.c.obj
                0x08003da8                HAL_GPIO_Init
 .text.HAL_GPIO_WritePin
                0x08004108       0x32 cmake/stm32cubemx/CMakeFiles/STM32_Drivers.dir/__/__/Drivers/STM32H7xx_HAL_Driver/Src/stm32h7xx_hal_gpio.c.obj
                0x08004108                HAL_GPIO_WritePin
 *fill*         0x0800413a        0x2 
 .text.HAL_PWREx_ConfigSupply
                0x0800413c       0x74 cmake/stm32cubemx/CMakeFiles/STM32_Drivers.dir/__/__/Drivers/STM32H7xx_HAL_Driver/Src/stm32h7xx_hal_pwr_ex.c.obj
                0x0800413c                HAL_PWREx_ConfigSupply
 .text.HAL_Init
                0x080041b0       0x78 cmake/stm32cubemx/CMakeFiles/STM32_Drivers.dir/__/__/Drivers/STM32H7xx_HAL_Driver/Src/stm32h7xx_hal.c.obj
                0x080041b0                HAL_Init
 .text.HAL_InitTick
                0x08004228       0x6c cmake/stm32cubemx/CMakeFiles/STM32_Drivers.dir/__/__/Drivers/STM32H7xx_HAL_Driver/Src/stm32h7xx_hal.c.obj
                0x08004228                HAL_InitTick
 .text.HAL_IncTick
                0x08004294       0x28 cmake/stm32cubemx/CMakeFiles/STM32_Drivers.dir/__/__/Drivers/STM32H7xx_HAL_Driver/Src/stm32h7xx_hal.c.obj
                0x08004294                HAL_IncTick
 .text.HAL_GetTick
                0x080042bc       0x18 cmake/stm32cubemx/CMakeFiles/STM32_Drivers.dir/__/__/Drivers/STM32H7xx_HAL_Driver/Src/stm32h7xx_hal.c.obj
                0x080042bc                HAL_GetTick
 .text.HAL_Delay
                0x080042d4       0x48 cmake/stm32cubemx/CMakeFiles/STM32_Drivers.dir/__/__/Drivers/STM32H7xx_HAL_Driver/Src/stm32h7xx_hal.c.obj
                0x080042d4                HAL_Delay
 .text.HAL_GetREVID
                0x0800431c       0x18 cmake/stm32cubemx/CMakeFiles/STM32_Drivers.dir/__/__/Drivers/STM32H7xx_HAL_Driver/Src/stm32h7xx_hal.c.obj
                0x0800431c                HAL_GetREVID
 .text.HAL_SYSCFG_AnalogSwitchConfig
                0x08004334       0x2c cmake/stm32cubemx/CMakeFiles/STM32_Drivers.dir/__/__/Drivers/STM32H7xx_HAL_Driver/Src/stm32h7xx_hal.c.obj
                0x08004334                HAL_SYSCFG_AnalogSwitchConfig
 .text.HAL_I2C_Init
                0x08004360      0x138 cmake/stm32cubemx/CMakeFiles/STM32_Drivers.dir/__/__/Drivers/STM32H7xx_HAL_Driver/Src/stm32h7xx_hal_i2c.c.obj
                0x08004360                HAL_I2C_Init
 .text.HAL_I2C_Master_Transmit
                0x08004498      0x230 cmake/stm32cubemx/CMakeFiles/STM32_Drivers.dir/__/__/Drivers/STM32H7xx_HAL_Driver/Src/stm32h7xx_hal_i2c.c.obj
                0x08004498                HAL_I2C_Master_Transmit
 .text.HAL_I2C_Master_Receive
                0x080046c8      0x1ec cmake/stm32cubemx/CMakeFiles/STM32_Drivers.dir/__/__/Drivers/STM32H7xx_HAL_Driver/Src/stm32h7xx_hal_i2c.c.obj
                0x080046c8                HAL_I2C_Master_Receive
 .text.I2C_Flush_TXDR
                0x080048b4       0x48 cmake/stm32cubemx/CMakeFiles/STM32_Drivers.dir/__/__/Drivers/STM32H7xx_HAL_Driver/Src/stm32h7xx_hal_i2c.c.obj
 .text.I2C_WaitOnFlagUntilTimeout
                0x080048fc       0xb2 cmake/stm32cubemx/CMakeFiles/STM32_Drivers.dir/__/__/Drivers/STM32H7xx_HAL_Driver/Src/stm32h7xx_hal_i2c.c.obj
 .text.I2C_WaitOnTXISFlagUntilTimeout
                0x080049ae       0x8e cmake/stm32cubemx/CMakeFiles/STM32_Drivers.dir/__/__/Drivers/STM32H7xx_HAL_Driver/Src/stm32h7xx_hal_i2c.c.obj
 .text.I2C_WaitOnSTOPFlagUntilTimeout
                0x08004a3c       0x86 cmake/stm32cubemx/CMakeFiles/STM32_Drivers.dir/__/__/Drivers/STM32H7xx_HAL_Driver/Src/stm32h7xx_hal_i2c.c.obj
 *fill*         0x08004ac2        0x2 
 .text.I2C_WaitOnRXNEFlagUntilTimeout
                0x08004ac4      0x118 cmake/stm32cubemx/CMakeFiles/STM32_Drivers.dir/__/__/Drivers/STM32H7xx_HAL_Driver/Src/stm32h7xx_hal_i2c.c.obj
 .text.I2C_IsErrorOccurred
                0x08004bdc      0x1c0 cmake/stm32cubemx/CMakeFiles/STM32_Drivers.dir/__/__/Drivers/STM32H7xx_HAL_Driver/Src/stm32h7xx_hal_i2c.c.obj
 .text.I2C_TransferConfig
                0x08004d9c       0x64 cmake/stm32cubemx/CMakeFiles/STM32_Drivers.dir/__/__/Drivers/STM32H7xx_HAL_Driver/Src/stm32h7xx_hal_i2c.c.obj
 .text.HAL_I2CEx_ConfigAnalogFilter
                0x08004e00       0x96 cmake/stm32cubemx/CMakeFiles/STM32_Drivers.dir/__/__/Drivers/STM32H7xx_HAL_Driver/Src/stm32h7xx_hal_i2c_ex.c.obj
                0x08004e00                HAL_I2CEx_ConfigAnalogFilter
 .text.HAL_I2CEx_ConfigDigitalFilter
                0x08004e96       0x98 cmake/stm32cubemx/CMakeFiles/STM32_Drivers.dir/__/__/Drivers/STM32H7xx_HAL_Driver/Src/stm32h7xx_hal_i2c_ex.c.obj
                0x08004e96                HAL_I2CEx_ConfigDigitalFilter
 *fill*         0x08004f2e        0x2 
 .text.HAL_SPI_Init
                0x08004f30      0x248 cmake/stm32cubemx/CMakeFiles/STM32_Drivers.dir/__/__/Drivers/STM32H7xx_HAL_Driver/Src/stm32h7xx_hal_spi.c.obj
                0x08004f30                HAL_SPI_Init
 .text.HAL_SPI_Transmit
                0x08005178      0x3dc cmake/stm32cubemx/CMakeFiles/STM32_Drivers.dir/__/__/Drivers/STM32H7xx_HAL_Driver/Src/stm32h7xx_hal_spi.c.obj
                0x08005178                HAL_SPI_Transmit
 .text.SPI_CloseTransfer
                0x08005554      0x140 cmake/stm32cubemx/CMakeFiles/STM32_Drivers.dir/__/__/Drivers/STM32H7xx_HAL_Driver/Src/stm32h7xx_hal_spi.c.obj
 .text.SPI_WaitOnFlagUntilTimeout
                0x08005694       0x5c cmake/stm32cubemx/CMakeFiles/STM32_Drivers.dir/__/__/Drivers/STM32H7xx_HAL_Driver/Src/stm32h7xx_hal_spi.c.obj
 .text.SPI_GetPacketSize
                0x080056f0       0x36 cmake/stm32cubemx/CMakeFiles/STM32_Drivers.dir/__/__/Drivers/STM32H7xx_HAL_Driver/Src/stm32h7xx_hal_spi.c.obj
 *fill*         0x08005726        0x2 
 .text.main     0x08005728       0xf8 CMakeFiles/firsth7.dir/Core/Src/main.c.obj
                0x08005728                main
 .text.SystemClock_Config
                0x08005820       0xf4 CMakeFiles/firsth7.dir/Core/Src/main.c.obj
                0x08005820                SystemClock_Config
 .text.Error_Handler
                0x08005914        0xc CMakeFiles/firsth7.dir/Core/Src/main.c.obj
                0x08005914                Error_Handler
 .text.MX_GPIO_Init
                0x08005920      0x104 CMakeFiles/firsth7.dir/Core/Src/gpio.c.obj
                0x08005920                MX_GPIO_Init
 .text.MX_I2C1_Init
                0x08005a24       0x80 CMakeFiles/firsth7.dir/Core/Src/i2c.c.obj
                0x08005a24                MX_I2C1_Init
 .text.HAL_I2C_MspInit
                0x08005aa4       0xd4 CMakeFiles/firsth7.dir/Core/Src/i2c.c.obj
                0x08005aa4                HAL_I2C_MspInit
 .text.MX_SPI1_Init
                0x08005b78       0xb0 CMakeFiles/firsth7.dir/Core/Src/spi.c.obj
                0x08005b78                MX_SPI1_Init
 .text.HAL_SPI_MspInit
                0x08005c28       0xd0 CMakeFiles/firsth7.dir/Core/Src/spi.c.obj
                0x08005c28                HAL_SPI_MspInit
 .text.NMI_Handler
                0x08005cf8        0x8 CMakeFiles/firsth7.dir/Core/Src/stm32h7xx_it.c.obj
                0x08005cf8                NMI_Handler
 .text.HardFault_Handler
                0x08005d00        0x8 CMakeFiles/firsth7.dir/Core/Src/stm32h7xx_it.c.obj
                0x08005d00                HardFault_Handler
 .text.MemManage_Handler
                0x08005d08        0x8 CMakeFiles/firsth7.dir/Core/Src/stm32h7xx_it.c.obj
                0x08005d08                MemManage_Handler
 .text.BusFault_Handler
                0x08005d10        0x8 CMakeFiles/firsth7.dir/Core/Src/stm32h7xx_it.c.obj
                0x08005d10                BusFault_Handler
 .text.UsageFault_Handler
                0x08005d18        0x8 CMakeFiles/firsth7.dir/Core/Src/stm32h7xx_it.c.obj
                0x08005d18                UsageFault_Handler
 .text.SVC_Handler
                0x08005d20        0xe CMakeFiles/firsth7.dir/Core/Src/stm32h7xx_it.c.obj
                0x08005d20                SVC_Handler
 .text.DebugMon_Handler
                0x08005d2e        0xe CMakeFiles/firsth7.dir/Core/Src/stm32h7xx_it.c.obj
                0x08005d2e                DebugMon_Handler
 .text.PendSV_Handler
                0x08005d3c        0xe CMakeFiles/firsth7.dir/Core/Src/stm32h7xx_it.c.obj
                0x08005d3c                PendSV_Handler
 .text.SysTick_Handler
                0x08005d4a        0xc CMakeFiles/firsth7.dir/Core/Src/stm32h7xx_it.c.obj
                0x08005d4a                SysTick_Handler
 *fill*         0x08005d56        0x2 
 .text.HAL_MspInit
                0x08005d58       0x34 CMakeFiles/firsth7.dir/Core/Src/stm32h7xx_hal_msp.c.obj
                0x08005d58                HAL_MspInit
 .text._sbrk    0x08005d8c       0x6c CMakeFiles/firsth7.dir/Core/Src/sysmem.c.obj
                0x08005d8c                _sbrk
 .text.NextRandom
                0x08005df8       0x30 CMakeFiles/firsth7.dir/ui/ui.c.obj
 .text.FillRectClamped
                0x08005e28       0xbc CMakeFiles/firsth7.dir/ui/ui.c.obj
 .text.DrawCenteredText
                0x08005ee4       0x78 CMakeFiles/firsth7.dir/ui/ui.c.obj
 .text.DrawHud  0x08005f5c       0xa8 CMakeFiles/firsth7.dir/ui/ui.c.obj
 .text.UpdateHudIfNeeded
                0x08006004       0xc0 CMakeFiles/firsth7.dir/ui/ui.c.obj
 .text.DrawTrack
                0x080060c4       0x7c CMakeFiles/firsth7.dir/ui/ui.c.obj
 .text.RestoreTrackSegment
                0x08006140       0xd0 CMakeFiles/firsth7.dir/ui/ui.c.obj
 .text.RestoreGameBackgroundRect
                0x08006210       0x66 CMakeFiles/firsth7.dir/ui/ui.c.obj
 .text.DrawCloud
                0x08006276       0x6a CMakeFiles/firsth7.dir/ui/ui.c.obj
 .text.DrawDino
                0x080062e0       0xe2 CMakeFiles/firsth7.dir/ui/ui.c.obj
 .text.DrawObstacle
                0x080063c2       0xd8 CMakeFiles/firsth7.dir/ui/ui.c.obj
 *fill*         0x0800649a        0x2 
 .text.DrawSceneBase
                0x0800649c       0x58 CMakeFiles/firsth7.dir/ui/ui.c.obj
 .text.ResetRound
                0x080064f4       0xb4 CMakeFiles/firsth7.dir/ui/ui.c.obj
 .text.DrawTitleScreen
                0x080065a8       0xac CMakeFiles/firsth7.dir/ui/ui.c.obj
 .text.DrawGameOverPanel
                0x08006654      0x134 CMakeFiles/firsth7.dir/ui/ui.c.obj
 .text.StartGame
                0x08006788       0x1c CMakeFiles/firsth7.dir/ui/ui.c.obj
 .text.TouchPressedEdge
                0x080067a4       0x44 CMakeFiles/firsth7.dir/ui/ui.c.obj
 .text.JumpIfPossible
                0x080067e8       0x28 CMakeFiles/firsth7.dir/ui/ui.c.obj
 .text.CheckCollision
                0x08006810       0xac CMakeFiles/firsth7.dir/ui/ui.c.obj
 .text.UpdateGameFrame
                0x080068bc      0x2c8 CMakeFiles/firsth7.dir/ui/ui.c.obj
 .text.ui_set_game_tick_ms
                0x08006b84       0x28 CMakeFiles/firsth7.dir/ui/ui.c.obj
                0x08006b84                ui_set_game_tick_ms
 .text.ui_init  0x08006bac       0x44 CMakeFiles/firsth7.dir/ui/ui.c.obj
                0x08006bac                ui_init
 .text.ui_process
                0x08006bf0       0xec CMakeFiles/firsth7.dir/ui/ui.c.obj
                0x08006bf0                ui_process
 .text.ft6336_read
                0x08006cdc       0x44 CMakeFiles/firsth7.dir/BSP/LCD_ST7789/ft6336.c.obj
                0x08006cdc                ft6336_read
 .text.ft6336_init
                0x08006d20       0x6c CMakeFiles/firsth7.dir/BSP/LCD_ST7789/ft6336.c.obj
                0x08006d20                ft6336_init
 .text.ft6336_scan
                0x08006d8c       0xe8 CMakeFiles/firsth7.dir/BSP/LCD_ST7789/ft6336.c.obj
                0x08006d8c                ft6336_scan
 .text.lcd_set_address
                0x08006e74       0x8c CMakeFiles/firsth7.dir/BSP/LCD_ST7789/lcd_core.c.obj
                0x08006e74                lcd_set_address
 .text.lcd_config_reg_1_14
                0x08006f00      0x190 CMakeFiles/firsth7.dir/BSP/LCD_ST7789/lcd_core.c.obj
                0x08006f00                lcd_config_reg_1_14
 .text.lcd_config_reg_1_47
                0x08007090      0x25c CMakeFiles/firsth7.dir/BSP/LCD_ST7789/lcd_core.c.obj
                0x08007090                lcd_config_reg_1_47
 .text.lcd_config_reg_2_00
                0x080072ec      0x180 CMakeFiles/firsth7.dir/BSP/LCD_ST7789/lcd_core.c.obj
                0x080072ec                lcd_config_reg_2_00
 .text.lcd_config_reg_3_50
                0x0800746c      0x32e CMakeFiles/firsth7.dir/BSP/LCD_ST7789/lcd_core.c.obj
                0x0800746c                lcd_config_reg_3_50
 *fill*         0x0800779a        0x2 
 .text.lcd_init_hw
                0x0800779c       0x90 CMakeFiles/firsth7.dir/BSP/LCD_ST7789/lcd_core.c.obj
                0x0800779c                lcd_init_hw
 .text.lcd_write_reg_data
                0x0800782c       0x58 CMakeFiles/firsth7.dir/BSP/LCD_ST7789/lcd_core.c.obj
                0x0800782c                lcd_write_reg_data
 .text.lcd_init_dev
                0x08007884       0x84 CMakeFiles/firsth7.dir/BSP/LCD_ST7789/lcd_core.c.obj
                0x08007884                lcd_init_dev
 .text.lcd_clear
                0x08007908       0x3a CMakeFiles/firsth7.dir/BSP/LCD_ST7789/lcd_core.c.obj
                0x08007908                lcd_clear
 .text.lcd_draw_point
                0x08007942       0x42 CMakeFiles/firsth7.dir/BSP/LCD_ST7789/lcd_core.c.obj
                0x08007942                lcd_draw_point
 .text.lcd_fill
                0x08007984       0xf8 CMakeFiles/firsth7.dir/BSP/LCD_ST7789/lcd_core.c.obj
                0x08007984                lcd_fill
 .text.lcd_draw_line
                0x08007a7c      0x102 CMakeFiles/firsth7.dir/BSP/LCD_ST7789/lcd_core.c.obj
                0x08007a7c                lcd_draw_line
 .text.lcd_draw_rectangle
                0x08007b7e       0x7a CMakeFiles/firsth7.dir/BSP/LCD_ST7789/lcd_core.c.obj
                0x08007b7e                lcd_draw_rectangle
 .text.lcd_set_font
                0x08007bf8       0x4c CMakeFiles/firsth7.dir/BSP/LCD_ST7789/lcd_core.c.obj
                0x08007bf8                lcd_set_font
 .text.lcd_show_char
                0x08007c44      0x10c CMakeFiles/firsth7.dir/BSP/LCD_ST7789/lcd_core.c.obj
                0x08007c44                lcd_show_char
 .text.lcd_show_string
                0x08007d50       0x64 CMakeFiles/firsth7.dir/BSP/LCD_ST7789/lcd_core.c.obj
                0x08007d50                lcd_show_string
 .text.lcd_print
                0x08007db4       0x52 CMakeFiles/firsth7.dir/BSP/LCD_ST7789/lcd_core.c.obj
                0x08007db4                lcd_print
 .text.lcd_delay
                0x08007e06       0x16 CMakeFiles/firsth7.dir/BSP/LCD_ST7789/lcd_port.c.obj
                0x08007e06                lcd_delay
 .text.lcd_io_ctrl
                0x08007e1c       0x3a CMakeFiles/firsth7.dir/BSP/LCD_ST7789/lcd_port.c.obj
 *fill*         0x08007e56        0x2 
 .text.lcd_spi_transmit
                0x08007e58       0x68 CMakeFiles/firsth7.dir/BSP/LCD_ST7789/lcd_port.c.obj
 .text.lcd_io_rst
                0x08007ec0       0x22 CMakeFiles/firsth7.dir/BSP/LCD_ST7789/lcd_port.c.obj
                0x08007ec0                lcd_io_rst
 .text.lcd_io_bl
                0x08007ee2       0x22 CMakeFiles/firsth7.dir/BSP/LCD_ST7789/lcd_port.c.obj
                0x08007ee2                lcd_io_bl
 .text.lcd_io_dc
                0x08007f04       0x22 CMakeFiles/firsth7.dir/BSP/LCD_ST7789/lcd_port.c.obj
                0x08007f04                lcd_io_dc
 .text.lcd_write_byte
                0x08007f26       0x2a CMakeFiles/firsth7.dir/BSP/LCD_ST7789/lcd_port.c.obj
                0x08007f26                lcd_write_byte
 .text.lcd_write_halfword
                0x08007f50       0x42 CMakeFiles/firsth7.dir/BSP/LCD_ST7789/lcd_port.c.obj
                0x08007f50                lcd_write_halfword
 .text.lcd_write_bulk
                0x08007f92       0x2a CMakeFiles/firsth7.dir/BSP/LCD_ST7789/lcd_port.c.obj
                0x08007f92                lcd_write_bulk
 .text.lcd_write_reg
                0x08007fbc       0x2a CMakeFiles/firsth7.dir/BSP/LCD_ST7789/lcd_port.c.obj
                0x08007fbc                lcd_write_reg
 *fill*         0x08007fe6        0x2 
 .text.Reset_Handler
                0x08007fe8       0x54 CMakeFiles/firsth7.dir/startup_stm32h750xx.s.obj
                0x08007fe8                Reset_Handler
 .text.Default_Handler
                0x0800803c        0x2 CMakeFiles/firsth7.dir/startup_stm32h750xx.s.obj
                0x0800803c                RTC_Alarm_IRQHandler
                0x0800803c                HASH_RNG_IRQHandler
                0x0800803c                EXTI2_IRQHandler
                0x0800803c                TIM8_CC_IRQHandler
                0x0800803c                HRTIM1_Master_IRQHandler
                0x0800803c                UART8_IRQHandler
                0x0800803c                SPI4_IRQHandler
                0x0800803c                TIM1_CC_IRQHandler
                0x0800803c                BDMA_Channel6_IRQHandler
                0x0800803c                DMA2_Stream5_IRQHandler
                0x0800803c                HRTIM1_FLT_IRQHandler
                0x0800803c                JPEG_IRQHandler
                0x0800803c                DMA1_Stream5_IRQHandler
                0x0800803c                BDMA_Channel1_IRQHandler
                0x0800803c                HRTIM1_TIMD_IRQHandler
                0x0800803c                TAMP_STAMP_IRQHandler
                0x0800803c                EXTI3_IRQHandler
                0x0800803c                LPTIM4_IRQHandler
                0x0800803c                TIM8_TRG_COM_TIM14_IRQHandler
                0x0800803c                LPTIM2_IRQHandler
                0x0800803c                DFSDM1_FLT1_IRQHandler
                0x0800803c                DMAMUX2_OVR_IRQHandler
                0x0800803c                TIM8_UP_TIM13_IRQHandler
                0x0800803c                I2C3_ER_IRQHandler
                0x0800803c                DFSDM1_FLT2_IRQHandler
                0x0800803c                MDMA_IRQHandler
                0x0800803c                LPTIM3_IRQHandler
                0x0800803c                HSEM1_IRQHandler
                0x0800803c                EXTI0_IRQHandler
                0x0800803c                I2C2_EV_IRQHandler
                0x0800803c                DMA1_Stream2_IRQHandler
                0x0800803c                FPU_IRQHandler
                0x0800803c                OTG_HS_WKUP_IRQHandler
                0x0800803c                FDCAN1_IT1_IRQHandler
                0x0800803c                LTDC_ER_IRQHandler
                0x0800803c                DMA2_Stream2_IRQHandler
                0x0800803c                HRTIM1_TIME_IRQHandler
                0x0800803c                SPI1_IRQHandler
                0x0800803c                TIM6_DAC_IRQHandler
                0x0800803c                DCMI_IRQHandler
                0x0800803c                HRTIM1_TIMC_IRQHandler
                0x0800803c                DMA2_Stream3_IRQHandler
                0x0800803c                SAI2_IRQHandler
                0x0800803c                DFSDM1_FLT3_IRQHandler
                0x0800803c                USART6_IRQHandler
                0x0800803c                TIM17_IRQHandler
                0x0800803c                USART3_IRQHandler
                0x0800803c                BDMA_Channel7_IRQHandler
                0x0800803c                CRYP_IRQHandler
                0x0800803c                LPTIM5_IRQHandler
                0x0800803c                UART5_IRQHandler
                0x0800803c                ADC3_IRQHandler
                0x0800803c                DMA2_Stream0_IRQHandler
                0x0800803c                TIM4_IRQHandler
                0x0800803c                BDMA_Channel2_IRQHandler
                0x0800803c                QUADSPI_IRQHandler
                0x0800803c                I2C1_EV_IRQHandler
                0x0800803c                DMA1_Stream6_IRQHandler
                0x0800803c                DMAMUX1_OVR_IRQHandler
                0x0800803c                DMA1_Stream1_IRQHandler
                0x0800803c                TIM16_IRQHandler
                0x0800803c                UART4_IRQHandler
                0x0800803c                BDMA_Channel5_IRQHandler
                0x0800803c                TIM3_IRQHandler
                0x0800803c                RCC_IRQHandler
                0x0800803c                TIM8_BRK_TIM12_IRQHandler
                0x0800803c                TIM1_TRG_COM_IRQHandler
                0x0800803c                Default_Handler
                0x0800803c                ECC_IRQHandler
                0x0800803c                CEC_IRQHandler
                0x0800803c                EXTI15_10_IRQHandler
                0x0800803c                BDMA_Channel0_IRQHandler
                0x0800803c                ADC_IRQHandler
                0x0800803c                DMA1_Stream7_IRQHandler
                0x0800803c                HRTIM1_TIMA_IRQHandler
                0x0800803c                SPI5_IRQHandler
                0x0800803c                TIM7_IRQHandler
                0x0800803c                SDMMC1_IRQHandler
                0x0800803c                TIM5_IRQHandler
                0x0800803c                DMA2_Stream7_IRQHandler
                0x0800803c                TIM15_IRQHandler
                0x0800803c                PVD_AVD_IRQHandler
                0x0800803c                I2C3_EV_IRQHandler
                0x0800803c                EXTI9_5_IRQHandler
                0x0800803c                RTC_WKUP_IRQHandler
                0x0800803c                LTDC_IRQHandler
                0x0800803c                SAI3_IRQHandler
                0x0800803c                ETH_WKUP_IRQHandler
                0x0800803c                SPDIF_RX_IRQHandler
                0x0800803c                SPI2_IRQHandler
                0x0800803c                OTG_HS_EP1_IN_IRQHandler
                0x0800803c                DMA1_Stream0_IRQHandler
                0x0800803c                CRS_IRQHandler
                0x0800803c                EXTI4_IRQHandler
                0x0800803c                HRTIM1_TIMB_IRQHandler
                0x0800803c                FDCAN2_IT1_IRQHandler
                0x0800803c                ETH_IRQHandler
                0x0800803c                TIM1_UP_IRQHandler
                0x0800803c                BDMA_Channel4_IRQHandler
                0x0800803c                OTG_HS_EP1_OUT_IRQHandler
                0x0800803c                WWDG_IRQHandler
                0x0800803c                SPI6_IRQHandler
                0x0800803c                MDIOS_IRQHandler
                0x0800803c                I2C4_EV_IRQHandler
                0x0800803c                FDCAN2_IT0_IRQHandler
                0x0800803c                LPUART1_IRQHandler
                0x0800803c                FDCAN1_IT0_IRQHandler
                0x0800803c                TIM2_IRQHandler
                0x0800803c                OTG_FS_WKUP_IRQHandler
                0x0800803c                OTG_HS_IRQHandler
                0x0800803c                DMA2D_IRQHandler
                0x0800803c                TIM1_BRK_IRQHandler
                0x0800803c                EXTI1_IRQHandler
                0x0800803c                SDMMC2_IRQHandler
                0x0800803c                OTG_FS_EP1_OUT_IRQHandler
                0x0800803c                BDMA_Channel3_IRQHandler
                0x0800803c                UART7_IRQHandler
                0x0800803c                MDIOS_WKUP_IRQHandler
                0x0800803c                USART2_IRQHandler
                0x0800803c                DFSDM1_FLT0_IRQHandler
                0x0800803c                SAI4_IRQHandler
                0x0800803c                I2C2_ER_IRQHandler
                0x0800803c                DMA2_Stream1_IRQHandler
                0x0800803c                FLASH_IRQHandler
                0x0800803c                DMA2_Stream4_IRQHandler
                0x0800803c                USART1_IRQHandler
                0x0800803c                OTG_FS_IRQHandler
                0x0800803c                SPI3_IRQHandler
                0x0800803c                WAKEUP_PIN_IRQHandler
                0x0800803c                DMA1_Stream4_IRQHandler
                0x0800803c                OTG_FS_EP1_IN_IRQHandler
                0x0800803c                I2C1_ER_IRQHandler
                0x0800803c                FMC_IRQHandler
                0x0800803c                FDCAN_CAL_IRQHandler
                0x0800803c                SWPMI1_IRQHandler
                0x0800803c                COMP1_IRQHandler
                0x0800803c                LPTIM1_IRQHandler
                0x0800803c                I2C4_ER_IRQHandler
                0x0800803c                DMA2_Stream6_IRQHandler
                0x0800803c                SAI1_IRQHandler
                0x0800803c                DMA1_Stream3_IRQHandler
 *(.glue_7)
 .glue_7        0x0800803e        0x0 linker stubs
 *(.glue_7t)
 .glue_7t       0x0800803e        0x0 linker stubs
 *(.eh_frame)
 *fill*         0x0800803e        0x2 
 .eh_frame      0x08008040        0x0 /usr/lib/gcc/arm-none-eabi/13.2.1/thumb/v7e-m+dp/hard/crtbegin.o
 *(.init)
 .init          0x08008040        0x4 /usr/lib/gcc/arm-none-eabi/13.2.1/thumb/v7e-m+dp/hard/crti.o
                0x08008040                _init
 .init          0x08008044        0x8 /usr/lib/gcc/arm-none-eabi/13.2.1/thumb/v7e-m+dp/hard/crtn.o
 *(.fini)
 .fini          0x0800804c        0x4 /usr/lib/gcc/arm-none-eabi/13.2.1/thumb/v7e-m+dp/hard/crti.o
                0x0800804c                _fini
 .fini          0x08008050        0x8 /usr/lib/gcc/arm-none-eabi/13.2.1/thumb/v7e-m+dp/hard/crtn.o
                0x08008058                        . = ALIGN (0x4)
                0x08008058                        _etext = .

.vfp11_veneer   0x08008058        0x0
 .vfp11_veneer  0x08008058        0x0 linker stubs

.v4_bx          0x08008058        0x0
 .v4_bx         0x08008058        0x0 linker stubs

.iplt           0x08008058        0x0
 .iplt          0x08008058        0x0 /usr/lib/gcc/arm-none-eabi/13.2.1/thumb/v7e-m+dp/hard/crtbegin.o

.rodata         0x08008058      0xba4
                0x08008058                        . = ALIGN (0x4)
 *(.rodata)
 .rodata        0x08008058       0xa1 CMakeFiles/firsth7.dir/ui/ui.c.obj
 *fill*         0x080080f9        0x3 
 .rodata        0x080080fc       0x2e CMakeFiles/firsth7.dir/BSP/LCD_ST7789/lcd_core.c.obj
 *(.rodata*)
 *fill*         0x0800812a        0x2 
 .rodata.D1CorePrescTable
                0x0800812c       0x10 cmake/stm32cubemx/CMakeFiles/STM32_Drivers.dir/__/__/Core/Src/system_stm32h7xx.c.obj
                0x0800812c                D1CorePrescTable
 .rodata.lcd_fonts
                0x0800813c       0x20 CMakeFiles/firsth7.dir/BSP/LCD_ST7789/lcd_font.c.obj
                0x0800813c                lcd_fonts
 .rodata.ascii_1206
                0x0800815c      0x474 CMakeFiles/firsth7.dir/BSP/LCD_ST7789/lcd_font.c.obj
                0x0800815c                ascii_1206
 .rodata.ascii_1608
                0x080085d0      0x5f0 CMakeFiles/firsth7.dir/BSP/LCD_ST7789/lcd_font.c.obj
                0x080085d0                ascii_1608
 .rodata.str1.4
                0x08008bc0       0x39 /usr/lib/gcc/arm-none-eabi/13.2.1/../../../arm-none-eabi/lib/thumb/v7e-m+dp/hard/libg_nano.a(libc_a-nano-svfprintf.o)
                                 0x13 (size before relaxing)
 .rodata.str1.4
                0x08008bf9       0x25 /usr/lib/gcc/arm-none-eabi/13.2.1/../../../arm-none-eabi/lib/thumb/v7e-m+dp/hard/libg_nano.a(libc_a-nano-vfprintf_i.o)
                0x08008c20                        . = ALIGN (0x4)
 *fill*         0x08008bf9        0x3 

.ARM.extab      0x08008bfc        0x0
                0x08008bfc                        . = ALIGN (0x4)
 *(.ARM.extab* .gnu.linkonce.armextab.*)
                0x08008bfc                        . = ALIGN (0x4)

.ARM            0x08008bfc        0x8
                0x08008bfc                        . = ALIGN (0x4)
                0x08008bfc                        __exidx_start = .
 *(.ARM.exidx*)
 .ARM.exidx     0x08008bfc        0x8 /usr/lib/gcc/arm-none-eabi/13.2.1/../../../arm-none-eabi/lib/thumb/v7e-m+dp/hard/libg_nano.a(libc_a-strlen.o)
 .ARM.exidx     0x08008c04        0x0 /usr/lib/gcc/arm-none-eabi/13.2.1/../../../arm-none-eabi/lib/thumb/v7e-m+dp/hard/libg_nano.a(libc_a-memchr.o)
                                  0x8 (size before relaxing)
 .ARM.exidx     0x08008c04        0x0 /usr/lib/gcc/arm-none-eabi/13.2.1/../../../arm-none-eabi/lib/thumb/v7e-m+dp/hard/libg_nano.a(libc_a-memcpy.o)
                                  0x8 (size before relaxing)
                0x08008c04                        __exidx_end = .
                0x08008c04                        . = ALIGN (0x4)

.preinit_array  0x08008c04        0x0
                0x08008c04                        . = ALIGN (0x4)
                0x08008c04                        PROVIDE (__preinit_array_start = .)
 *(.preinit_array*)
                0x08008c04                        PROVIDE (__preinit_array_end = .)
                0x08008c04                        . = ALIGN (0x4)

.init_array     0x08008c04        0x4
                0x08008c04                        . = ALIGN (0x4)
                0x08008c04                        PROVIDE (__init_array_start = .)
 *(SORT_BY_NAME(.init_array.*))
 *(.init_array*)
 .init_array    0x08008c04        0x4 /usr/lib/gcc/arm-none-eabi/13.2.1/thumb/v7e-m+dp/hard/crtbegin.o
                0x08008c08                        PROVIDE (__init_array_end = .)
                0x08008c08                        . = ALIGN (0x4)

.fini_array     0x08008c08        0x4
                0x08008c08                        . = ALIGN (0x4)
                0x08008c08                        PROVIDE (__fini_array_start = .)
 *(SORT_BY_NAME(.fini_array.*))
 *(.fini_array*)
 .fini_array    0x08008c08        0x4 /usr/lib/gcc/arm-none-eabi/13.2.1/thumb/v7e-m+dp/hard/crtbegin.o
                0x08008c0c                        PROVIDE (__fini_array_end = .)
                0x08008c0c                        . = ALIGN (0x4)
                0x08008c0c                        _sidata = LOADADDR (.data)

.rel.dyn        0x08008c0c        0x0
 .rel.iplt      0x08008c0c        0x0 /usr/lib/gcc/arm-none-eabi/13.2.1/thumb/v7e-m+dp/hard/crtbegin.o

.data           0x20000000      0x14c load address 0x08008c0c
                0x20000000                        . = ALIGN (0x4)
                0x20000000                        _sdata = .
 *(.data)
 .data          0x20000000       0x50 /usr/lib/gcc/arm-none-eabi/13.2.1/../../../arm-none-eabi/lib/thumb/v7e-m+dp/hard/libg_nano.a(libc_a-impure.o)
                0x20000000                _impure_ptr
                0x20000004                _impure_data
 *(.data*)
 .data.SystemCoreClock
                0x20000050        0x4 cmake/stm32cubemx/CMakeFiles/STM32_Drivers.dir/__/__/Core/Src/system_stm32h7xx.c.obj
                0x20000050                SystemCoreClock
 .data.SystemD2Clock
                0x20000054        0x4 cmake/stm32cubemx/CMakeFiles/STM32_Drivers.dir/__/__/Core/Src/system_stm32h7xx.c.obj
                0x20000054                SystemD2Clock
 .data.uwTickPrio
                0x20000058        0x4 cmake/stm32cubemx/CMakeFiles/STM32_Drivers.dir/__/__/Drivers/STM32H7xx_HAL_Driver/Src/stm32h7xx_hal.c.obj
                0x20000058                uwTickPrio
 .data.uwTickFreq
                0x2000005c        0x1 cmake/stm32cubemx/CMakeFiles/STM32_Drivers.dir/__/__/Drivers/STM32H7xx_HAL_Driver/Src/stm32h7xx_hal.c.obj
                0x2000005c                uwTickFreq
 *fill*         0x2000005d        0x3 
 .data.game_tick_ms
                0x20000060        0x4 CMakeFiles/firsth7.dir/ui/ui.c.obj
 .data.lcd_io_desc
                0x20000064       0x2c CMakeFiles/firsth7.dir/ui/ui.c.obj
 .data.lcd_desc
                0x20000090       0x2c CMakeFiles/firsth7.dir/ui/ui.c.obj
                0x20000090                lcd_desc
 .data.game     0x200000bc       0x30 CMakeFiles/firsth7.dir/ui/ui.c.obj
 .data.lcd_hw_0_96
                0x200000ec        0xc CMakeFiles/firsth7.dir/BSP/LCD_ST7789/lcd_core.c.obj
                0x200000ec                lcd_hw_0_96
 .data.lcd_hw_1_14
                0x200000f8        0xc CMakeFiles/firsth7.dir/BSP/LCD_ST7789/lcd_core.c.obj
                0x200000f8                lcd_hw_1_14
 .data.lcd_hw_1_47
                0x20000104        0xc CMakeFiles/firsth7.dir/BSP/LCD_ST7789/lcd_core.c.obj
                0x20000104                lcd_hw_1_47
 .data.lcd_hw_2_00
                0x20000110        0xc CMakeFiles/firsth7.dir/BSP/LCD_ST7789/lcd_core.c.obj
                0x20000110                lcd_hw_2_00
 .data.lcd_hw_3_50
                0x2000011c        0xc CMakeFiles/firsth7.dir/BSP/LCD_ST7789/lcd_core.c.obj
                0x2000011c                lcd_hw_3_50
 .data.lcd_hw_desc
                0x20000128       0x14 CMakeFiles/firsth7.dir/BSP/LCD_ST7789/lcd_core.c.obj
                0x20000128                lcd_hw_desc
 .data.lcd_cfg_order
                0x2000013c       0x10 CMakeFiles/firsth7.dir/BSP/LCD_ST7789/lcd_core.c.obj
                0x2000013c                lcd_cfg_order
 *(.RamFunc)
 *(.RamFunc*)
                0x2000014c                        . = ALIGN (0x4)

.tm_clone_table
                0x2000014c        0x0 load address 0x08008d58
 .tm_clone_table
                0x2000014c        0x0 /usr/lib/gcc/arm-none-eabi/13.2.1/thumb/v7e-m+dp/hard/crtbegin.o
 .tm_clone_table
                0x2000014c        0x0 /usr/lib/gcc/arm-none-eabi/13.2.1/thumb/v7e-m+dp/hard/crtend.o

.igot.plt       0x2000014c        0x0 load address 0x08008d58
 .igot.plt      0x2000014c        0x0 /usr/lib/gcc/arm-none-eabi/13.2.1/thumb/v7e-m+dp/hard/crtbegin.o

.tdata          0x2000014c        0x0 load address 0x08008d58
 *(.tdata .tdata.* .gnu.linkonce.td.*)
                0x2000014c                        . = ALIGN (0x4)
                0x2000014c                        _edata = .
                [!provide]                        PROVIDE (__data_end = .)
                [!provide]                        PROVIDE (__tdata_end = .)
                [!provide]                        PROVIDE (__tdata_start = ADDR (.tdata))
                [!provide]                        PROVIDE (__tdata_size = (__tdata_end - __tdata_start))
                [!provide]                        PROVIDE (__data_start = ADDR (.data))
                [!provide]                        PROVIDE (__data_size = (__data_end - __data_start))
                [!provide]                        PROVIDE (__tdata_source = LOADADDR (.tdata))
                [!provide]                        PROVIDE (__tdata_source_end = (LOADADDR (.tdata) + SIZEOF (.tdata)))
                [!provide]                        PROVIDE (__tdata_source_size = (__tdata_source_end - __tdata_source))
                [!provide]                        PROVIDE (__data_source = LOADADDR (.data))
                [!provide]                        PROVIDE (__data_source_end = __tdata_source_end)
                [!provide]                        PROVIDE (__data_source_size = (__data_source_end - __data_source))

.tbss           0x2000014c        0x0 load address 0x08008d58
                0x2000014c                        _sbss = .
                0x2000014c                        __bss_start__ = _sbss
 *(.tbss .tbss.*)
                0x2000014c                        . = ALIGN (0x4)
                [!provide]                        PROVIDE (__tbss_end = .)
                [!provide]                        PROVIDE (__tbss_start = ADDR (.tbss))
                [!provide]                        PROVIDE (__tbss_size = (__tbss_end - __tbss_start))
                [!provide]                        PROVIDE (__tbss_offset = (ADDR (.tbss) - ADDR (.tdata)))
                [!provide]                        PROVIDE (__tls_base = __tdata_start)
                [!provide]                        PROVIDE (__tls_end = __tbss_end)
                [!provide]                        PROVIDE (__tls_size = (__tls_end - __tls_base))
                [!provide]                        PROVIDE (__tls_align = MAX (ALIGNOF (.tdata), ALIGNOF (.tbss)))
                [!provide]                        PROVIDE (__tls_size_align = (((__tls_size + __tls_align) - 0x1) & ~ ((__tls_align - 0x1))))
                [!provide]                        PROVIDE (__arm32_tls_tcb_offset = MAX (0x8, __tls_align))
                [!provide]                        PROVIDE (__arm64_tls_tcb_offset = MAX (0x10, __tls_align))

.bss            0x2000014c      0x4d8 load address 0x08008d58
 *(.bss)
 .bss           0x2000014c       0x1c /usr/lib/gcc/arm-none-eabi/13.2.1/thumb/v7e-m+dp/hard/crtbegin.o
 .bss           0x20000168        0x8 /usr/lib/gcc/arm-none-eabi/13.2.1/../../../arm-none-eabi/lib/thumb/v7e-m+dp/hard/libg_nano.a(libc_a-mallocr.o)
                0x20000168                __malloc_sbrk_start
                0x2000016c                __malloc_free_list
 .bss           0x20000170      0x13c /usr/lib/gcc/arm-none-eabi/13.2.1/../../../arm-none-eabi/lib/thumb/v7e-m+dp/hard/libg_nano.a(libc_a-findfp.o)
                0x20000170                __sf
                0x200002a8                __stdio_exit_handler
 .bss           0x200002ac        0x4 /usr/lib/gcc/arm-none-eabi/13.2.1/../../../arm-none-eabi/lib/thumb/v7e-m+dp/hard/libg_nano.a(libc_a-reent.o)
                0x200002ac                errno
 *(.bss*)
 .bss.uwTick    0x200002b0        0x4 cmake/stm32cubemx/CMakeFiles/STM32_Drivers.dir/__/__/Drivers/STM32H7xx_HAL_Driver/Src/stm32h7xx_hal.c.obj
                0x200002b0                uwTick
 .bss.hi2c1     0x200002b4       0x54 CMakeFiles/firsth7.dir/Core/Src/i2c.c.obj
                0x200002b4                hi2c1
 .bss.hspi1     0x20000308       0x88 CMakeFiles/firsth7.dir/Core/Src/spi.c.obj
                0x20000308                hspi1
 .bss.__sbrk_heap_end
                0x20000390        0x4 CMakeFiles/firsth7.dir/Core/Src/sysmem.c.obj
 .bss.lcd_line_buffer
                0x20000394      0x280 CMakeFiles/firsth7.dir/ui/ui.c.obj
 .bss.pressed   0x20000614        0x1 CMakeFiles/firsth7.dir/ui/ui.c.obj
                0x20000614                pressed
 *fill*         0x20000615        0x1 
 .bss.x_pos     0x20000616        0x2 CMakeFiles/firsth7.dir/ui/ui.c.obj
                0x20000616                x_pos
 .bss.y_pos     0x20000618        0x2 CMakeFiles/firsth7.dir/ui/ui.c.obj
                0x20000618                y_pos
 *fill*         0x2000061a        0x2 
 .bss.touch_tick
                0x2000061c        0x4 CMakeFiles/firsth7.dir/ui/ui.c.obj
 .bss.pi2c      0x20000620        0x4 CMakeFiles/firsth7.dir/BSP/LCD_ST7789/ft6336.c.obj
 *(COMMON)
                0x20000624                        . = ALIGN (0x4)
                0x20000624                        _ebss = .
                0x20000624                        __bss_end__ = _ebss
                [!provide]                        PROVIDE (__bss_end = .)
                [!provide]                        PROVIDE (__non_tls_bss_start = ADDR (.bss))
                [!provide]                        PROVIDE (__bss_start = __tbss_start)
                [!provide]                        PROVIDE (__bss_size = (__bss_end - __bss_start))

._user_heap_stack
                0x20000624      0x604 load address 0x08008d58
                0x20000628                        . = ALIGN (0x8)
 *fill*         0x20000624        0x4 
                [!provide]                        PROVIDE (end = .)
                0x20000628                        PROVIDE (_end = .)
                0x20000828                        . = (. + _Min_Heap_Size)
 *fill*         0x20000628      0x200 
                0x20000c28                        . = (. + _Min_Stack_Size)
 *fill*         0x20000828      0x400 
                0x20000c28                        . = ALIGN (0x8)

/DISCARD/
 libc.a:*(*)
 libm.a:*(*)
 libgcc.a:*(*)
OUTPUT(firsth7.elf elf32-littlearm)
LOAD linker stubs

.ARM.attributes
                0x00000000       0x2e
 .ARM.attributes
                0x00000000       0x20 /usr/lib/gcc/arm-none-eabi/13.2.1/thumb/v7e-m+dp/hard/crti.o
 .ARM.attributes
                0x00000020       0x32 /usr/lib/gcc/arm-none-eabi/13.2.1/thumb/v7e-m+dp/hard/crtbegin.o
 .ARM.attributes
                0x00000052       0x32 cmake/stm32cubemx/CMakeFiles/STM32_Drivers.dir/__/__/Core/Src/system_stm32h7xx.c.obj
 .ARM.attributes
                0x00000084       0x32 cmake/stm32cubemx/CMakeFiles/STM32_Drivers.dir/__/__/Drivers/STM32H7xx_HAL_Driver/Src/stm32h7xx_hal_cortex.c.obj
 .ARM.attributes
                0x000000b6       0x32 cmake/stm32cubemx/CMakeFiles/STM32_Drivers.dir/__/__/Drivers/STM32H7xx_HAL_Driver/Src/stm32h7xx_hal_rcc.c.obj
 .ARM.attributes
                0x000000e8       0x32 cmake/stm32cubemx/CMakeFiles/STM32_Drivers.dir/__/__/Drivers/STM32H7xx_HAL_Driver/Src/stm32h7xx_hal_rcc_ex.c.obj
 .ARM.attributes
                0x0000011a       0x32 cmake/stm32cubemx/CMakeFiles/STM32_Drivers.dir/__/__/Drivers/STM32H7xx_HAL_Driver/Src/stm32h7xx_hal_gpio.c.obj
 .ARM.attributes
                0x0000014c       0x32 cmake/stm32cubemx/CMakeFiles/STM32_Drivers.dir/__/__/Drivers/STM32H7xx_HAL_Driver/Src/stm32h7xx_hal_pwr_ex.c.obj
 .ARM.attributes
                0x0000017e       0x32 cmake/stm32cubemx/CMakeFiles/STM32_Drivers.dir/__/__/Drivers/STM32H7xx_HAL_Driver/Src/stm32h7xx_hal.c.obj
 .ARM.attributes
                0x000001b0       0x32 cmake/stm32cubemx/CMakeFiles/STM32_Drivers.dir/__/__/Drivers/STM32H7xx_HAL_Driver/Src/stm32h7xx_hal_i2c.c.obj
 .ARM.attributes
                0x000001e2       0x32 cmake/stm32cubemx/CMakeFiles/STM32_Drivers.dir/__/__/Drivers/STM32H7xx_HAL_Driver/Src/stm32h7xx_hal_i2c_ex.c.obj
 .ARM.attributes
                0x00000214       0x32 cmake/stm32cubemx/CMakeFiles/STM32_Drivers.dir/__/__/Drivers/STM32H7xx_HAL_Driver/Src/stm32h7xx_hal_spi.c.obj
 .ARM.attributes
                0x00000246       0x32 CMakeFiles/firsth7.dir/Core/Src/main.c.obj
 .ARM.attributes
                0x00000278       0x32 CMakeFiles/firsth7.dir/Core/Src/gpio.c.obj
 .ARM.attributes
                0x000002aa       0x32 CMakeFiles/firsth7.dir/Core/Src/i2c.c.obj
 .ARM.attributes
                0x000002dc       0x32 CMakeFiles/firsth7.dir/Core/Src/spi.c.obj
 .ARM.attributes
                0x0000030e       0x32 CMakeFiles/firsth7.dir/Core/Src/stm32h7xx_it.c.obj
 .ARM.attributes
                0x00000340       0x32 CMakeFiles/firsth7.dir/Core/Src/stm32h7xx_hal_msp.c.obj
 .ARM.attributes
                0x00000372       0x32 CMakeFiles/firsth7.dir/Core/Src/sysmem.c.obj
 .ARM.attributes
                0x000003a4       0x32 CMakeFiles/firsth7.dir/ui/ui.c.obj
 .ARM.attributes
                0x000003d6       0x32 CMakeFiles/firsth7.dir/BSP/LCD_ST7789/ft6336.c.obj
 .ARM.attributes
                0x00000408       0x32 CMakeFiles/firsth7.dir/BSP/LCD_ST7789/lcd_core.c.obj
 .ARM.attributes
                0x0000043a       0x32 CMakeFiles/firsth7.dir/BSP/LCD_ST7789/lcd_font.c.obj
 .ARM.attributes
                0x0000046c       0x32 CMakeFiles/firsth7.dir/BSP/LCD_ST7789/lcd_port.c.obj
 .ARM.attributes
                0x0000049e       0x21 CMakeFiles/firsth7.dir/startup_stm32h750xx.s.obj
 .ARM.attributes
                0x000004bf       0x32 /usr/lib/gcc/arm-none-eabi/13.2.1/../../../arm-none-eabi/lib/thumb/v7e-m+dp/hard/libg_nano.a(libc_a-vsnprintf.o)
 .ARM.attributes
                0x000004f1       0x32 /usr/lib/gcc/arm-none-eabi/13.2.1/../../../arm-none-eabi/lib/thumb/v7e-m+dp/hard/libg_nano.a(libc_a-impure.o)
 .ARM.attributes
                0x00000523       0x32 /usr/lib/gcc/arm-none-eabi/13.2.1/../../../arm-none-eabi/lib/thumb/v7e-m+dp/hard/libg_nano.a(libc_a-nano-svfprintf.o)
 .ARM.attributes
                0x00000555       0x32 /usr/lib/gcc/arm-none-eabi/13.2.1/../../../arm-none-eabi/lib/thumb/v7e-m+dp/hard/libg_nano.a(libc_a-init.o)
 .ARM.attributes
                0x00000587       0x1c /usr/lib/gcc/arm-none-eabi/13.2.1/../../../arm-none-eabi/lib/thumb/v7e-m+dp/hard/libg_nano.a(libc_a-strlen.o)
 .ARM.attributes
                0x000005a3       0x32 /usr/lib/gcc/arm-none-eabi/13.2.1/../../../arm-none-eabi/lib/thumb/v7e-m+dp/hard/libg_nano.a(libc_a-memset.o)
 .ARM.attributes
                0x000005d5       0x32 /usr/lib/gcc/arm-none-eabi/13.2.1/../../../arm-none-eabi/lib/thumb/v7e-m+dp/hard/libg_nano.a(libc_a-errno.o)
 .ARM.attributes
                0x00000607       0x32 /usr/lib/gcc/arm-none-eabi/13.2.1/../../../arm-none-eabi/lib/thumb/v7e-m+dp/hard/libg_nano.a(libc_a-mallocr.o)
 .ARM.attributes
                0x00000639       0x32 /usr/lib/gcc/arm-none-eabi/13.2.1/../../../arm-none-eabi/lib/thumb/v7e-m+dp/hard/libg_nano.a(libc_a-freer.o)
 .ARM.attributes
                0x0000066b       0x32 /usr/lib/gcc/arm-none-eabi/13.2.1/../../../arm-none-eabi/lib/thumb/v7e-m+dp/hard/libg_nano.a(libc_a-memmove.o)
 .ARM.attributes
                0x0000069d       0x1c /usr/lib/gcc/arm-none-eabi/13.2.1/../../../arm-none-eabi/lib/thumb/v7e-m+dp/hard/libg_nano.a(libc_a-memchr.o)
 .ARM.attributes
                0x000006b9       0x1e /usr/lib/gcc/arm-none-eabi/13.2.1/../../../arm-none-eabi/lib/thumb/v7e-m+dp/hard/libg_nano.a(libc_a-memcpy.o)
 .ARM.attributes
                0x000006d7       0x32 /usr/lib/gcc/arm-none-eabi/13.2.1/../../../arm-none-eabi/lib/thumb/v7e-m+dp/hard/libg_nano.a(libc_a-reallocr.o)
 .ARM.attributes
                0x00000709       0x32 /usr/lib/gcc/arm-none-eabi/13.2.1/../../../arm-none-eabi/lib/thumb/v7e-m+dp/hard/libg_nano.a(libc_a-nano-vfprintf_i.o)
 .ARM.attributes
                0x0000073b       0x32 /usr/lib/gcc/arm-none-eabi/13.2.1/../../../arm-none-eabi/lib/thumb/v7e-m+dp/hard/libg_nano.a(libc_a-mlock.o)
 .ARM.attributes
                0x0000076d       0x32 /usr/lib/gcc/arm-none-eabi/13.2.1/../../../arm-none-eabi/lib/thumb/v7e-m+dp/hard/libg_nano.a(libc_a-snprintf.o)
 .ARM.attributes
                0x0000079f       0x32 /usr/lib/gcc/arm-none-eabi/13.2.1/../../../arm-none-eabi/lib/thumb/v7e-m+dp/hard/libg_nano.a(libc_a-sbrkr.o)
 .ARM.attributes
                0x000007d1       0x32 /usr/lib/gcc/arm-none-eabi/13.2.1/../../../arm-none-eabi/lib/thumb/v7e-m+dp/hard/libg_nano.a(libc_a-msizer.o)
 .ARM.attributes
                0x00000803       0x32 /usr/lib/gcc/arm-none-eabi/13.2.1/../../../arm-none-eabi/lib/thumb/v7e-m+dp/hard/libg_nano.a(libc_a-findfp.o)
 .ARM.attributes
                0x00000835       0x32 /usr/lib/gcc/arm-none-eabi/13.2.1/../../../arm-none-eabi/lib/thumb/v7e-m+dp/hard/libg_nano.a(libc_a-reent.o)
 .ARM.attributes
                0x00000867       0x32 /usr/lib/gcc/arm-none-eabi/13.2.1/thumb/v7e-m+dp/hard/crtend.o
 .ARM.attributes
                0x00000899       0x20 /usr/lib/gcc/arm-none-eabi/13.2.1/thumb/v7e-m+dp/hard/crtn.o

.comment        0x00000000       0x26
 .comment       0x00000000       0x26 /usr/lib/gcc/arm-none-eabi/13.2.1/thumb/v7e-m+dp/hard/crtbegin.o
                                 0x27 (size before relaxing)
 .comment       0x00000026       0x27 cmake/stm32cubemx/CMakeFiles/STM32_Drivers.dir/__/__/Core/Src/system_stm32h7xx.c.obj
 .comment       0x00000026       0x27 cmake/stm32cubemx/CMakeFiles/STM32_Drivers.dir/__/__/Drivers/STM32H7xx_HAL_Driver/Src/stm32h7xx_hal_cortex.c.obj
 .comment       0x00000026       0x27 cmake/stm32cubemx/CMakeFiles/STM32_Drivers.dir/__/__/Drivers/STM32H7xx_HAL_Driver/Src/stm32h7xx_hal_rcc.c.obj
 .comment       0x00000026       0x27 cmake/stm32cubemx/CMakeFiles/STM32_Drivers.dir/__/__/Drivers/STM32H7xx_HAL_Driver/Src/stm32h7xx_hal_rcc_ex.c.obj
 .comment       0x00000026       0x27 cmake/stm32cubemx/CMakeFiles/STM32_Drivers.dir/__/__/Drivers/STM32H7xx_HAL_Driver/Src/stm32h7xx_hal_gpio.c.obj
 .comment       0x00000026       0x27 cmake/stm32cubemx/CMakeFiles/STM32_Drivers.dir/__/__/Drivers/STM32H7xx_HAL_Driver/Src/stm32h7xx_hal_pwr_ex.c.obj
 .comment       0x00000026       0x27 cmake/stm32cubemx/CMakeFiles/STM32_Drivers.dir/__/__/Drivers/STM32H7xx_HAL_Driver/Src/stm32h7xx_hal.c.obj
 .comment       0x00000026       0x27 cmake/stm32cubemx/CMakeFiles/STM32_Drivers.dir/__/__/Drivers/STM32H7xx_HAL_Driver/Src/stm32h7xx_hal_i2c.c.obj
 .comment       0x00000026       0x27 cmake/stm32cubemx/CMakeFiles/STM32_Drivers.dir/__/__/Drivers/STM32H7xx_HAL_Driver/Src/stm32h7xx_hal_i2c_ex.c.obj
 .comment       0x00000026       0x27 cmake/stm32cubemx/CMakeFiles/STM32_Drivers.dir/__/__/Drivers/STM32H7xx_HAL_Driver/Src/stm32h7xx_hal_spi.c.obj
 .comment       0x00000026       0x27 CMakeFiles/firsth7.dir/Core/Src/main.c.obj
 .comment       0x00000026       0x27 CMakeFiles/firsth7.dir/Core/Src/gpio.c.obj
 .comment       0x00000026       0x27 CMakeFiles/firsth7.dir/Core/Src/i2c.c.obj
 .comment       0x00000026       0x27 CMakeFiles/firsth7.dir/Core/Src/spi.c.obj
 .comment       0x00000026       0x27 CMakeFiles/firsth7.dir/Core/Src/stm32h7xx_it.c.obj
 .comment       0x00000026       0x27 CMakeFiles/firsth7.dir/Core/Src/stm32h7xx_hal_msp.c.obj
 .comment       0x00000026       0x27 CMakeFiles/firsth7.dir/Core/Src/sysmem.c.obj
 .comment       0x00000026       0x27 CMakeFiles/firsth7.dir/ui/ui.c.obj
 .comment       0x00000026       0x27 CMakeFiles/firsth7.dir/BSP/LCD_ST7789/ft6336.c.obj
 .comment       0x00000026       0x27 CMakeFiles/firsth7.dir/BSP/LCD_ST7789/lcd_core.c.obj
 .comment       0x00000026       0x27 CMakeFiles/firsth7.dir/BSP/LCD_ST7789/lcd_font.c.obj
 .comment       0x00000026       0x27 CMakeFiles/firsth7.dir/BSP/LCD_ST7789/lcd_port.c.obj
 .comment       0x00000026       0x27 /usr/lib/gcc/arm-none-eabi/13.2.1/../../../arm-none-eabi/lib/thumb/v7e-m+dp/hard/libg_nano.a(libc_a-vsnprintf.o)
 .comment       0x00000026       0x27 /usr/lib/gcc/arm-none-eabi/13.2.1/../../../arm-none-eabi/lib/thumb/v7e-m+dp/hard/libg_nano.a(libc_a-impure.o)
 .comment       0x00000026       0x27 /usr/lib/gcc/arm-none-eabi/13.2.1/../../../arm-none-eabi/lib/thumb/v7e-m+dp/hard/libg_nano.a(libc_a-nano-svfprintf.o)
 .comment       0x00000026       0x27 /usr/lib/gcc/arm-none-eabi/13.2.1/../../../arm-none-eabi/lib/thumb/v7e-m+dp/hard/libg_nano.a(libc_a-init.o)
 .comment       0x00000026       0x27 /usr/lib/gcc/arm-none-eabi/13.2.1/../../../arm-none-eabi/lib/thumb/v7e-m+dp/hard/libg_nano.a(libc_a-memset.o)
 .comment       0x00000026       0x27 /usr/lib/gcc/arm-none-eabi/13.2.1/../../../arm-none-eabi/lib/thumb/v7e-m+dp/hard/libg_nano.a(libc_a-errno.o)
 .comment       0x00000026       0x27 /usr/lib/gcc/arm-none-eabi/13.2.1/../../../arm-none-eabi/lib/thumb/v7e-m+dp/hard/libg_nano.a(libc_a-mallocr.o)
 .comment       0x00000026       0x27 /usr/lib/gcc/arm-none-eabi/13.2.1/../../../arm-none-eabi/lib/thumb/v7e-m+dp/hard/libg_nano.a(libc_a-freer.o)
 .comment       0x00000026       0x27 /usr/lib/gcc/arm-none-eabi/13.2.1/../../../arm-none-eabi/lib/thumb/v7e-m+dp/hard/libg_nano.a(libc_a-memmove.o)
 .comment       0x00000026       0x27 /usr/lib/gcc/arm-none-eabi/13.2.1/../../../arm-none-eabi/lib/thumb/v7e-m+dp/hard/libg_nano.a(libc_a-reallocr.o)
 .comment       0x00000026       0x27 /usr/lib/gcc/arm-none-eabi/13.2.1/../../../arm-none-eabi/lib/thumb/v7e-m+dp/hard/libg_nano.a(libc_a-nano-vfprintf_i.o)
 .comment       0x00000026       0x27 /usr/lib/gcc/arm-none-eabi/13.2.1/../../../arm-none-eabi/lib/thumb/v7e-m+dp/hard/libg_nano.a(libc_a-mlock.o)
 .comment       0x00000026       0x27 /usr/lib/gcc/arm-none-eabi/13.2.1/../../../arm-none-eabi/lib/thumb/v7e-m+dp/hard/libg_nano.a(libc_a-snprintf.o)
 .comment       0x00000026       0x27 /usr/lib/gcc/arm-none-eabi/13.2.1/../../../arm-none-eabi/lib/thumb/v7e-m+dp/hard/libg_nano.a(libc_a-sbrkr.o)
 .comment       0x00000026       0x27 /usr/lib/gcc/arm-none-eabi/13.2.1/../../../arm-none-eabi/lib/thumb/v7e-m+dp/hard/libg_nano.a(libc_a-msizer.o)
 .comment       0x00000026       0x27 /usr/lib/gcc/arm-none-eabi/13.2.1/../../../arm-none-eabi/lib/thumb/v7e-m+dp/hard/libg_nano.a(libc_a-findfp.o)
 .comment       0x00000026       0x27 /usr/lib/gcc/arm-none-eabi/13.2.1/../../../arm-none-eabi/lib/thumb/v7e-m+dp/hard/libg_nano.a(libc_a-reent.o)
 .comment       0x00000026       0x27 /usr/lib/gcc/arm-none-eabi/13.2.1/thumb/v7e-m+dp/hard/crtend.o

.debug_info     0x00000000    0x1b693
 .debug_info    0x00000000      0xd9a cmake/stm32cubemx/CMakeFiles/STM32_Drivers.dir/__/__/Core/Src/system_stm32h7xx.c.obj
 .debug_info    0x00000d9a     0x1093 cmake/stm32cubemx/CMakeFiles/STM32_Drivers.dir/__/__/Drivers/STM32H7xx_HAL_Driver/Src/stm32h7xx_hal_cortex.c.obj
 .debug_info    0x00001e2d      0xe46 cmake/stm32cubemx/CMakeFiles/STM32_Drivers.dir/__/__/Drivers/STM32H7xx_HAL_Driver/Src/stm32h7xx_hal_rcc.c.obj
 .debug_info    0x00002c73     0x1201 cmake/stm32cubemx/CMakeFiles/STM32_Drivers.dir/__/__/Drivers/STM32H7xx_HAL_Driver/Src/stm32h7xx_hal_rcc_ex.c.obj
 .debug_info    0x00003e74      0xc42 cmake/stm32cubemx/CMakeFiles/STM32_Drivers.dir/__/__/Drivers/STM32H7xx_HAL_Driver/Src/stm32h7xx_hal_gpio.c.obj
 .debug_info    0x00004ab6      0xffa cmake/stm32cubemx/CMakeFiles/STM32_Drivers.dir/__/__/Drivers/STM32H7xx_HAL_Driver/Src/stm32h7xx_hal_pwr_ex.c.obj
 .debug_info    0x00005ab0     0x1529 cmake/stm32cubemx/CMakeFiles/STM32_Drivers.dir/__/__/Drivers/STM32H7xx_HAL_Driver/Src/stm32h7xx_hal.c.obj
 .debug_info    0x00006fd9     0x22a5 cmake/stm32cubemx/CMakeFiles/STM32_Drivers.dir/__/__/Drivers/STM32H7xx_HAL_Driver/Src/stm32h7xx_hal_i2c.c.obj
 .debug_info    0x0000927e      0xd60 cmake/stm32cubemx/CMakeFiles/STM32_Drivers.dir/__/__/Drivers/STM32H7xx_HAL_Driver/Src/stm32h7xx_hal_i2c_ex.c.obj
 .debug_info    0x00009fde     0x1426 cmake/stm32cubemx/CMakeFiles/STM32_Drivers.dir/__/__/Drivers/STM32H7xx_HAL_Driver/Src/stm32h7xx_hal_spi.c.obj
 .debug_info    0x0000b404      0xc0c CMakeFiles/firsth7.dir/Core/Src/main.c.obj
 .debug_info    0x0000c010      0x632 CMakeFiles/firsth7.dir/Core/Src/gpio.c.obj
 .debug_info    0x0000c642      0xfc7 CMakeFiles/firsth7.dir/Core/Src/i2c.c.obj
 .debug_info    0x0000d609     0x1060 CMakeFiles/firsth7.dir/Core/Src/spi.c.obj
 .debug_info    0x0000e669      0x128 CMakeFiles/firsth7.dir/Core/Src/stm32h7xx_it.c.obj
 .debug_info    0x0000e791      0x458 CMakeFiles/firsth7.dir/Core/Src/stm32h7xx_hal_msp.c.obj
 .debug_info    0x0000ebe9      0x150 CMakeFiles/firsth7.dir/Core/Src/sysmem.c.obj
 .debug_info    0x0000ed39     0x1737 CMakeFiles/firsth7.dir/ui/ui.c.obj
 .debug_info    0x00010470      0xc37 CMakeFiles/firsth7.dir/BSP/LCD_ST7789/ft6336.c.obj
 .debug_info    0x000110a7      0xc7a CMakeFiles/firsth7.dir/BSP/LCD_ST7789/lcd_core.c.obj
 .debug_info    0x00011d21      0x2ae CMakeFiles/firsth7.dir/BSP/LCD_ST7789/lcd_font.c.obj
 .debug_info    0x00011fcf      0xb78 CMakeFiles/firsth7.dir/BSP/LCD_ST7789/lcd_port.c.obj
 .debug_info    0x00012b47       0x30 CMakeFiles/firsth7.dir/startup_stm32h750xx.s.obj
 .debug_info    0x00012b77      0x95a /usr/lib/gcc/arm-none-eabi/13.2.1/../../../arm-none-eabi/lib/thumb/v7e-m+dp/hard/libg_nano.a(libc_a-vsnprintf.o)
 .debug_info    0x000134d1      0x70b /usr/lib/gcc/arm-none-eabi/13.2.1/../../../arm-none-eabi/lib/thumb/v7e-m+dp/hard/libg_nano.a(libc_a-impure.o)
 .debug_info    0x00013bdc     0x1092 /usr/lib/gcc/arm-none-eabi/13.2.1/../../../arm-none-eabi/lib/thumb/v7e-m+dp/hard/libg_nano.a(libc_a-nano-svfprintf.o)
 .debug_info    0x00014c6e      0x10b /usr/lib/gcc/arm-none-eabi/13.2.1/../../../arm-none-eabi/lib/thumb/v7e-m+dp/hard/libg_nano.a(libc_a-init.o)
 .debug_info    0x00014d79       0x33 /usr/lib/gcc/arm-none-eabi/13.2.1/../../../arm-none-eabi/lib/thumb/v7e-m+dp/hard/libg_nano.a(libc_a-strlen.o)
 .debug_info    0x00014dac      0x135 /usr/lib/gcc/arm-none-eabi/13.2.1/../../../arm-none-eabi/lib/thumb/v7e-m+dp/hard/libg_nano.a(libc_a-memset.o)
 .debug_info    0x00014ee1      0x6f1 /usr/lib/gcc/arm-none-eabi/13.2.1/../../../arm-none-eabi/lib/thumb/v7e-m+dp/hard/libg_nano.a(libc_a-errno.o)
 .debug_info    0x000155d2      0x9b6 /usr/lib/gcc/arm-none-eabi/13.2.1/../../../arm-none-eabi/lib/thumb/v7e-m+dp/hard/libg_nano.a(libc_a-mallocr.o)
 .debug_info    0x00015f88      0x87f /usr/lib/gcc/arm-none-eabi/13.2.1/../../../arm-none-eabi/lib/thumb/v7e-m+dp/hard/libg_nano.a(libc_a-freer.o)
 .debug_info    0x00016807      0x148 /usr/lib/gcc/arm-none-eabi/13.2.1/../../../arm-none-eabi/lib/thumb/v7e-m+dp/hard/libg_nano.a(libc_a-memmove.o)
 .debug_info    0x0001694f       0x25 /usr/lib/gcc/arm-none-eabi/13.2.1/../../../arm-none-eabi/lib/thumb/v7e-m+dp/hard/libg_nano.a(libc_a-memchr.o)
 .debug_info    0x00016974       0x33 /usr/lib/gcc/arm-none-eabi/13.2.1/../../../arm-none-eabi/lib/thumb/v7e-m+dp/hard/libg_nano.a(libc_a-memcpy.o)
 .debug_info    0x000169a7      0x8cd /usr/lib/gcc/arm-none-eabi/13.2.1/../../../arm-none-eabi/lib/thumb/v7e-m+dp/hard/libg_nano.a(libc_a-reallocr.o)
 .debug_info    0x00017274      0xdd7 /usr/lib/gcc/arm-none-eabi/13.2.1/../../../arm-none-eabi/lib/thumb/v7e-m+dp/hard/libg_nano.a(libc_a-nano-vfprintf_i.o)
 .debug_info    0x0001804b      0x71c /usr/lib/gcc/arm-none-eabi/13.2.1/../../../arm-none-eabi/lib/thumb/v7e-m+dp/hard/libg_nano.a(libc_a-mlock.o)
 .debug_info    0x00018767      0x8ff /usr/lib/gcc/arm-none-eabi/13.2.1/../../../arm-none-eabi/lib/thumb/v7e-m+dp/hard/libg_nano.a(libc_a-snprintf.o)
 .debug_info    0x00019066      0x778 /usr/lib/gcc/arm-none-eabi/13.2.1/../../../arm-none-eabi/lib/thumb/v7e-m+dp/hard/libg_nano.a(libc_a-sbrkr.o)
 .debug_info    0x000197de      0x78a /usr/lib/gcc/arm-none-eabi/13.2.1/../../../arm-none-eabi/lib/thumb/v7e-m+dp/hard/libg_nano.a(libc_a-msizer.o)
 .debug_info    0x00019f68      0xe8c /usr/lib/gcc/arm-none-eabi/13.2.1/../../../arm-none-eabi/lib/thumb/v7e-m+dp/hard/libg_nano.a(libc_a-findfp.o)
 .debug_info    0x0001adf4      0x89f /usr/lib/gcc/arm-none-eabi/13.2.1/../../../arm-none-eabi/lib/thumb/v7e-m+dp/hard/libg_nano.a(libc_a-reent.o)

.debug_abbrev   0x00000000     0x4ee2
 .debug_abbrev  0x00000000      0x165 cmake/stm32cubemx/CMakeFiles/STM32_Drivers.dir/__/__/Core/Src/system_stm32h7xx.c.obj
 .debug_abbrev  0x00000165      0x339 cmake/stm32cubemx/CMakeFiles/STM32_Drivers.dir/__/__/Drivers/STM32H7xx_HAL_Driver/Src/stm32h7xx_hal_cortex.c.obj
 .debug_abbrev  0x0000049e      0x2c8 cmake/stm32cubemx/CMakeFiles/STM32_Drivers.dir/__/__/Drivers/STM32H7xx_HAL_Driver/Src/stm32h7xx_hal_rcc.c.obj
 .debug_abbrev  0x00000766      0x269 cmake/stm32cubemx/CMakeFiles/STM32_Drivers.dir/__/__/Drivers/STM32H7xx_HAL_Driver/Src/stm32h7xx_hal_rcc_ex.c.obj
 .debug_abbrev  0x000009cf      0x205 cmake/stm32cubemx/CMakeFiles/STM32_Drivers.dir/__/__/Drivers/STM32H7xx_HAL_Driver/Src/stm32h7xx_hal_gpio.c.obj
 .debug_abbrev  0x00000bd4      0x2a7 cmake/stm32cubemx/CMakeFiles/STM32_Drivers.dir/__/__/Drivers/STM32H7xx_HAL_Driver/Src/stm32h7xx_hal_pwr_ex.c.obj
 .debug_abbrev  0x00000e7b      0x295 cmake/stm32cubemx/CMakeFiles/STM32_Drivers.dir/__/__/Drivers/STM32H7xx_HAL_Driver/Src/stm32h7xx_hal.c.obj
 .debug_abbrev  0x00001110      0x25d cmake/stm32cubemx/CMakeFiles/STM32_Drivers.dir/__/__/Drivers/STM32H7xx_HAL_Driver/Src/stm32h7xx_hal_i2c.c.obj
 .debug_abbrev  0x0000136d      0x1f5 cmake/stm32cubemx/CMakeFiles/STM32_Drivers.dir/__/__/Drivers/STM32H7xx_HAL_Driver/Src/stm32h7xx_hal_i2c_ex.c.obj
 .debug_abbrev  0x00001562      0x2b1 cmake/stm32cubemx/CMakeFiles/STM32_Drivers.dir/__/__/Drivers/STM32H7xx_HAL_Driver/Src/stm32h7xx_hal_spi.c.obj
 .debug_abbrev  0x00001813      0x2cf CMakeFiles/firsth7.dir/Core/Src/main.c.obj
 .debug_abbrev  0x00001ae2      0x18a CMakeFiles/firsth7.dir/Core/Src/gpio.c.obj
 .debug_abbrev  0x00001c6c      0x24c CMakeFiles/firsth7.dir/Core/Src/i2c.c.obj
 .debug_abbrev  0x00001eb8      0x229 CMakeFiles/firsth7.dir/Core/Src/spi.c.obj
 .debug_abbrev  0x000020e1       0x73 CMakeFiles/firsth7.dir/Core/Src/stm32h7xx_it.c.obj
 .debug_abbrev  0x00002154       0xdb CMakeFiles/firsth7.dir/Core/Src/stm32h7xx_hal_msp.c.obj
 .debug_abbrev  0x0000222f       0xbc CMakeFiles/firsth7.dir/Core/Src/sysmem.c.obj
 .debug_abbrev  0x000022eb      0x398 CMakeFiles/firsth7.dir/ui/ui.c.obj
 .debug_abbrev  0x00002683      0x1f9 CMakeFiles/firsth7.dir/BSP/LCD_ST7789/ft6336.c.obj
 .debug_abbrev  0x0000287c      0x253 CMakeFiles/firsth7.dir/BSP/LCD_ST7789/lcd_core.c.obj
 .debug_abbrev  0x00002acf       0xd4 CMakeFiles/firsth7.dir/BSP/LCD_ST7789/lcd_font.c.obj
 .debug_abbrev  0x00002ba3      0x1c6 CMakeFiles/firsth7.dir/BSP/LCD_ST7789/lcd_port.c.obj
 .debug_abbrev  0x00002d69       0x24 CMakeFiles/firsth7.dir/startup_stm32h750xx.s.obj
 .debug_abbrev  0x00002d8d      0x281 /usr/lib/gcc/arm-none-eabi/13.2.1/../../../arm-none-eabi/lib/thumb/v7e-m+dp/hard/libg_nano.a(libc_a-vsnprintf.o)
 .debug_abbrev  0x0000300e      0x149 /usr/lib/gcc/arm-none-eabi/13.2.1/../../../arm-none-eabi/lib/thumb/v7e-m+dp/hard/libg_nano.a(libc_a-impure.o)
 .debug_abbrev  0x00003157      0x32f /usr/lib/gcc/arm-none-eabi/13.2.1/../../../arm-none-eabi/lib/thumb/v7e-m+dp/hard/libg_nano.a(libc_a-nano-svfprintf.o)
 .debug_abbrev  0x00003486       0xc9 /usr/lib/gcc/arm-none-eabi/13.2.1/../../../arm-none-eabi/lib/thumb/v7e-m+dp/hard/libg_nano.a(libc_a-init.o)
 .debug_abbrev  0x0000354f       0x28 /usr/lib/gcc/arm-none-eabi/13.2.1/../../../arm-none-eabi/lib/thumb/v7e-m+dp/hard/libg_nano.a(libc_a-strlen.o)
 .debug_abbrev  0x00003577       0xb7 /usr/lib/gcc/arm-none-eabi/13.2.1/../../../arm-none-eabi/lib/thumb/v7e-m+dp/hard/libg_nano.a(libc_a-memset.o)
 .debug_abbrev  0x0000362e      0x15e /usr/lib/gcc/arm-none-eabi/13.2.1/../../../arm-none-eabi/lib/thumb/v7e-m+dp/hard/libg_nano.a(libc_a-errno.o)
 .debug_abbrev  0x0000378c      0x24a /usr/lib/gcc/arm-none-eabi/13.2.1/../../../arm-none-eabi/lib/thumb/v7e-m+dp/hard/libg_nano.a(libc_a-mallocr.o)
 .debug_abbrev  0x000039d6      0x249 /usr/lib/gcc/arm-none-eabi/13.2.1/../../../arm-none-eabi/lib/thumb/v7e-m+dp/hard/libg_nano.a(libc_a-freer.o)
 .debug_abbrev  0x00003c1f       0xc3 /usr/lib/gcc/arm-none-eabi/13.2.1/../../../arm-none-eabi/lib/thumb/v7e-m+dp/hard/libg_nano.a(libc_a-memmove.o)
 .debug_abbrev  0x00003ce2       0x14 /usr/lib/gcc/arm-none-eabi/13.2.1/../../../arm-none-eabi/lib/thumb/v7e-m+dp/hard/libg_nano.a(libc_a-memchr.o)
 .debug_abbrev  0x00003cf6       0x28 /usr/lib/gcc/arm-none-eabi/13.2.1/../../../arm-none-eabi/lib/thumb/v7e-m+dp/hard/libg_nano.a(libc_a-memcpy.o)
 .debug_abbrev  0x00003d1e      0x20c /usr/lib/gcc/arm-none-eabi/13.2.1/../../../arm-none-eabi/lib/thumb/v7e-m+dp/hard/libg_nano.a(libc_a-reallocr.o)
 .debug_abbrev  0x00003f2a      0x284 /usr/lib/gcc/arm-none-eabi/13.2.1/../../../arm-none-eabi/lib/thumb/v7e-m+dp/hard/libg_nano.a(libc_a-nano-vfprintf_i.o)
 .debug_abbrev  0x000041ae      0x192 /usr/lib/gcc/arm-none-eabi/13.2.1/../../../arm-none-eabi/lib/thumb/v7e-m+dp/hard/libg_nano.a(libc_a-mlock.o)
 .debug_abbrev  0x00004340      0x23c /usr/lib/gcc/arm-none-eabi/13.2.1/../../../arm-none-eabi/lib/thumb/v7e-m+dp/hard/libg_nano.a(libc_a-snprintf.o)
 .debug_abbrev  0x0000457c      0x1da /usr/lib/gcc/arm-none-eabi/13.2.1/../../../arm-none-eabi/lib/thumb/v7e-m+dp/hard/libg_nano.a(libc_a-sbrkr.o)
 .debug_abbrev  0x00004756      0x196 /usr/lib/gcc/arm-none-eabi/13.2.1/../../../arm-none-eabi/lib/thumb/v7e-m+dp/hard/libg_nano.a(libc_a-msizer.o)
 .debug_abbrev  0x000048ec      0x408 /usr/lib/gcc/arm-none-eabi/13.2.1/../../../arm-none-eabi/lib/thumb/v7e-m+dp/hard/libg_nano.a(libc_a-findfp.o)
 .debug_abbrev  0x00004cf4      0x1ee /usr/lib/gcc/arm-none-eabi/13.2.1/../../../arm-none-eabi/lib/thumb/v7e-m+dp/hard/libg_nano.a(libc_a-reent.o)

.debug_aranges  0x00000000     0x10e0
 .debug_aranges
                0x00000000       0x30 cmake/stm32cubemx/CMakeFiles/STM32_Drivers.dir/__/__/Core/Src/system_stm32h7xx.c.obj
 .debug_aranges
                0x00000030      0x130 cmake/stm32cubemx/CMakeFiles/STM32_Drivers.dir/__/__/Drivers/STM32H7xx_HAL_Driver/Src/stm32h7xx_hal_cortex.c.obj
 .debug_aranges
                0x00000160       0x88 cmake/stm32cubemx/CMakeFiles/STM32_Drivers.dir/__/__/Drivers/STM32H7xx_HAL_Driver/Src/stm32h7xx_hal_rcc.c.obj
 .debug_aranges
                0x000001e8       0xf8 cmake/stm32cubemx/CMakeFiles/STM32_Drivers.dir/__/__/Drivers/STM32H7xx_HAL_Driver/Src/stm32h7xx_hal_rcc_ex.c.obj
 .debug_aranges
                0x000002e0       0x58 cmake/stm32cubemx/CMakeFiles/STM32_Drivers.dir/__/__/Drivers/STM32H7xx_HAL_Driver/Src/stm32h7xx_hal_gpio.c.obj
 .debug_aranges
                0x00000338      0x158 cmake/stm32cubemx/CMakeFiles/STM32_Drivers.dir/__/__/Drivers/STM32H7xx_HAL_Driver/Src/stm32h7xx_hal_pwr_ex.c.obj
 .debug_aranges
                0x00000490      0x198 cmake/stm32cubemx/CMakeFiles/STM32_Drivers.dir/__/__/Drivers/STM32H7xx_HAL_Driver/Src/stm32h7xx_hal.c.obj
 .debug_aranges
                0x00000628      0x2a0 cmake/stm32cubemx/CMakeFiles/STM32_Drivers.dir/__/__/Drivers/STM32H7xx_HAL_Driver/Src/stm32h7xx_hal_i2c.c.obj
 .debug_aranges
                0x000008c8       0x48 cmake/stm32cubemx/CMakeFiles/STM32_Drivers.dir/__/__/Drivers/STM32H7xx_HAL_Driver/Src/stm32h7xx_hal_i2c_ex.c.obj
 .debug_aranges
                0x00000910      0x1a8 cmake/stm32cubemx/CMakeFiles/STM32_Drivers.dir/__/__/Drivers/STM32H7xx_HAL_Driver/Src/stm32h7xx_hal_spi.c.obj
 .debug_aranges
                0x00000ab8       0x38 CMakeFiles/firsth7.dir/Core/Src/main.c.obj
 .debug_aranges
                0x00000af0       0x20 CMakeFiles/firsth7.dir/Core/Src/gpio.c.obj
 .debug_aranges
                0x00000b10       0x30 CMakeFiles/firsth7.dir/Core/Src/i2c.c.obj
 .debug_aranges
                0x00000b40       0x30 CMakeFiles/firsth7.dir/Core/Src/spi.c.obj
 .debug_aranges
                0x00000b70       0x60 CMakeFiles/firsth7.dir/Core/Src/stm32h7xx_it.c.obj
 .debug_aranges
                0x00000bd0       0x20 CMakeFiles/firsth7.dir/Core/Src/stm32h7xx_hal_msp.c.obj
 .debug_aranges
                0x00000bf0       0x20 CMakeFiles/firsth7.dir/Core/Src/sysmem.c.obj
 .debug_aranges
                0x00000c10       0xd0 CMakeFiles/firsth7.dir/ui/ui.c.obj
 .debug_aranges
                0x00000ce0       0x30 CMakeFiles/firsth7.dir/BSP/LCD_ST7789/ft6336.c.obj
 .debug_aranges
                0x00000d10       0xa8 CMakeFiles/firsth7.dir/BSP/LCD_ST7789/lcd_core.c.obj
 .debug_aranges
                0x00000db8       0x18 CMakeFiles/firsth7.dir/BSP/LCD_ST7789/lcd_font.c.obj
 .debug_aranges
                0x00000dd0       0x70 CMakeFiles/firsth7.dir/BSP/LCD_ST7789/lcd_port.c.obj
 .debug_aranges
                0x00000e40       0x28 CMakeFiles/firsth7.dir/startup_stm32h750xx.s.obj
 .debug_aranges
                0x00000e68       0x20 /usr/lib/gcc/arm-none-eabi/13.2.1/../../../arm-none-eabi/lib/thumb/v7e-m+dp/hard/libg_nano.a(libc_a-vsnprintf.o)
 .debug_aranges
                0x00000e88       0x18 /usr/lib/gcc/arm-none-eabi/13.2.1/../../../arm-none-eabi/lib/thumb/v7e-m+dp/hard/libg_nano.a(libc_a-impure.o)
 .debug_aranges
                0x00000ea0       0x20 /usr/lib/gcc/arm-none-eabi/13.2.1/../../../arm-none-eabi/lib/thumb/v7e-m+dp/hard/libg_nano.a(libc_a-nano-svfprintf.o)
 .debug_aranges
                0x00000ec0       0x20 /usr/lib/gcc/arm-none-eabi/13.2.1/../../../arm-none-eabi/lib/thumb/v7e-m+dp/hard/libg_nano.a(libc_a-init.o)
 .debug_aranges
                0x00000ee0       0x20 /usr/lib/gcc/arm-none-eabi/13.2.1/../../../arm-none-eabi/lib/thumb/v7e-m+dp/hard/libg_nano.a(libc_a-strlen.o)
 .debug_aranges
                0x00000f00       0x20 /usr/lib/gcc/arm-none-eabi/13.2.1/../../../arm-none-eabi/lib/thumb/v7e-m+dp/hard/libg_nano.a(libc_a-memset.o)
 .debug_aranges
                0x00000f20       0x20 /usr/lib/gcc/arm-none-eabi/13.2.1/../../../arm-none-eabi/lib/thumb/v7e-m+dp/hard/libg_nano.a(libc_a-errno.o)
 .debug_aranges
                0x00000f40       0x20 /usr/lib/gcc/arm-none-eabi/13.2.1/../../../arm-none-eabi/lib/thumb/v7e-m+dp/hard/libg_nano.a(libc_a-mallocr.o)
 .debug_aranges
                0x00000f60       0x20 /usr/lib/gcc/arm-none-eabi/13.2.1/../../../arm-none-eabi/lib/thumb/v7e-m+dp/hard/libg_nano.a(libc_a-freer.o)
 .debug_aranges
                0x00000f80       0x20 /usr/lib/gcc/arm-none-eabi/13.2.1/../../../arm-none-eabi/lib/thumb/v7e-m+dp/hard/libg_nano.a(libc_a-memmove.o)
 .debug_aranges
                0x00000fa0       0x20 /usr/lib/gcc/arm-none-eabi/13.2.1/../../../arm-none-eabi/lib/thumb/v7e-m+dp/hard/libg_nano.a(libc_a-memchr.o)
 .debug_aranges
                0x00000fc0       0x20 /usr/lib/gcc/arm-none-eabi/13.2.1/../../../arm-none-eabi/lib/thumb/v7e-m+dp/hard/libg_nano.a(libc_a-memcpy.o)
 .debug_aranges
                0x00000fe0       0x20 /usr/lib/gcc/arm-none-eabi/13.2.1/../../../arm-none-eabi/lib/thumb/v7e-m+dp/hard/libg_nano.a(libc_a-reallocr.o)
 .debug_aranges
                0x00001000       0x20 /usr/lib/gcc/arm-none-eabi/13.2.1/../../../arm-none-eabi/lib/thumb/v7e-m+dp/hard/libg_nano.a(libc_a-nano-vfprintf_i.o)
 .debug_aranges
                0x00001020       0x20 /usr/lib/gcc/arm-none-eabi/13.2.1/../../../arm-none-eabi/lib/thumb/v7e-m+dp/hard/libg_nano.a(libc_a-mlock.o)
 .debug_aranges
                0x00001040       0x20 /usr/lib/gcc/arm-none-eabi/13.2.1/../../../arm-none-eabi/lib/thumb/v7e-m+dp/hard/libg_nano.a(libc_a-snprintf.o)
 .debug_aranges
                0x00001060       0x20 /usr/lib/gcc/arm-none-eabi/13.2.1/../../../arm-none-eabi/lib/thumb/v7e-m+dp/hard/libg_nano.a(libc_a-sbrkr.o)
 .debug_aranges
                0x00001080       0x20 /usr/lib/gcc/arm-none-eabi/13.2.1/../../../arm-none-eabi/lib/thumb/v7e-m+dp/hard/libg_nano.a(libc_a-msizer.o)
 .debug_aranges
                0x000010a0       0x20 /usr/lib/gcc/arm-none-eabi/13.2.1/../../../arm-none-eabi/lib/thumb/v7e-m+dp/hard/libg_nano.a(libc_a-findfp.o)
 .debug_aranges
                0x000010c0       0x20 /usr/lib/gcc/arm-none-eabi/13.2.1/../../../arm-none-eabi/lib/thumb/v7e-m+dp/hard/libg_nano.a(libc_a-reent.o)

.debug_rnglists
                0x00000000      0xc43
 .debug_rnglists
                0x00000000       0x21 cmake/stm32cubemx/CMakeFiles/STM32_Drivers.dir/__/__/Core/Src/system_stm32h7xx.c.obj
 .debug_rnglists
                0x00000021       0xe0 cmake/stm32cubemx/CMakeFiles/STM32_Drivers.dir/__/__/Drivers/STM32H7xx_HAL_Driver/Src/stm32h7xx_hal_cortex.c.obj
 .debug_rnglists
                0x00000101       0x68 cmake/stm32cubemx/CMakeFiles/STM32_Drivers.dir/__/__/Drivers/STM32H7xx_HAL_Driver/Src/stm32h7xx_hal_rcc.c.obj
 .debug_rnglists
                0x00000169       0xc0 cmake/stm32cubemx/CMakeFiles/STM32_Drivers.dir/__/__/Drivers/STM32H7xx_HAL_Driver/Src/stm32h7xx_hal_rcc_ex.c.obj
 .debug_rnglists
                0x00000229       0x3f cmake/stm32cubemx/CMakeFiles/STM32_Drivers.dir/__/__/Drivers/STM32H7xx_HAL_Driver/Src/stm32h7xx_hal_gpio.c.obj
 .debug_rnglists
                0x00000268      0x103 cmake/stm32cubemx/CMakeFiles/STM32_Drivers.dir/__/__/Drivers/STM32H7xx_HAL_Driver/Src/stm32h7xx_hal_pwr_ex.c.obj
 .debug_rnglists
                0x0000036b      0x131 cmake/stm32cubemx/CMakeFiles/STM32_Drivers.dir/__/__/Drivers/STM32H7xx_HAL_Driver/Src/stm32h7xx_hal.c.obj
 .debug_rnglists
                0x0000049c      0x22a cmake/stm32cubemx/CMakeFiles/STM32_Drivers.dir/__/__/Drivers/STM32H7xx_HAL_Driver/Src/stm32h7xx_hal_i2c.c.obj
 .debug_rnglists
                0x000006c6       0x35 cmake/stm32cubemx/CMakeFiles/STM32_Drivers.dir/__/__/Drivers/STM32H7xx_HAL_Driver/Src/stm32h7xx_hal_i2c_ex.c.obj
 .debug_rnglists
                0x000006fb      0x148 cmake/stm32cubemx/CMakeFiles/STM32_Drivers.dir/__/__/Drivers/STM32H7xx_HAL_Driver/Src/stm32h7xx_hal_spi.c.obj
 .debug_rnglists
                0x00000843       0x27 CMakeFiles/firsth7.dir/Core/Src/main.c.obj
 .debug_rnglists
                0x0000086a       0x14 CMakeFiles/firsth7.dir/Core/Src/gpio.c.obj
 .debug_rnglists
                0x0000087e       0x21 CMakeFiles/firsth7.dir/Core/Src/i2c.c.obj
 .debug_rnglists
                0x0000089f       0x21 CMakeFiles/firsth7.dir/Core/Src/spi.c.obj
 .debug_rnglists
                0x000008c0       0x43 CMakeFiles/firsth7.dir/Core/Src/stm32h7xx_it.c.obj
 .debug_rnglists
                0x00000903       0x13 CMakeFiles/firsth7.dir/Core/Src/stm32h7xx_hal_msp.c.obj
 .debug_rnglists
                0x00000916       0x13 CMakeFiles/firsth7.dir/Core/Src/sysmem.c.obj
 .debug_rnglists
                0x00000929       0xa3 CMakeFiles/firsth7.dir/ui/ui.c.obj
 .debug_rnglists
                0x000009cc       0x20 CMakeFiles/firsth7.dir/BSP/LCD_ST7789/ft6336.c.obj
 .debug_rnglists
                0x000009ec       0x83 CMakeFiles/firsth7.dir/BSP/LCD_ST7789/lcd_core.c.obj
 .debug_rnglists
                0x00000a6f       0x4f CMakeFiles/firsth7.dir/BSP/LCD_ST7789/lcd_port.c.obj
 .debug_rnglists
                0x00000abe       0x19 CMakeFiles/firsth7.dir/startup_stm32h750xx.s.obj
 .debug_rnglists
                0x00000ad7       0x1c /usr/lib/gcc/arm-none-eabi/13.2.1/../../../arm-none-eabi/lib/thumb/v7e-m+dp/hard/libg_nano.a(libc_a-vsnprintf.o)
 .debug_rnglists
                0x00000af3       0x42 /usr/lib/gcc/arm-none-eabi/13.2.1/../../../arm-none-eabi/lib/thumb/v7e-m+dp/hard/libg_nano.a(libc_a-nano-svfprintf.o)
 .debug_rnglists
                0x00000b35       0x1e /usr/lib/gcc/arm-none-eabi/13.2.1/../../../arm-none-eabi/lib/thumb/v7e-m+dp/hard/libg_nano.a(libc_a-mallocr.o)
 .debug_rnglists
                0x00000b53       0x13 /usr/lib/gcc/arm-none-eabi/13.2.1/../../../arm-none-eabi/lib/thumb/v7e-m+dp/hard/libg_nano.a(libc_a-freer.o)
 .debug_rnglists
                0x00000b66       0x66 /usr/lib/gcc/arm-none-eabi/13.2.1/../../../arm-none-eabi/lib/thumb/v7e-m+dp/hard/libg_nano.a(libc_a-nano-vfprintf_i.o)
 .debug_rnglists
                0x00000bcc       0x77 /usr/lib/gcc/arm-none-eabi/13.2.1/../../../arm-none-eabi/lib/thumb/v7e-m+dp/hard/libg_nano.a(libc_a-findfp.o)

.debug_macro    0x00000000    0x376af
 .debug_macro   0x00000000      0x263 cmake/stm32cubemx/CMakeFiles/STM32_Drivers.dir/__/__/Core/Src/system_stm32h7xx.c.obj
 .debug_macro   0x00000263      0xaf6 cmake/stm32cubemx/CMakeFiles/STM32_Drivers.dir/__/__/Core/Src/system_stm32h7xx.c.obj
 .debug_macro   0x00000d59       0x2e cmake/stm32cubemx/CMakeFiles/STM32_Drivers.dir/__/__/Core/Src/system_stm32h7xx.c.obj
 .debug_macro   0x00000d87       0x3b cmake/stm32cubemx/CMakeFiles/STM32_Drivers.dir/__/__/Core/Src/system_stm32h7xx.c.obj
 .debug_macro   0x00000dc2      0x34e cmake/stm32cubemx/CMakeFiles/STM32_Drivers.dir/__/__/Core/Src/system_stm32h7xx.c.obj
 .debug_macro   0x00001110       0x1c cmake/stm32cubemx/CMakeFiles/STM32_Drivers.dir/__/__/Core/Src/system_stm32h7xx.c.obj
 .debug_macro   0x0000112c       0x22 cmake/stm32cubemx/CMakeFiles/STM32_Drivers.dir/__/__/Core/Src/system_stm32h7xx.c.obj
 .debug_macro   0x0000114e       0xfb cmake/stm32cubemx/CMakeFiles/STM32_Drivers.dir/__/__/Core/Src/system_stm32h7xx.c.obj
 .debug_macro   0x00001249     0x1305 cmake/stm32cubemx/CMakeFiles/STM32_Drivers.dir/__/__/Core/Src/system_stm32h7xx.c.obj
 .debug_macro   0x0000254e      0x11f cmake/stm32cubemx/CMakeFiles/STM32_Drivers.dir/__/__/Core/Src/system_stm32h7xx.c.obj
 .debug_macro   0x0000266d       0x27 cmake/stm32cubemx/CMakeFiles/STM32_Drivers.dir/__/__/Core/Src/system_stm32h7xx.c.obj
 .debug_macro   0x00002694    0x26197 cmake/stm32cubemx/CMakeFiles/STM32_Drivers.dir/__/__/Core/Src/system_stm32h7xx.c.obj
 .debug_macro   0x0002882b       0x6d cmake/stm32cubemx/CMakeFiles/STM32_Drivers.dir/__/__/Core/Src/system_stm32h7xx.c.obj
 .debug_macro   0x00028898      0x232 cmake/stm32cubemx/CMakeFiles/STM32_Drivers.dir/__/__/Core/Src/system_stm32h7xx.c.obj
 .debug_macro   0x00028aca     0x3d79 cmake/stm32cubemx/CMakeFiles/STM32_Drivers.dir/__/__/Core/Src/system_stm32h7xx.c.obj
 .debug_macro   0x0002c843      0x190 cmake/stm32cubemx/CMakeFiles/STM32_Drivers.dir/__/__/Core/Src/system_stm32h7xx.c.obj
 .debug_macro   0x0002c9d3       0x22 cmake/stm32cubemx/CMakeFiles/STM32_Drivers.dir/__/__/Core/Src/system_stm32h7xx.c.obj
 .debug_macro   0x0002c9f5       0x60 cmake/stm32cubemx/CMakeFiles/STM32_Drivers.dir/__/__/Core/Src/system_stm32h7xx.c.obj
 .debug_macro   0x0002ca55       0x29 cmake/stm32cubemx/CMakeFiles/STM32_Drivers.dir/__/__/Core/Src/system_stm32h7xx.c.obj
 .debug_macro   0x0002ca7e       0x94 cmake/stm32cubemx/CMakeFiles/STM32_Drivers.dir/__/__/Core/Src/system_stm32h7xx.c.obj
 .debug_macro   0x0002cb12       0x3c cmake/stm32cubemx/CMakeFiles/STM32_Drivers.dir/__/__/Core/Src/system_stm32h7xx.c.obj
 .debug_macro   0x0002cb4e       0x34 cmake/stm32cubemx/CMakeFiles/STM32_Drivers.dir/__/__/Core/Src/system_stm32h7xx.c.obj
 .debug_macro   0x0002cb82       0x57 cmake/stm32cubemx/CMakeFiles/STM32_Drivers.dir/__/__/Core/Src/system_stm32h7xx.c.obj
 .debug_macro   0x0002cbd9      0x370 cmake/stm32cubemx/CMakeFiles/STM32_Drivers.dir/__/__/Core/Src/system_stm32h7xx.c.obj
 .debug_macro   0x0002cf49       0x16 cmake/stm32cubemx/CMakeFiles/STM32_Drivers.dir/__/__/Core/Src/system_stm32h7xx.c.obj
 .debug_macro   0x0002cf5f       0x4a cmake/stm32cubemx/CMakeFiles/STM32_Drivers.dir/__/__/Core/Src/system_stm32h7xx.c.obj
 .debug_macro   0x0002cfa9       0x34 cmake/stm32cubemx/CMakeFiles/STM32_Drivers.dir/__/__/Core/Src/system_stm32h7xx.c.obj
 .debug_macro   0x0002cfdd       0x10 cmake/stm32cubemx/CMakeFiles/STM32_Drivers.dir/__/__/Core/Src/system_stm32h7xx.c.obj
 .debug_macro   0x0002cfed       0x52 cmake/stm32cubemx/CMakeFiles/STM32_Drivers.dir/__/__/Core/Src/system_stm32h7xx.c.obj
 .debug_macro   0x0002d03f      0x1de cmake/stm32cubemx/CMakeFiles/STM32_Drivers.dir/__/__/Core/Src/system_stm32h7xx.c.obj
 .debug_macro   0x0002d21d      0x19b cmake/stm32cubemx/CMakeFiles/STM32_Drivers.dir/__/__/Core/Src/system_stm32h7xx.c.obj
 .debug_macro   0x0002d3b8       0x5d cmake/stm32cubemx/CMakeFiles/STM32_Drivers.dir/__/__/Core/Src/system_stm32h7xx.c.obj
 .debug_macro   0x0002d415     0x240e cmake/stm32cubemx/CMakeFiles/STM32_Drivers.dir/__/__/Core/Src/system_stm32h7xx.c.obj
 .debug_macro   0x0002f823     0x102c cmake/stm32cubemx/CMakeFiles/STM32_Drivers.dir/__/__/Core/Src/system_stm32h7xx.c.obj
 .debug_macro   0x0003084f      0x154 cmake/stm32cubemx/CMakeFiles/STM32_Drivers.dir/__/__/Core/Src/system_stm32h7xx.c.obj
 .debug_macro   0x000309a3      0x114 cmake/stm32cubemx/CMakeFiles/STM32_Drivers.dir/__/__/Core/Src/system_stm32h7xx.c.obj
 .debug_macro   0x00030ab7      0x3b6 cmake/stm32cubemx/CMakeFiles/STM32_Drivers.dir/__/__/Core/Src/system_stm32h7xx.c.obj
 .debug_macro   0x00030e6d       0xac cmake/stm32cubemx/CMakeFiles/STM32_Drivers.dir/__/__/Core/Src/system_stm32h7xx.c.obj
 .debug_macro   0x00030f19      0x72d cmake/stm32cubemx/CMakeFiles/STM32_Drivers.dir/__/__/Core/Src/system_stm32h7xx.c.obj
 .debug_macro   0x00031646      0x228 cmake/stm32cubemx/CMakeFiles/STM32_Drivers.dir/__/__/Core/Src/system_stm32h7xx.c.obj
 .debug_macro   0x0003186e       0x66 cmake/stm32cubemx/CMakeFiles/STM32_Drivers.dir/__/__/Core/Src/system_stm32h7xx.c.obj
 .debug_macro   0x000318d4      0x3bb cmake/stm32cubemx/CMakeFiles/STM32_Drivers.dir/__/__/Core/Src/system_stm32h7xx.c.obj
 .debug_macro   0x00031c8f      0x3e4 cmake/stm32cubemx/CMakeFiles/STM32_Drivers.dir/__/__/Core/Src/system_stm32h7xx.c.obj
 .debug_macro   0x00032073      0x275 cmake/stm32cubemx/CMakeFiles/STM32_Drivers.dir/__/__/Core/Src/system_stm32h7xx.c.obj
 .debug_macro   0x000322e8      0x3ca cmake/stm32cubemx/CMakeFiles/STM32_Drivers.dir/__/__/Core/Src/system_stm32h7xx.c.obj
 .debug_macro   0x000326b2      0x3de cmake/stm32cubemx/CMakeFiles/STM32_Drivers.dir/__/__/Core/Src/system_stm32h7xx.c.obj
 .debug_macro   0x00032a90       0x3c cmake/stm32cubemx/CMakeFiles/STM32_Drivers.dir/__/__/Core/Src/system_stm32h7xx.c.obj
 .debug_macro   0x00032acc       0x4a cmake/stm32cubemx/CMakeFiles/STM32_Drivers.dir/__/__/Core/Src/system_stm32h7xx.c.obj
 .debug_macro   0x00032b16      0x22c cmake/stm32cubemx/CMakeFiles/STM32_Drivers.dir/__/__/Core/Src/system_stm32h7xx.c.obj
 .debug_macro   0x00032d42       0x67 cmake/stm32cubemx/CMakeFiles/STM32_Drivers.dir/__/__/Core/Src/system_stm32h7xx.c.obj
 .debug_macro   0x00032da9       0xa5 cmake/stm32cubemx/CMakeFiles/STM32_Drivers.dir/__/__/Core/Src/system_stm32h7xx.c.obj
 .debug_macro   0x00032e4e      0x1c4 cmake/stm32cubemx/CMakeFiles/STM32_Drivers.dir/__/__/Core/Src/system_stm32h7xx.c.obj
 .debug_macro   0x00033012      0x25e cmake/stm32cubemx/CMakeFiles/STM32_Drivers.dir/__/__/Core/Src/system_stm32h7xx.c.obj
 .debug_macro   0x00033270       0x35 cmake/stm32cubemx/CMakeFiles/STM32_Drivers.dir/__/__/Core/Src/system_stm32h7xx.c.obj
 .debug_macro   0x000332a5      0x5e4 cmake/stm32cubemx/CMakeFiles/STM32_Drivers.dir/__/__/Core/Src/system_stm32h7xx.c.obj
 .debug_macro   0x00033889       0xc1 cmake/stm32cubemx/CMakeFiles/STM32_Drivers.dir/__/__/Core/Src/system_stm32h7xx.c.obj
 .debug_macro   0x0003394a      0x5ac cmake/stm32cubemx/CMakeFiles/STM32_Drivers.dir/__/__/Core/Src/system_stm32h7xx.c.obj
 .debug_macro   0x00033ef6      0x263 cmake/stm32cubemx/CMakeFiles/STM32_Drivers.dir/__/__/Drivers/STM32H7xx_HAL_Driver/Src/stm32h7xx_hal_cortex.c.obj
 .debug_macro   0x00034159      0x287 cmake/stm32cubemx/CMakeFiles/STM32_Drivers.dir/__/__/Drivers/STM32H7xx_HAL_Driver/Src/stm32h7xx_hal_rcc.c.obj
 .debug_macro   0x000343e0      0x281 cmake/stm32cubemx/CMakeFiles/STM32_Drivers.dir/__/__/Drivers/STM32H7xx_HAL_Driver/Src/stm32h7xx_hal_rcc_ex.c.obj
 .debug_macro   0x00034661      0x26a cmake/stm32cubemx/CMakeFiles/STM32_Drivers.dir/__/__/Drivers/STM32H7xx_HAL_Driver/Src/stm32h7xx_hal_gpio.c.obj
 .debug_macro   0x000348cb      0x29c cmake/stm32cubemx/CMakeFiles/STM32_Drivers.dir/__/__/Drivers/STM32H7xx_HAL_Driver/Src/stm32h7xx_hal_pwr_ex.c.obj